Component: ARM Compiler 5.06 update 7 (build 960) Tool: armlink [4d3601]

==============================================================================

Section Cross References

    main.o(.text) refers to rtx_kernel.o(.text) for osKernelGetState
    main.o(.text) refers to stm32f4xx_hal_rtc.o(.text) for HAL_RTC_GetTime
    main.o(.text) refers to printfa.o(i.__0sprintf) for __2sprintf
    main.o(.text) refers to lcd_1.o(.text) for LCD_write_line
    main.o(.text) refers to stm32f4xx_nucleo_144.o(.text) for BSP_LED_On
    main.o(.text) refers to stm32f4xx_hal_rtc_ex.o(.text) for HAL_RTCEx_BKUPWrite
    main.o(.text) refers to stm32f4xx_hal_rcc.o(.text) for HAL_RCC_OscConfig
    main.o(.text) refers to stm32f4xx_hal.o(.text) for HAL_GetREVID
    main.o(.text) refers to system_stm32f4xx_1.o(.text) for SystemCoreClockUpdate
    main.o(.text) refers to rtx_thread.o(.text) for osThreadNew
    main.o(.text) refers to system_stm32f4xx_1.o(.data) for SystemCoreClock
    main.o(.text) refers to main.o(.data) for .data
    main.o(.text) refers to main.o(.bss) for .bss
    main.o(.text) refers to http_server.o(.constdata) for app_main_attr
    main.o(.text) refers to http_server.o(.text) for app_main
    http_server.o(.text) refers to adc.o(.text) for ADC_StartConversion
    http_server.o(.text) refers to rtx_thread.o(.text) for osThreadFlagsSet
    http_server.o(.text) refers to lcd_1.o(.text) for startLCD
    http_server.o(.text) refers to printfa.o(i.__0sprintf) for __2sprintf
    http_server.o(.text) refers to led_nucleo_f429zi.o(.text) for LED_SetOut
    http_server.o(.text) refers to rtx_delay.o(.text) for osDelay
    http_server.o(.text) refers to net_sys.o(i.netInitialize) for netInitialize
    http_server.o(.text) refers to http_server.o(.data) for .data
    http_server.o(.text) refers to http_server.o(.bss) for .bss
    http_server.o(.constdata) refers to http_server.o(.bss) for app_main_stk
    http_server_cgi.o(.text) refers to net_http_server.o(i.netCGI_GetEnvVar) for netCGI_GetEnvVar
    http_server_cgi.o(.text) refers to net_addr.o(i.netIP_aton) for netIP_aton
    http_server_cgi.o(.text) refers to net_sys.o(i.netIF_SetOption) for netIF_SetOption
    http_server_cgi.o(.text) refers to strcmp.o(.text) for strcmp
    http_server_cgi.o(.text) refers to strncmp.o(.text) for strncmp
    http_server_cgi.o(.text) refers to led_nucleo_f429zi.o(.text) for LED_SetOut
    http_server_cgi.o(.text) refers to net_http_server.o(i.netHTTPs_LoginActive) for netHTTPs_LoginActive
    http_server_cgi.o(.text) refers to strcpy.o(.text) for strcpy
    http_server_cgi.o(.text) refers to net_http_server.o(i.netHTTPs_SetPassword) for netHTTPs_SetPassword
    http_server_cgi.o(.text) refers to rtx_thread.o(.text) for osThreadFlagsSet
    http_server_cgi.o(.text) refers to net_sys.o(i.netIF_GetOption) for netIF_GetOption
    http_server_cgi.o(.text) refers to net_addr.o(i.netIP_ntoa) for netIP_ntoa
    http_server_cgi.o(.text) refers to printfa.o(i.__0sprintf) for __2sprintf
    http_server_cgi.o(.text) refers to net_tcp.o(i.netTCP_GetState) for netTCP_GetState
    http_server_cgi.o(.text) refers to net_tcp.o(i.netTCP_GetPeer) for netTCP_GetPeer
    http_server_cgi.o(.text) refers to net_tcp.o(i.netTCP_GetTimer) for netTCP_GetTimer
    http_server_cgi.o(.text) refers to net_tcp.o(i.netTCP_GetLocalPort) for netTCP_GetLocalPort
    http_server_cgi.o(.text) refers to net_http_server.o(i.netHTTPs_GetPassword) for netHTTPs_GetPassword
    http_server_cgi.o(.text) refers to http_server_cgi.o(.bss) for .bss
    http_server_cgi.o(.text) refers to http_server_cgi.o(.data) for .data
    http_server_cgi.o(.text) refers to http_server.o(.data) for LEDrun
    http_server_cgi.o(.text) refers to http_server_cgi.o(.conststring) for .conststring
    http_server_cgi.o(.text) refers to net_http_server.o(i.netHTTPs_GetLanguage) for netHTTPs_GetLanguage
    http_server_cgi.o(.text) refers to http_server.o(.text) for AD_in
    http_server_cgi.o(.text) refers to ffltui.o(.text) for __aeabi_ui2f
    http_server_cgi.o(.text) refers to fmul.o(.text) for __aeabi_fmul
    http_server_cgi.o(.text) refers to f2d.o(.text) for __aeabi_f2d
    http_server_cgi.o(.text) refers to dscalb.o(.text) for __ARM_scalbn
    web.o(.text) refers to web.o(.constdata) for .constdata
    web.o(.constdata) refers to web.o(.constdata) for imageFileData
    stm32f4xx_nucleo_144.o(.text) refers to stm32f4xx_hal_gpio.o(.text) for HAL_GPIO_Init
    stm32f4xx_nucleo_144.o(.text) refers to stm32f4xx_hal_cortex.o(.text) for HAL_NVIC_SetPriority
    stm32f4xx_nucleo_144.o(.text) refers to stm32f4xx_hal_spi.o(.text) for HAL_SPI_GetState
    stm32f4xx_nucleo_144.o(.text) refers to stm32f4xx_nucleo_144.o(.constdata) for .constdata
    stm32f4xx_nucleo_144.o(.text) refers to stm32f4xx_nucleo_144.o(.data) for .data
    stm32f4xx_nucleo_144.o(.text) refers to stm32f4xx_nucleo_144.o(.bss) for .bss
    stm32f4xx_nucleo_144.o(.text) refers to stm32f4xx_hal.o(.text) for HAL_Delay
[...]
    __aeabi_uidiv                            0x08011497   Thumb Code     0  uidiv.o(.text)
    __aeabi_uidivmod                         0x08011497   Thumb Code    44  uidiv.o(.text)
    __aeabi_llsl                             0x080114c3   Thumb Code    30  llshl.o(.text)
    _ll_shift_l                              0x080114c3   Thumb Code     0  llshl.o(.text)
    __aeabi_llsr                             0x080114e1   Thumb Code    32  llushr.o(.text)
    _ll_ushift_r                             0x080114e1   Thumb Code     0  llushr.o(.text)
    __I$use$fp                               0x08011501   Thumb Code     0  iusefp.o(.text)
    _float_round                             0x08011501   Thumb Code    18  fepilogue.o(.text)
    _float_epilogue                          0x08011513   Thumb Code    92  fepilogue.o(.text)
    __aeabi_dadd                             0x0801156f   Thumb Code   322  dadd.o(.text)
    __aeabi_dsub                             0x080116b1   Thumb Code     6  dadd.o(.text)
    __aeabi_drsub                            0x080116b7   Thumb Code     6  dadd.o(.text)
    __aeabi_dmul                             0x080116bd   Thumb Code   228  dmul.o(.text)
    __aeabi_ddiv                             0x080117a1   Thumb Code   222  ddiv.o(.text)
    __aeabi_d2ulz                            0x0801187f   Thumb Code    48  dfixul.o(.text)
    __aeabi_cdrcmple                         0x080118b1   Thumb Code    48  cdrcmple.o(.text)
    __scatterload                            0x080118e1   Thumb Code    28  init.o(.text)
    __scatterload_rt2                        0x080118e1   Thumb Code     0  init.o(.text)
    __aeabi_lasr                             0x08011905   Thumb Code    36  llsshr.o(.text)
    _ll_sshift_r                             0x08011905   Thumb Code     0  llsshr.o(.text)
    _double_round                            0x08011929   Thumb Code    30  depilogue.o(.text)
    _double_epilogue                         0x08011947   Thumb Code   156  depilogue.o(.text)
    __decompress                             0x080119e3   Thumb Code     0  __dczerorl2.o(.text)
    __decompress1                            0x080119e3   Thumb Code    86  __dczerorl2.o(.text)
    __0sprintf                               0x08011a39   Thumb Code    34  printfa.o(i.__0sprintf)
    __1sprintf                               0x08011a39   Thumb Code     0  printfa.o(i.__0sprintf)
    __2sprintf                               0x08011a39   Thumb Code     0  printfa.o(i.__0sprintf)
    __c89sprintf                             0x08011a39   Thumb Code     0  printfa.o(i.__0sprintf)
    sprintf                                  0x08011a39   Thumb Code     0  printfa.o(i.__0sprintf)
    __scatterload_copy                       0x08011a61   Thumb Code    14  handlers.o(i.__scatterload_copy)
    __scatterload_null                       0x08011a6f   Thumb Code     2  handlers.o(i.__scatterload_null)
    __scatterload_zeroinit                   0x08011a71   Thumb Code    14  handlers.o(i.__scatterload_zeroinit)
    netCGI_Charset                           0x08014f75   Thumb Code     4  net_http_server.o(i.netCGI_Charset)
    netCGI_ContentType                       0x08014f79   Thumb Code     4  net_http_server.o(i.netCGI_ContentType)
    netCGI_CustomHeader                      0x08014f7d   Thumb Code     4  net_http_server.o(i.netCGI_CustomHeader)
    netCGI_GetEnvVar                         0x08014f81   Thumb Code   104  net_http_server.o(i.netCGI_GetEnvVar)
    netCGI_Redirect                          0x08014fed   Thumb Code     4  net_http_server.o(i.netCGI_Redirect)
    netCGX_ContentType                       0x08014ff1   Thumb Code     4  net_http_server.o(i.netCGX_ContentType)
    netCore_Thread                           0x08014ff5   Thumb Code    90  net_sys.o(i.netCore_Thread)
    netETH_Notify                            0x08015059   Thumb Code     2  net_eth.o(i.netETH_Notify)
    netETH_ReceiveRaw                        0x0801505b   Thumb Code     2  net_eth.o(i.netETH_ReceiveRaw)
    netETH_Thread                            0x0801505d   Thumb Code   114  net_eth.o(i.netETH_Thread)
    netHTTPs_AcceptClient                    0x080150cf   Thumb Code     4  net_http_server.o(i.netHTTPs_AcceptClient)
    netHTTPs_FileAccess                      0x080150d3   Thumb Code     4  net_http_server.o(i.netHTTPs_FileAccess)
    netHTTPs_GetLanguage                     0x080150d9   Thumb Code    24  net_http_server.o(i.netHTTPs_GetLanguage)
    netHTTPs_GetPassword                     0x080150f9   Thumb Code     6  net_http_server.o(i.netHTTPs_GetPassword)
    netHTTPs_LoginActive                     0x08015105   Thumb Code     6  net_http_server.o(i.netHTTPs_LoginActive)
    netHTTPs_SetPassword                     0x08015111   Thumb Code    78  net_http_server.o(i.netHTTPs_SetPassword)
    netIF_GetOption                          0x08015169   Thumb Code   128  net_sys.o(i.netIF_GetOption)
    netIF_SetOption                          0x080151f1   Thumb Code   124  net_sys.o(i.netIF_SetOption)
    netIP_aton                               0x08015275   Thumb Code    26  net_addr.o(i.netIP_aton)
    netIP_ntoa                               0x0801528f   Thumb Code    50  net_addr.o(i.netIP_ntoa)
    netInitialize                            0x080152c1   Thumb Code   156  net_sys.o(i.netInitialize)
    netMAC_aton                              0x0801536d   Thumb Code   140  net_addr.o(i.netMAC_aton)
    netTCP_GetLocalPort                      0x080153f9   Thumb Code     4  net_tcp.o(i.netTCP_GetLocalPort)
    netTCP_GetPeer                           0x080153fd   Thumb Code    32  net_tcp.o(i.netTCP_GetPeer)
    netTCP_GetState                          0x0801541d   Thumb Code     4  net_tcp.o(i.netTCP_GetState)
    netTCP_GetTimer                          0x08015421   Thumb Code     4  net_tcp.o(i.netTCP_GetTimer)
    net_addr4_aton                           0x08015425   Thumb Code   124  net_addr.o(i.net_addr4_aton)
    net_addr4_to_mac                         0x080154a1   Thumb Code    30  net_addr.o(i.net_addr4_to_mac)
    net_addr6_aton                           0x080154c1   Thumb Code   230  net_addr.o(i.net_addr6_aton)
    net_addr6_comp                           0x080155a7   Thumb Code    40  net_addr.o(i.net_addr6_comp)
    net_addr6_copy                           0x080155cf   Thumb Code    18  net_addr.o(i.net_addr6_copy)
    net_addr6_create                         0x080155e1   Thumb Code    70  net_addr.o(i.net_addr6_create)
    net_addr6_get_solicited                  0x0801562d   Thumb Code    34  net_addr.o(i.net_addr6_get_solicited)
    net_addr6_is_linklocal                   0x08015655   Thumb Code    24  net_addr.o(i.net_addr6_is_linklocal)
    net_addr6_is_onlink                      0x0801566d   Thumb Code   110  net_addr.o(i.net_addr6_is_onlink)
    net_addr6_is_solicited                   0x080156db   Thumb Code    72  net_addr.o(i.net_addr6_is_solicited)
    net_addr6_is_unspec                      0x08015723   Thumb Code    24  net_addr.o(i.net_addr6_is_unspec)
    net_addr6_to_mac                         0x0801573b   Thumb Code    14  net_addr.o(i.net_addr6_to_mac)
    net_addr_comp                            0x08015749   Thumb Code    44  net_addr.o(i.net_addr_comp)
    net_addr_copy                            0x08015775   Thumb Code    38  net_addr.o(i.net_addr_copy)
    net_addr_find_route                      0x0801579b   Thumb Code    26  net_addr.o(i.net_addr_find_route)
    net_addr_get_local                       0x080157b5   Thumb Code    26  net_addr.o(i.net_addr_get_local)
    net_addr_is_unspec                       0x080157d5   Thumb Code    34  net_addr.o(i.net_addr_is_unspec)
    net_arp_cache_add                        0x080157f9   Thumb Code   276  net_arp.o(i.net_arp_cache_add)
    net_arp_cache_early                      0x08015915   Thumb Code   180  net_arp.o(i.net_arp_cache_early)
    net_arp_cache_find                       0x080159d1   Thumb Code   224  net_arp.o(i.net_arp_cache_find)
    net_arp_cache_init                       0x08015abd   Thumb Code    64  net_arp.o(i.net_arp_cache_init)
    net_arp_cache_run                        0x08015b05   Thumb Code    22  net_arp.o(i.net_arp_cache_run)
    net_arp_enqueue                          0x08015b21   Thumb Code   114  net_arp.o(i.net_arp_enqueue)
    net_arp_notify                           0x08015b99   Thumb Code    32  net_arp.o(i.net_arp_notify)
    net_arp_process                          0x08015bb9   Thumb Code   536  net_arp.o(i.net_arp_process)
    net_atoi                                 0x08015ddd   Thumb Code    66  net_common.o(i.net_atoi)
    net_chksum_buf                           0x08015e1f   Thumb Code    48  net_common.o(i.net_chksum_buf)
    net_crc_buf                              0x08015e4f   Thumb Code    30  net_common.o(i.net_crc_buf)
    net_eth_callback                         0x08015e6d   Thumb Code    14  net_eth.o(i.net_eth_callback)
    net_eth_config_mcast                     0x08015e7b   Thumb Code   104  net_eth.o(i.net_eth_config_mcast)
    net_eth_get_option                       0x08015ee3   Thumb Code   234  net_eth.o(i.net_eth_get_option)
    net_eth_iface_init                       0x08015fcd   Thumb Code    22  net_eth.o(i.net_eth_iface_init)
    net_eth_iface_run                        0x08015fe9   Thumb Code    22  net_eth.o(i.net_eth_iface_run)
    net_eth_output                           0x08016005   Thumb Code   164  net_eth.o(i.net_eth_output)
    net_eth_send_frame                       0x080160ad   Thumb Code   462  net_eth.o(i.net_eth_send_frame)
    net_eth_set_option                       0x0801628d   Thumb Code   610  net_eth.o(i.net_eth_set_option)
    net_http_server_init                     0x080164fd   Thumb Code   212  net_http_server.o(i.net_http_server_init)
    net_http_server_run                      0x080165e5   Thumb Code    30  net_http_server.o(i.net_http_server_run)
    net_icmp6_init                           0x0801660d   Thumb Code    20  net_icmp6.o(i.net_icmp6_init)
    net_icmp6_process                        0x08016625   Thumb Code   542  net_icmp6.o(i.net_icmp6_process)
    net_icmp6_send                           0x0801685d   Thumb Code   122  net_icmp6.o(i.net_icmp6_send)
    net_icmp6_send_echo                      0x080168e1   Thumb Code    78  net_icmp6.o(i.net_icmp6_send_echo)
    net_icmp_init                            0x08016939   Thumb Code    20  net_icmp.o(i.net_icmp_init)
    net_icmp_process                         0x08016951   Thumb Code   430  net_icmp.o(i.net_icmp_process)
    net_icmp_send_echo                       0x08016b19   Thumb Code   142  net_icmp.o(i.net_icmp_send_echo)
    net_if_map_all                           0x08016bb9   Thumb Code     6  net_sys.o(i.net_if_map_all)
    net_ip4_chk_frame                        0x08016bc5   Thumb Code   372  net_ip4.o(i.net_ip4_chk_frame)
    net_ip4_chksum                           0x08016d51   Thumb Code    44  net_ip4.o(i.net_ip4_chksum)
    net_ip4_chksum_buf                       0x08016d7d   Thumb Code     6  net_ip4.o(i.net_ip4_chksum_buf)
    net_ip4_find_route                       0x08016d85   Thumb Code   104  net_ip4.o(i.net_ip4_find_route)
    net_ip4_frag_add                         0x08016e05   Thumb Code   284  net_ip4_frag.o(i.net_ip4_frag_add)
    net_ip4_frag_get                         0x08016f29   Thumb Code   168  net_ip4_frag.o(i.net_ip4_frag_get)
    net_ip4_frag_init                        0x08016fd5   Thumb Code    12  net_ip4_frag.o(i.net_ip4_frag_init)
    net_ip4_frag_run                         0x08016fe5   Thumb Code    50  net_ip4_frag.o(i.net_ip4_frag_run)
    net_ip4_get_local                        0x08017021   Thumb Code    40  net_ip4.o(i.net_ip4_get_local)
    net_ip4_init                             0x0801704d   Thumb Code    22  net_ip4.o(i.net_ip4_init)
    net_ip4_is_onlink                        0x08017071   Thumb Code    32  net_ip4.o(i.net_ip4_is_onlink)
    net_ip4_is_subcast                       0x08017091   Thumb Code    38  net_ip4.o(i.net_ip4_is_subcast)
    net_ip4_reass_frame                      0x080170b7   Thumb Code    14  net_ip4.o(i.net_ip4_reass_frame)
    net_ip4_send_frame                       0x080170c5   Thumb Code   340  net_ip4.o(i.net_ip4_send_frame)
    net_ip4_tx_offl_hl                       0x08017229   Thumb Code    42  net_ip4.o(i.net_ip4_tx_offl_hl)
    net_ip6_chk_frame                        0x08017255   Thumb Code   236  net_ip6.o(i.net_ip6_chk_frame)
    net_ip6_chksum                           0x08017355   Thumb Code    50  net_ip6.o(i.net_ip6_chksum)
    net_ip6_collect_mcast                    0x08017389   Thumb Code   118  net_ip6.o(i.net_ip6_collect_mcast)
    net_ip6_find_route                       0x08017405   Thumb Code    56  net_ip6.o(i.net_ip6_find_route)
    net_ip6_get_local                        0x0801744d   Thumb Code    74  net_ip6.o(i.net_ip6_get_local)
    net_ip6_init                             0x080174a1   Thumb Code    20  net_ip6.o(i.net_ip6_init)
    net_ip6_send_frame                       0x080174bd   Thumb Code   192  net_ip6.o(i.net_ip6_send_frame)
    net_ip6_tx_offl_hl                       0x08017589   Thumb Code    30  net_ip6.o(i.net_ip6_tx_offl_hl)
    net_itoa                                 0x080175a7   Thumb Code     8  net_common.o(i.net_itoa)
    net_itoa_n0                              0x080175af   Thumb Code     6  net_common.o(i.net_itoa_n0)
    net_loop_iface_init                      0x080175b5   Thumb Code    40  net_loopback.o(i.net_loop_iface_init)
    net_loop_iface_run                       0x080175e5   Thumb Code   176  net_loopback.o(i.net_loop_iface_run)
    net_loop_send_frame                      0x080176a1   Thumb Code   104  net_loopback.o(i.net_loop_send_frame)
    net_mem_alloc                            0x08017711   Thumb Code   178  net_mem.o(i.net_mem_alloc)
    net_mem_avail                            0x080177d1   Thumb Code    22  net_mem.o(i.net_mem_avail)
    net_mem_free                             0x080177ed   Thumb Code   152  net_mem.o(i.net_mem_free)
    net_mem_init                             0x08017891   Thumb Code    98  net_mem.o(i.net_mem_init)
    net_mem_shrink                           0x08017901   Thumb Code    62  net_mem.o(i.net_mem_shrink)
    net_nbns_client_init                     0x08017949   Thumb Code    82  net_nbns_client.o(i.net_nbns_client_init)
    net_ndp_cache_find                       0x080179ad   Thumb Code   438  net_ndp.o(i.net_ndp_cache_find)
    net_ndp_cache_refresh                    0x08017b71   Thumb Code   112  net_ndp.o(i.net_ndp_cache_refresh)
    net_ndp_enqueue                          0x08017be9   Thumb Code   108  net_ndp.o(i.net_ndp_enqueue)
    net_ndp_process                          0x08017c59   Thumb Code   872  net_ndp.o(i.net_ndp_process)
    net_path                                 0x08017fcd   Thumb Code    52  net_sys.o(i.net_path)
    net_ping_client_init                     0x08018005   Thumb Code    22  net_ping_core.o(i.net_ping_client_init)
    net_ping_client_run                      0x08018025   Thumb Code   110  net_ping_core.o(i.net_ping_client_run)
    net_rand32                               0x080180a5   Thumb Code    18  net_sys.o(i.net_rand32)
    net_sntp_client_init                     0x080180c1   Thumb Code    80  net_sntp_client_core.o(i.net_sntp_client_init)
    net_sntp_client_run                      0x0801811d   Thumb Code    76  net_sntp_client_core.o(i.net_sntp_client_run)
    net_strcasecmp                           0x08018175   Thumb Code    46  net_common.o(i.net_strcasecmp)
    net_strcmp                               0x080181a3   Thumb Code    26  net_common.o(i.net_strcmp)
    net_strcpy                               0x080181bd   Thumb Code    18  net_common.o(i.net_strcpy)
    net_strnchr                              0x080181cf   Thumb Code    28  net_common.o(i.net_strnchr)
    net_strncpy                              0x080181eb   Thumb Code    26  net_common.o(i.net_strncpy)
    net_strtoupper                           0x08018205   Thumb Code    32  net_common.o(i.net_strtoupper)
    net_sys_lock                             0x08018225   Thumb Code     8  net_sys.o(i.net_sys_lock)
    net_sys_resume                           0x08018231   Thumb Code    22  net_sys.o(i.net_sys_resume)
    net_sys_tick                             0x08018249   Thumb Code    16  net_sys.o(i.net_sys_tick)
    net_sys_unlock                           0x0801825d   Thumb Code     8  net_sys.o(i.net_sys_unlock)
    net_sys_wakeup                           0x08018269   Thumb Code    26  net_sys.o(i.net_sys_wakeup)
    net_tcp_abort                            0x08018289   Thumb Code   122  net_tcp.o(i.net_tcp_abort)
    net_tcp_close                            0x0801830d   Thumb Code   218  net_tcp.o(i.net_tcp_close)
    net_tcp_get_buf                          0x080183f1   Thumb Code    46  net_tcp.o(i.net_tcp_get_buf)
    net_tcp_get_local_port                   0x08018421   Thumb Code    48  net_tcp.o(i.net_tcp_get_local_port)
    net_tcp_get_mss                          0x08018455   Thumb Code    34  net_tcp.o(i.net_tcp_get_mss)
    net_tcp_get_peer                         0x0801847d   Thumb Code    80  net_tcp.o(i.net_tcp_get_peer)
    net_tcp_get_socket                       0x080184d1   Thumb Code   104  net_tcp.o(i.net_tcp_get_socket)
    net_tcp_get_state                        0x08018541   Thumb Code    40  net_tcp.o(i.net_tcp_get_state)
    net_tcp_get_timer                        0x0801856d   Thumb Code    48  net_tcp.o(i.net_tcp_get_timer)
    net_tcp_listen                           0x080185a1   Thumb Code   168  net_tcp.o(i.net_tcp_listen)
    net_tcp_process                          0x08018651   Thumb Code  1956  net_tcp.o(i.net_tcp_process)
    net_tcp_send                             0x08018df9   Thumb Code   336  net_tcp.o(i.net_tcp_send)
    net_tcp_set_option                       0x08018f55   Thumb Code   288  net_tcp.o(i.net_tcp_set_option)
    net_tcp_socket_init                      0x08019081   Thumb Code    30  net_tcp.o(i.net_tcp_socket_init)
    net_tcp_socket_run                       0x080190a9   Thumb Code   938  net_tcp.o(i.net_tcp_socket_run)
    net_udp_close                            0x08019469   Thumb Code    62  net_udp.o(i.net_udp_close)
    net_udp_get_buf                          0x080194b1   Thumb Code    46  net_udp.o(i.net_udp_get_buf)
    net_udp_get_socket                       0x080194e1   Thumb Code   102  net_udp.o(i.net_udp_get_socket)
    net_udp_open                             0x08019551   Thumb Code   160  net_udp.o(i.net_udp_open)
    net_udp_process                          0x080195fd   Thumb Code   322  net_udp.o(i.net_udp_process)
    net_udp_send                             0x08019755   Thumb Code    18  net_udp.o(i.net_udp_send)
    net_udp_send_if                          0x08019769   Thumb Code   540  net_udp.o(i.net_udp_send_if)
    net_udp_socket_init                      0x08019995   Thumb Code    30  net_udp.o(i.net_udp_socket_init)
    net_ultoa                                0x080199b9   Thumb Code     8  net_common.o(i.net_ultoa)
    net_ultox                                0x080199c1   Thumb Code    44  net_common.o(i.net_ultox)
    net_xtoul                                0x080199f1   Thumb Code    76  net_common.o(i.net_xtoul)
    app_main_attr                            0x0801a698   Data          36  http_server.o(.constdata)
    imageLastModified                        0x0801a6bc   Data           4  web.o(.constdata)
    BUTTON_IRQn                              0x08020b68   Data           1  stm32f4xx_nucleo_144.o(.constdata)
    BUTTON_PIN                               0x08020b6a   Data           2  stm32f4xx_nucleo_144.o(.constdata)
    GPIO_PIN                                 0x08020b6c   Data           6  stm32f4xx_nucleo_144.o(.constdata)
    Arial12x12                               0x08020b72   Data        2400  lcd_1.o(.constdata)
    osRtxUserSVC                             0x0802154c   Data           4  rtx_lib.o(.constdata)
    Driver_ETH_PHY0                          0x08021554   Data          32  phy_lan8742a.o(.constdata)
    Driver_ETH_MAC0                          0x080215c4   Data          68  emac_stm32f4xx.o(.constdata)
    Driver_SPI1                              0x0802165c   Data          44  spi_stm32f4xx.o(.constdata)
    EventRecorderInfo                        0x08021688   Data          24  eventrecorder.o(.constdata)
    AHBPrescTable                            0x080216a8   Data          16  system_stm32f4xx_1.o(.constdata)
    APBPrescTable                            0x080216b8   Data           8  system_stm32f4xx_1.o(.constdata)
    net_sys_config                           0x08021768   Data          28  net_config.o(.constdata)
    net_eth0_if_config                       0x080217cc   Data          44  net_config.o(.constdata)
    net_eth_list                             0x080217f8   Data           8  net_config.o(.constdata)
    net_if_list_lan                          0x08021800   Data           8  net_config.o(.constdata)
    net_if_list_all                          0x08021808   Data           8  net_config.o(.constdata)
    net_if_inet_def                          0x08021810   Data           8  net_config.o(.constdata)
    net_if_link_def                          0x08021818   Data           8  net_config.o(.constdata)
    net_arp_list                             0x08021820   Data           8  net_config.o(.constdata)
    net_icmp_list                            0x08021828   Data           8  net_config.o(.constdata)
    net_icmp6_list                           0x08021830   Data           4  net_config.o(.constdata)
    net_ip4_frag_config                      0x08021834   Data           8  net_config.o(.constdata)
    net_udp_config                           0x0802183c   Data          12  net_config.o(.constdata)
    net_tcp_config                           0x08021848   Data          24  net_config.o(.constdata)
    net_http_config                          0x08021860   Data          52  net_config.o(.constdata)
    net_sntp_config                          0x08021894   Data           8  net_config.o(.constdata)
    netif_getopt_func                        0x080218ec   Data          16  net_config.o(.constdata)
    netif_setopt_func                        0x080218fc   Data          16  net_config.o(.constdata)
    net_loop_if_config                       0x0802190c   Data          44  net_loopback.o(.constdata)
    net_ping_payload                         0x08021a46   Data          18  net_ping_core.o(.constdata)
    net_addr_unspec                          0x08021a58   Data          16  net_addr.o(.constdata)
    net_addr_bcast                           0x08021a68   Data           6  net_addr.o(.constdata)
    net_addr4_loopback                       0x08021a6e   Data           4  net_ip4.o(.constdata)
    net_addr6_all_nodes                      0x08021a72   Data          16  net_ip6.o(.constdata)
    net_addr6_loopback                       0x08021a82   Data          16  net_ip6.o(.constdata)
    net_http_error                           0x08021a94   Data          24  net_http_server_err.o(.constdata)
    net_lib_version                          0x08021abc   Data           4  net_version.o(.constdata)
    network_ip4ip6_debug_v7.15.0             0x08021abc   Data           4  net_version.o(.constdata)
    osRtxConfig                              0x08021e80   Data         112  rtx_lib.o(.rodata)
    os_cb_sections                           0x08021ef0   Data          56  rtx_lib.o(.rodata)
    Region$$Table$$Base                      0x08021f28   Number         0  anon$$obj.o(Region$$Table)
    Region$$Table$$Limit                     0x08021f58   Number         0  anon$$obj.o(Region$$Table)
    .bss.os.msgqueue.cb$$Base                0x20008044   Number         0  rtx_lib.o(.bss.os.msgqueue.cb)
    .bss.os.msgqueue.cb$$Limit               0x20008078   Number         0  rtx_lib.o(.bss.os.msgqueue.cb)
    .bss.os.mutex.cb$$Base                   0x200080c8   Number         0  net_config.o(.bss.os.mutex.cb)
    .bss.os.mutex.cb$$Limit                  0x20008100   Number         0  net_config.o(.bss.os.mutex.cb)
    .bss.os.semaphore.cb$$Base               0x20008100   Number         0  net_config.o(.bss.os.semaphore.cb)
    .bss.os.semaphore.cb$$Limit              0x20008110   Number         0  net_config.o(.bss.os.semaphore.cb)
    .bss.os.thread.cb$$Base                  0x20008110   Number         0  rtx_lib.o(.bss.os.thread.cb)
    .bss.os.thread.cb$$Limit                 0x20008220   Number         0  net_config.o(.bss.os.thread.cb)
    .bss.os.timer.cb$$Base                   0x20008620   Number         0  net_config.o(.bss.os.timer.cb)
    .bss.os.timer.cb$$Limit                  0x20008640   Number         0  net_config.o(.bss.os.timer.cb)
    LEDrun                                   0x20008644   Data           1  http_server.o(.data)
    TID_Display                              0x20008648   Data           4  http_server.o(.data)
    TID_Led                                  0x2000864c   Data           4  http_server.o(.data)
    lcd_text                                 0x20008650   Data          42  http_server.o(.data)
    BUTTON_PORT                              0x20008684   Data           4  stm32f4xx_nucleo_144.o(.data)
    SpixTimeout                              0x20008688   Data           4  stm32f4xx_nucleo_144.o(.data)
    GPIO_PORT                                0x2000868c   Data          12  stm32f4xx_nucleo_144.o(.data)
    SPIdrv                                   0x2000869c   Data           4  lcd_1.o(.data)
    uwTickFreq                               0x200086a4   Data           1  stm32f4xx_hal.o(.data)
    uwTickPrio                               0x200086a8   Data           4  stm32f4xx_hal.o(.data)
    uwTick                                   0x200086ac   Data           4  stm32f4xx_hal.o(.data)
    SystemCoreClock                          0x200086b0   Data           4  system_stm32f4xx_1.o(.data)
    net_eth0_icmp_control                    0x200086cc   Data           1  net_icmp.o(.data)
    osRtxInfo                                0x200086f0   Data         164  rtx_kernel.o(.data.os)
    aShowTime                                0x20008794   Data          50  main.o(.bss)
    aShowDate                                0x200087c6   Data          50  main.o(.bss)
    RtcHandle                                0x200087f8   Data          32  main.o(.bss)
    app_main_stk                             0x20008818   Data        1024  http_server.o(.bss)
    buffer                                   0x20008d80   Data         512  lcd_1.o(.bss)
    net_eth0_if_control                      0x2000f080   Data         160  net_eth.o(.bss)
    net_eth0_arp_control                     0x2000f120   Data          24  net_arp.o(.bss)
    net_http_control                         0x2000f1d8   Data          20  net_http_server.o(.bss)
    net_sntp_control                         0x2000f1ec   Data          44  net_sntp_client_core.o(.bss)
    net_ping_control                         0x2000f218   Data          44  net_ping_core.o(.bss)
    net_sys_control                          0x2000f254   Data          28  net_sys.o(.bss)
    net_dbg_buf                              0x2000f27c   Data          36  net_sys.o(.bss)
    __initial_sp                             0x2000f710   Data           0  startup_stm32f429xx.o(STACK)



==============================================================================

Memory Map of the image

  Image Entry point : 0x080001ad

  Load Region LR_IROM1 (Base: 0x08000000, Size: 0x0002a6ec, Max: 0x00200000, ABSOLUTE, COMPRESSED[0x0002209c])

    Execution Region ER_IROM1 (Exec base: 0x08000000, Load base: 0x08000000, Size: 0x00021f58, Max: 0x00200000, ABSOLUTE)

    Exec Addr    Load Addr    Size         Type   Attr      Idx    E Section Name        Object

    0x08000000   0x08000000   0x000001ac   Data   RO         1534    RESET               startup_stm32f429xx.o
    0x080001ac   0x080001ac   0x00000000   Code   RO         2656  * .ARM.Collect$$$$00000000  mc_w.l(entry.o)
    0x080001ac   0x080001ac   0x00000004   Code   RO         2952    .ARM.Collect$$$$00000001  mc_w.l(entry2.o)
    0x080001b0   0x080001b0   0x00000004   Code   RO         2955    .ARM.Collect$$$$00000004  mc_w.l(entry5.o)
    0x080001b4   0x080001b4   0x00000000   Code   RO         2957    .ARM.Collect$$$$00000008  mc_w.l(entry7b.o)
    0x080001b4   0x080001b4   0x00000000   Code   RO         2959    .ARM.Collect$$$$0000000A  mc_w.l(entry8b.o)
    0x080001b4   0x080001b4   0x00000008   Code   RO         2960    .ARM.Collect$$$$0000000B  mc_w.l(entry9a.o)
    0x080001bc   0x080001bc   0x00000004   Code   RO         2967    .ARM.Collect$$$$0000000E  mc_w.l(entry12b.o)
    0x080001c0   0x080001c0   0x00000000   Code   RO         2962    .ARM.Collect$$$$0000000F  mc_w.l(entry10a.o)
    0x080001c0   0x080001c0   0x00000000   Code   RO         2964    .ARM.Collect$$$$00000011  mc_w.l(entry11a.o)
    0x080001c0   0x080001c0   0x00000004   Code   RO         2953    .ARM.Collect$$$$00002712  mc_w.l(entry2.o)
    0x080001c4   0x080001c4   0x00000148   Code   RO          697    .emb_text           rtx_mempool.o
    0x0800030c   0x0800030c   0x00000148   Code   RO          728    .emb_text           rtx_msgqueue.o
    0x08000454   0x08000454   0x00000148   Code   RO          793    .emb_text           rtx_semaphore.o
    0x0800059c   0x0800059c   0x00000148   Code   RO          824    .emb_text           rtx_system.o
    0x080006e4   0x080006e4   0x00000148   Code   RO          858    .emb_text           rtx_thread.o
    0x0800082c   0x0800082c   0x00000074   Code   RO         1079    .emb_text           eventrecorder.o
    0x080008a0   0x080008a0   0x00000278   Code   RO            4    .text               main.o
    0x08000b18   0x08000b18   0x000000f8   Code   RO          176    .text               http_server.o
    0x08000c10   0x08000c10   0x00000720   Code   RO          229    .text               http_server_cgi.o
    0x08001330   0x08001330   0x00000078   Code   RO          249    .text               web.o
    0x080013a8   0x080013a8   0x0000061c   Code   RO          269    .text               stm32f4xx_nucleo_144.o
    0x080019c4   0x080019c4   0x0000000c   Code   RO          298    .text               stm32f4xx_it.o
    0x080019d0   0x080019d0   0x00000478   Code   RO          325    .text               lcd_1.o
    0x08001e48   0x08001e48   0x0000011c   Code   RO          361    .text               adc.o
    0x08001f64   0x08001f64   0x00000064   Code   RO          391    .text               stm32f4xx_hal_msp.o
    0x08001fc8   0x08001fc8   0x000000ec   Code   RO          415    .text               led_nucleo_f429zi.o
    0x080020b4   0x080020b4   0x00000094   Code   RO          439    .text               irq_armv7m.o
    0x08002148   0x08002148   0x00000104   Code   RO          447    .text               rtx_delay.o
    0x0800224c   0x0800224c   0x00000958   Code   RO          545    .text               rtx_evr.o
    0x08002ba4   0x08002ba4   0x000006cc   Code   RO          570    .text               rtx_kernel.o
    0x08003270   0x08003270   0x00000018   Code   RO          618    .text               rtx_lib.o
    0x08003288   0x08003288   0x00000124   Code   RO          667    .text               rtx_memory.o
    0x080033ac   0x080033ac   0x00000678   Code   RO          698    .text               rtx_mempool.o
    0x08003a24   0x08003a24   0x000009bc   Code   RO          729    .text               rtx_msgqueue.o
    0x080043e0   0x080043e0   0x00000558   Code   RO          763    .text               rtx_mutex.o
    0x08004938   0x08004938   0x00000450   Code   RO          794    .text               rtx_semaphore.o
    0x08004d88   0x08004d88   0x00000154   Code   RO          825    .text               rtx_system.o
    0x08004edc   0x08004edc   0x000011d4   Code   RO          859    .text               rtx_thread.o
    0x080060b0   0x080060b0   0x00000480   Code   RO          893    .text               rtx_timer.o
    0x08006530   0x08006530   0x000000c4   Code   RO          923    .text               os_systick.o
    0x080065f4   0x080065f4   0x00000004   Code   RO          949    .text               rtx_config.o
    0x080065f8   0x080065f8   0x000001ac   Code   RO          970    .text               phy_lan8742a.o
    0x080067a4   0x080067a4   0x000009e8   Code   RO          998    .text               emac_stm32f4xx.o
    0x0800718c   0x0800718c   0x00000c5c   Code   RO         1040    .text               spi_stm32f4xx.o
    0x08007de8   0x08007de8   0x00000538   Code   RO         1080    .text               eventrecorder.o
    0x08008320   0x08008320   0x000001c8   Code   RO         1140    .text               stm32f4xx_hal.o
    0x080084e8   0x080084e8   0x00000ab8   Code   RO         1170    .text               stm32f4xx_hal_adc.o
    0x08008fa0   0x08008fa0   0x00000724   Code   RO         1194    .text               stm32f4xx_hal_adc_ex.o
    0x080096c4   0x080096c4   0x00000298   Code   RO         1218    .text               stm32f4xx_hal_cortex.o
    0x0800995c   0x0800995c   0x00000718   Code   RO         1246    .text               stm32f4xx_hal_dma.o
    0x0800a074   0x0800a074   0x00000364   Code   RO         1295    .text               stm32f4xx_hal_gpio.o
    0x0800a3d8   0x0800a3d8   0x00000178   Code   RO         1319    .text               stm32f4xx_hal_pwr.o
    0x0800a550   0x0800a550   0x00000760   Code   RO         1367    .text               stm32f4xx_hal_rcc.o
    0x0800acb0   0x0800acb0   0x000005e4   Code   RO         1391    .text               stm32f4xx_hal_rcc_ex.o
    0x0800b294   0x0800b294   0x000018a4   Code   RO         1415    .text               stm32f4xx_hal_spi.o
    0x0800cb38   0x0800cb38   0x000023d2   Code   RO         1463    .text               stm32f4xx_hal_tim.o
    0x0800ef0a   0x0800ef0a   0x00000002   PAD
    0x0800ef0c   0x0800ef0c   0x00000bb0   Code   RO         1487    .text               stm32f4xx_hal_tim_ex.o
    0x0800fabc   0x0800fabc   0x00000024   Code   RO         1535    .text               startup_stm32f429xx.o
    0x0800fae0   0x0800fae0   0x00000094   Code   RO         1542    .text               system_stm32f4xx_1.o
    0x0800fb74   0x0800fb74   0x00000970   Code   RO         1574    .text               stm32f4xx_hal_rtc.o
    0x080104e4   0x080104e4   0x00000b0c   Code   RO         1598    .text               stm32f4xx_hal_rtc_ex.o
    0x08010ff0   0x08010ff0   0x00000174   Code   RO         1619    .text               net_config.o
    0x08011164   0x08011164   0x00000152   Code   RO         1711    .text               net_debug.o
    0x080112b6   0x080112b6   0x00000062   Code   RO         2665    .text               mc_w.l(uldiv.o)
    0x08011318   0x08011318   0x00000024   Code   RO         2667    .text               mc_w.l(memcpya.o)
    0x0801133c   0x0801133c   0x00000024   Code   RO         2669    .text               mc_w.l(memseta.o)
    0x08011360   0x08011360   0x0000000e   Code   RO         2671    .text               mc_w.l(strlen.o)
    0x0801136e   0x0801136e   0x0000001c   Code   RO         2673    .text               mc_w.l(strcmp.o)
    0x0801138a   0x0801138a   0x0000001a   Code   RO         2675    .text               mc_w.l(memcmp.o)
    0x080113a4   0x080113a4   0x00000012   Code   RO         2677    .text               mc_w.l(strcpy.o)
    0x080113b6   0x080113b6   0x0000001e   Code   RO         2679    .text               mc_w.l(strncmp.o)
    0x080113d4   0x080113d4   0x00000064   Code   RO         2944    .text               mf_w.l(fmul.o)
    0x08011438   0x08011438   0x0000002e   Code   RO         2946    .text               mf_w.l(dscalb.o)
    0x08011466   0x08011466   0x0000000a   Code   RO         2948    .text               mf_w.l(ffltui.o)
    0x08011470   0x08011470   0x00000026   Code   RO         2950    .text               mf_w.l(f2d.o)
    0x08011496   0x08011496   0x0000002c   Code   RO         2968    .text               mc_w.l(uidiv.o)
    0x080114c2   0x080114c2   0x0000001e   Code   RO         2970    .text               mc_w.l(llshl.o)
    0x080114e0   0x080114e0   0x00000020   Code   RO         2972    .text               mc_w.l(llushr.o)
    0x08011500   0x08011500   0x00000000   Code   RO         2974    .text               mc_w.l(iusefp.o)
    0x08011500   0x08011500   0x0000006e   Code   RO         2975    .text               mf_w.l(fepilogue.o)
    0x0801156e   0x0801156e   0x0000014e   Code   RO         2977    .text               mf_w.l(dadd.o)
    0x080116bc   0x080116bc   0x000000e4   Code   RO         2979    .text               mf_w.l(dmul.o)
    0x080117a0   0x080117a0   0x000000de   Code   RO         2981    .text               mf_w.l(ddiv.o)
    0x0801187e   0x0801187e   0x00000030   Code   RO         2983    .text               mf_w.l(dfixul.o)
    0x080118ae   0x080118ae   0x00000002   PAD
    0x080118b0   0x080118b0   0x00000030   Code   RO         2985    .text               mf_w.l(cdrcmple.o)
    0x080118e0   0x080118e0   0x00000024   Code   RO         2987    .text               mc_w.l(init.o)
    0x08011904   0x08011904   0x00000024   Code   RO         2989    .text               mc_w.l(llsshr.o)
    0x08011928   0x08011928   0x000000ba   Code   RO         2991    .text               mf_w.l(depilogue.o)
    0x080119e2   0x080119e2   0x00000056   Code   RO         3000    .text               mc_w.l(__dczerorl2.o)
    0x08011a38   0x08011a38   0x00000028   Code   RO         2918    i.__0sprintf        mc_w.l(printfa.o)
    0x08011a60   0x08011a60   0x0000000e   Code   RO         2994    i.__scatterload_copy  mc_w.l(handlers.o)
    0x08011a6e   0x08011a6e   0x00000002   Code   RO         2995    i.__scatterload_null  mc_w.l(handlers.o)
    0x08011a70   0x08011a70   0x0000000e   Code   RO         2996    i.__scatterload_zeroinit  mc_w.l(handlers.o)
    0x08011a7e   0x08011a7e   0x00000002   PAD
    0x08011a80   0x08011a80   0x00000184   Code   RO         2923    i._fp_digits        mc_w.l(printfa.o)
    0x08011c04   0x08011c04   0x000006b4   Code   RO         2924    i._printf_core      mc_w.l(printfa.o)
    0x080122b8   0x080122b8   0x00000024   Code   RO         2925    i._printf_post_padding  mc_w.l(printfa.o)
    0x080122dc   0x080122dc   0x0000002e   Code   RO         2926    i._printf_pre_padding  mc_w.l(printfa.o)
    0x0801230a   0x0801230a   0x0000000a   Code   RO         2928    i._sputc            mc_w.l(printfa.o)
    0x08012314   0x08012314   0x00000054   Code   RO         2117    i.add_server_id     Net_Dbg_CM3_L.lib(net_http_server.o)
    0x08012368   0x08012368   0x0000005c   Code   RO         1797    i.arp_cache_alloc   Net_Dbg_CM3_L.lib(net_arp.o)
    0x080123c4   0x080123c4   0x00000170   Code   RO         1798    i.arp_cache_run     Net_Dbg_CM3_L.lib(net_arp.o)
    0x08012534   0x08012534   0x00000038   Code   RO         1799    i.arp_is_cacheable  Net_Dbg_CM3_L.lib(net_arp.o)
    0x0801256c   0x0801256c   0x00000088   Code   RO         1800    i.arp_probe_run     Net_Dbg_CM3_L.lib(net_arp.o)
    0x080125f4   0x080125f4   0x000000d8   Code   RO         1802    i.arp_proc_response  Net_Dbg_CM3_L.lib(net_arp.o)
    0x080126cc   0x080126cc   0x0000001a   Code   RO         1803    i.arp_que_free      Net_Dbg_CM3_L.lib(net_arp.o)
    0x080126e6   0x080126e6   0x00000002   PAD
    0x080126e8   0x080126e8   0x000000a0   Code   RO         1804    i.arp_send_reply    Net_Dbg_CM3_L.lib(net_arp.o)
    0x08012788   0x08012788   0x000000d0   Code   RO         1805    i.arp_send_request  Net_Dbg_CM3_L.lib(net_arp.o)
    0x08012858   0x08012858   0x00000068   Code   RO         1806    i.arp_sender_valid  Net_Dbg_CM3_L.lib(net_arp.o)
    0x080128c0   0x080128c0   0x0000018c   Code   RO         2118    i.chk_post_req      Net_Dbg_CM3_L.lib(net_http_server.o)
    0x08012a4c   0x08012a4c   0x00000028   Code   RO         2596    i.crc32_8bit        Net_Dbg_CM3_L.lib(net_common.o)
    0x08012a74   0x08012a74   0x0000009a   Code   RO         1741    i.eth_check_link    Net_Dbg_CM3_L.lib(net_eth.o)
    0x08012b0e   0x08012b0e   0x00000002   PAD
    0x08012b10   0x08012b10   0x00000020   Code   RO         1742    i.eth_if_map        Net_Dbg_CM3_L.lib(net_eth.o)
    0x08012b30   0x08012b30   0x00000304   Code   RO         1743    i.eth_iface_init    Net_Dbg_CM3_L.lib(net_eth.o)
    0x08012e34   0x08012e34   0x00000290   Code   RO         1744    i.eth_iface_run     Net_Dbg_CM3_L.lib(net_eth.o)
    0x080130c4   0x080130c4   0x00000008   Code   RO         1746    i.eth_lock          Net_Dbg_CM3_L.lib(net_eth.o)
    0x080130cc   0x080130cc   0x0000001c   Code   RO         1747    i.eth_mtu_limit     Net_Dbg_CM3_L.lib(net_eth.o)
    0x080130e8   0x080130e8   0x00000048   Code   RO         1748    i.eth_opt_len       Net_Dbg_CM3_L.lib(net_eth.o)
    0x08013130   0x08013130   0x00000088   Code   RO         1749    i.eth_receive       Net_Dbg_CM3_L.lib(net_eth.o)
    0x080131b8   0x080131b8   0x00000008   Code   RO         1750    i.eth_unlock        Net_Dbg_CM3_L.lib(net_eth.o)
    0x080131c0   0x080131c0   0x0000007c   Code   RO         1881    i.frag_map_session  Net_Dbg_CM3_L.lib(net_ip4_frag.o)
    0x0801323c   0x0801323c   0x00000028   Code   RO         2119    i.get_next_field    Net_Dbg_CM3_L.lib(net_http_server.o)
    0x08013264   0x08013264   0x00000032   Code   RO         2120    i.get_next_par      Net_Dbg_CM3_L.lib(net_http_server.o)
    0x08013296   0x08013296   0x00000022   Code   RO         2121    i.hex2byte          Net_Dbg_CM3_L.lib(net_http_server.o)
    0x080132b8   0x080132b8   0x0000036c   Code   RO         2122    i.http_add_header   Net_Dbg_CM3_L.lib(net_http_server.o)
    0x08013624   0x08013624   0x000001cc   Code   RO         2123    i.http_error_msg    Net_Dbg_CM3_L.lib(net_http_server.o)
    0x080137f0   0x080137f0   0x00000078   Code   RO         2124    i.http_get_ftype    Net_Dbg_CM3_L.lib(net_http_server.o)
    0x08013868   0x08013868   0x0000005e   Code   RO         2125    i.http_kill_session  Net_Dbg_CM3_L.lib(net_http_server.o)
    0x080138c6   0x080138c6   0x00000002   PAD
    0x080138c8   0x080138c8   0x000002a8   Code   RO         2126    i.http_listener     Net_Dbg_CM3_L.lib(net_http_server.o)
    0x08013b70   0x08013b70   0x00000184   Code   RO         2127    i.http_open_file    Net_Dbg_CM3_L.lib(net_http_server.o)
    0x08013cf4   0x08013cf4   0x0000011c   Code   RO         2128    i.http_parse_header  Net_Dbg_CM3_L.lib(net_http_server.o)
    0x08013e10   0x08013e10   0x000001a8   Code   RO         2129    i.http_proc_multipart  Net_Dbg_CM3_L.lib(net_http_server.o)
    0x08013fb8   0x08013fb8   0x00000138   Code   RO         2130    i.http_proc_post    Net_Dbg_CM3_L.lib(net_http_server.o)
    0x080140f0   0x080140f0   0x00000468   Code   RO         2131    i.http_server_run   Net_Dbg_CM3_L.lib(net_http_server.o)
    0x08014558   0x08014558   0x00000060   Code   RO         2132    i.http_server_start  Net_Dbg_CM3_L.lib(net_http_server.o)
    0x080145b8   0x080145b8   0x00000020   Code   RO         2134    i.http_strcpy       Net_Dbg_CM3_L.lib(net_http_server.o)
    0x080145d8   0x080145d8   0x000000ac   Code   RO         2135    i.http_to_utc       Net_Dbg_CM3_L.lib(net_http_server.o)
    0x08014684   0x08014684   0x0000001a   Code   RO         2597    i.i2str             Net_Dbg_CM3_L.lib(net_common.o)
    0x0801469e   0x0801469e   0x0000000c   Code   RO         2474    i.ip4_get_chksum    Net_Dbg_CM3_L.lib(net_ip4.o)
    0x080146aa   0x080146aa   0x00000028   Code   RO         2475    i.ip4_get_mtu       Net_Dbg_CM3_L.lib(net_ip4.o)
    0x080146d2   0x080146d2   0x00000040   Code   RO         2337    i.ip4_ntoa          Net_Dbg_CM3_L.lib(net_addr.o)
    0x08014712   0x08014712   0x00000002   PAD
    0x08014714   0x08014714   0x000000ca   Code   RO         2338    i.ip6_ntoa          Net_Dbg_CM3_L.lib(net_addr.o)
    0x080147de   0x080147de   0x00000002   PAD
    0x080147e0   0x080147e0   0x0000000c   Code   RO         2573    i.mem_lock          Net_Dbg_CM3_L.lib(net_mem.o)
    0x080147ec   0x080147ec   0x0000000c   Code   RO         2574    i.mem_unlock        Net_Dbg_CM3_L.lib(net_mem.o)
    0x080147f8   0x080147f8   0x000001a4   Code   RO         2103    i.nbns_listener     Net_Dbg_CM3_L.lib(net_nbns_client.o)
    0x0801499c   0x0801499c   0x00000120   Code   RO         2404    i.ndp_cache_add     Net_Dbg_CM3_L.lib(net_ndp.o)
    0x08014abc   0x08014abc   0x00000072   Code   RO         2405    i.ndp_cache_alloc   Net_Dbg_CM3_L.lib(net_ndp.o)
    0x08014b2e   0x08014b2e   0x00000002   PAD
    0x08014b30   0x08014b30   0x00000078   Code   RO         2406    i.ndp_cache_delete  Net_Dbg_CM3_L.lib(net_ndp.o)
    0x08014ba8   0x08014ba8   0x0000002c   Code   RO         2408    i.ndp_check_frame   Net_Dbg_CM3_L.lib(net_ndp.o)
    0x08014bd4   0x08014bd4   0x00000012   Code   RO         2409    i.ndp_next_opt      Net_Dbg_CM3_L.lib(net_ndp.o)
    0x08014be6   0x08014be6   0x00000002   PAD
    0x08014be8   0x08014be8   0x000000e4   Code   RO         2410    i.ndp_prefix_add    Net_Dbg_CM3_L.lib(net_ndp.o)
    0x08014ccc   0x08014ccc   0x000000fc   Code   RO         2413    i.ndp_proc_response  Net_Dbg_CM3_L.lib(net_ndp.o)
    0x08014dc8   0x08014dc8   0x0000001a   Code   RO         2414    i.ndp_que_free      Net_Dbg_CM3_L.lib(net_ndp.o)
    0x08014de2   0x08014de2   0x00000002   PAD
    0x08014de4   0x08014de4   0x00000038   Code   RO         2415    i.ndp_router_remove  Net_Dbg_CM3_L.lib(net_ndp.o)
    0x08014e1c   0x08014e1c   0x0000009c   Code   RO         2416    i.ndp_send_reply    Net_Dbg_CM3_L.lib(net_ndp.o)
    0x08014eb8   0x08014eb8   0x000000bc   Code   RO         2417    i.ndp_send_request  Net_Dbg_CM3_L.lib(net_ndp.o)
    0x08014f74   0x08014f74   0x00000004   Code   RO         2136    i.netCGI_Charset    Net_Dbg_CM3_L.lib(net_http_server.o)
    0x08014f78   0x08014f78   0x00000004   Code   RO         2137    i.netCGI_ContentType  Net_Dbg_CM3_L.lib(net_http_server.o)
    0x08014f7c   0x08014f7c   0x00000004   Code   RO         2138    i.netCGI_CustomHeader  Net_Dbg_CM3_L.lib(net_http_server.o)
    0x08014f80   0x08014f80   0x0000006c   Code   RO         2139    i.netCGI_GetEnvVar  Net_Dbg_CM3_L.lib(net_http_server.o)
    0x08014fec   0x08014fec   0x00000004   Code   RO         2142    i.netCGI_Redirect   Net_Dbg_CM3_L.lib(net_http_server.o)
    0x08014ff0   0x08014ff0   0x00000004   Code   RO         2144    i.netCGX_ContentType  Net_Dbg_CM3_L.lib(net_http_server.o)
    0x08014ff4   0x08014ff4   0x00000064   Code   RO         2287    i.netCore_Thread    Net_Dbg_CM3_L.lib(net_sys.o)
    0x08015058   0x08015058   0x00000002   Code   RO         1751    i.netETH_Notify     Net_Dbg_CM3_L.lib(net_eth.o)
    0x0801505a   0x0801505a   0x00000002   Code   RO         1752    i.netETH_ReceiveRaw  Net_Dbg_CM3_L.lib(net_eth.o)
    0x0801505c   0x0801505c   0x00000072   Code   RO         1754    i.netETH_Thread     Net_Dbg_CM3_L.lib(net_eth.o)
    0x080150ce   0x080150ce   0x00000004   Code   RO         2145    i.netHTTPs_AcceptClient  Net_Dbg_CM3_L.lib(net_http_server.o)
    0x080150d2   0x080150d2   0x00000004   Code   RO         2147    i.netHTTPs_FileAccess  Net_Dbg_CM3_L.lib(net_http_server.o)
    0x080150d6   0x080150d6   0x00000002   PAD
    0x080150d8   0x080150d8   0x00000020   Code   RO         2150    i.netHTTPs_GetLanguage  Net_Dbg_CM3_L.lib(net_http_server.o)
    0x080150f8   0x080150f8   0x0000000c   Code   RO         2151    i.netHTTPs_GetPassword  Net_Dbg_CM3_L.lib(net_http_server.o)
    0x08015104   0x08015104   0x0000000c   Code   RO         2157    i.netHTTPs_LoginActive  Net_Dbg_CM3_L.lib(net_http_server.o)
    0x08015110   0x08015110   0x00000058   Code   RO         2160    i.netHTTPs_SetPassword  Net_Dbg_CM3_L.lib(net_http_server.o)
    0x08015168   0x08015168   0x00000088   Code   RO         2288    i.netIF_GetOption   Net_Dbg_CM3_L.lib(net_sys.o)
    0x080151f0   0x080151f0   0x00000084   Code   RO         2290    i.netIF_SetOption   Net_Dbg_CM3_L.lib(net_sys.o)
    0x08015274   0x08015274   0x0000001a   Code   RO         2340    i.netIP_aton        Net_Dbg_CM3_L.lib(net_addr.o)
    0x0801528e   0x0801528e   0x00000032   Code   RO         2341    i.netIP_ntoa        Net_Dbg_CM3_L.lib(net_addr.o)
    0x080152c0   0x080152c0   0x000000ac   Code   RO         2291    i.netInitialize     Net_Dbg_CM3_L.lib(net_sys.o)
    0x0801536c   0x0801536c   0x0000008c   Code   RO         2342    i.netMAC_aton       Net_Dbg_CM3_L.lib(net_addr.o)
    0x080153f8   0x080153f8   0x00000004   Code   RO         1984    i.netTCP_GetLocalPort  Net_Dbg_CM3_L.lib(net_tcp.o)
    0x080153fc   0x080153fc   0x00000020   Code   RO         1986    i.netTCP_GetPeer    Net_Dbg_CM3_L.lib(net_tcp.o)
    0x0801541c   0x0801541c   0x00000004   Code   RO         1988    i.netTCP_GetState   Net_Dbg_CM3_L.lib(net_tcp.o)
    0x08015420   0x08015420   0x00000004   Code   RO         1989    i.netTCP_GetTimer   Net_Dbg_CM3_L.lib(net_tcp.o)
    0x08015424   0x08015424   0x0000007c   Code   RO         2344    i.net_addr4_aton    Net_Dbg_CM3_L.lib(net_addr.o)
    0x080154a0   0x080154a0   0x0000001e   Code   RO         2346    i.net_addr4_to_mac  Net_Dbg_CM3_L.lib(net_addr.o)
    0x080154be   0x080154be   0x00000002   PAD
    0x080154c0   0x080154c0   0x000000e6   Code   RO         2347    i.net_addr6_aton    Net_Dbg_CM3_L.lib(net_addr.o)
    0x080155a6   0x080155a6   0x00000028   Code   RO         2348    i.net_addr6_comp    Net_Dbg_CM3_L.lib(net_addr.o)
    0x080155ce   0x080155ce   0x00000012   Code   RO         2349    i.net_addr6_copy    Net_Dbg_CM3_L.lib(net_addr.o)
    0x080155e0   0x080155e0   0x0000004c   Code   RO         2350    i.net_addr6_create  Net_Dbg_CM3_L.lib(net_addr.o)
    0x0801562c   0x0801562c   0x00000028   Code   RO         2351    i.net_addr6_get_solicited  Net_Dbg_CM3_L.lib(net_addr.o)
    0x08015654   0x08015654   0x00000018   Code   RO         2352    i.net_addr6_is_linklocal  Net_Dbg_CM3_L.lib(net_addr.o)
    0x0801566c   0x0801566c   0x0000006e   Code   RO         2353    i.net_addr6_is_onlink  Net_Dbg_CM3_L.lib(net_addr.o)
    0x080156da   0x080156da   0x00000048   Code   RO         2354    i.net_addr6_is_solicited  Net_Dbg_CM3_L.lib(net_addr.o)
    0x08015722   0x08015722   0x00000018   Code   RO         2355    i.net_addr6_is_unspec  Net_Dbg_CM3_L.lib(net_addr.o)
    0x0801573a   0x0801573a   0x0000000e   Code   RO         2357    i.net_addr6_to_mac  Net_Dbg_CM3_L.lib(net_addr.o)
    0x08015748   0x08015748   0x0000002c   Code   RO         2358    i.net_addr_comp     Net_Dbg_CM3_L.lib(net_addr.o)
    0x08015774   0x08015774   0x00000026   Code   RO         2359    i.net_addr_copy     Net_Dbg_CM3_L.lib(net_addr.o)
    0x0801579a   0x0801579a   0x0000001a   Code   RO         2360    i.net_addr_find_route  Net_Dbg_CM3_L.lib(net_addr.o)
    0x080157b4   0x080157b4   0x00000020   Code   RO         2362    i.net_addr_get_local  Net_Dbg_CM3_L.lib(net_addr.o)
    0x080157d4   0x080157d4   0x00000022   Code   RO         2363    i.net_addr_is_unspec  Net_Dbg_CM3_L.lib(net_addr.o)
    0x080157f6   0x080157f6   0x00000002   PAD
    0x080157f8   0x080157f8   0x0000011c   Code   RO         1814    i.net_arp_cache_add  Net_Dbg_CM3_L.lib(net_arp.o)
    0x08015914   0x08015914   0x000000bc   Code   RO         1815    i.net_arp_cache_early  Net_Dbg_CM3_L.lib(net_arp.o)
    0x080159d0   0x080159d0   0x000000ec   Code   RO         1816    i.net_arp_cache_find  Net_Dbg_CM3_L.lib(net_arp.o)
    0x08015abc   0x08015abc   0x00000048   Code   RO         1817    i.net_arp_cache_init  Net_Dbg_CM3_L.lib(net_arp.o)
    0x08015b04   0x08015b04   0x0000001c   Code   RO         1818    i.net_arp_cache_run  Net_Dbg_CM3_L.lib(net_arp.o)
    0x08015b20   0x08015b20   0x00000078   Code   RO         1820    i.net_arp_enqueue   Net_Dbg_CM3_L.lib(net_arp.o)
    0x08015b98   0x08015b98   0x00000020   Code   RO         1822    i.net_arp_notify    Net_Dbg_CM3_L.lib(net_arp.o)
    0x08015bb8   0x08015bb8   0x00000224   Code   RO         1824    i.net_arp_process   Net_Dbg_CM3_L.lib(net_arp.o)
    0x08015ddc   0x08015ddc   0x00000042   Code   RO         2598    i.net_atoi          Net_Dbg_CM3_L.lib(net_common.o)
    0x08015e1e   0x08015e1e   0x00000030   Code   RO         2600    i.net_chksum_buf    Net_Dbg_CM3_L.lib(net_common.o)
    0x08015e4e   0x08015e4e   0x0000001e   Code   RO         2601    i.net_crc_buf       Net_Dbg_CM3_L.lib(net_common.o)
    0x08015e6c   0x08015e6c   0x0000000e   Code   RO         1755    i.net_eth_callback  Net_Dbg_CM3_L.lib(net_eth.o)
    0x08015e7a   0x08015e7a   0x00000068   Code   RO         1756    i.net_eth_config_mcast  Net_Dbg_CM3_L.lib(net_eth.o)
    0x08015ee2   0x08015ee2   0x000000ea   Code   RO         1758    i.net_eth_get_option  Net_Dbg_CM3_L.lib(net_eth.o)
    0x08015fcc   0x08015fcc   0x0000001c   Code   RO         1759    i.net_eth_iface_init  Net_Dbg_CM3_L.lib(net_eth.o)
    0x08015fe8   0x08015fe8   0x0000001c   Code   RO         1760    i.net_eth_iface_run  Net_Dbg_CM3_L.lib(net_eth.o)
    0x08016004   0x08016004   0x000000a8   Code   RO         1762    i.net_eth_output    Net_Dbg_CM3_L.lib(net_eth.o)
    0x080160ac   0x080160ac   0x000001e0   Code   RO         1763    i.net_eth_send_frame  Net_Dbg_CM3_L.lib(net_eth.o)
    0x0801628c   0x0801628c   0x00000270   Code   RO         1764    i.net_eth_set_option  Net_Dbg_CM3_L.lib(net_eth.o)
    0x080164fc   0x080164fc   0x000000e8   Code   RO         2166    i.net_http_server_init  Net_Dbg_CM3_L.lib(net_http_server.o)
    0x080165e4   0x080165e4   0x00000028   Code   RO         2167    i.net_http_server_run  Net_Dbg_CM3_L.lib(net_http_server.o)
    0x0801660c   0x0801660c   0x00000018   Code   RO         2546    i.net_icmp6_init    Net_Dbg_CM3_L.lib(net_icmp6.o)
    0x08016624   0x08016624   0x00000238   Code   RO         2547    i.net_icmp6_process  Net_Dbg_CM3_L.lib(net_icmp6.o)
    0x0801685c   0x0801685c   0x00000084   Code   RO         2548    i.net_icmp6_send    Net_Dbg_CM3_L.lib(net_icmp6.o)
    0x080168e0   0x080168e0   0x00000058   Code   RO         2549    i.net_icmp6_send_echo  Net_Dbg_CM3_L.lib(net_icmp6.o)
    0x08016938   0x08016938   0x00000018   Code   RO         1903    i.net_icmp_init     Net_Dbg_CM3_L.lib(net_icmp.o)
    0x08016950   0x08016950   0x000001c8   Code   RO         1904    i.net_icmp_process  Net_Dbg_CM3_L.lib(net_icmp.o)
    0x08016b18   0x08016b18   0x000000a0   Code   RO         1905    i.net_icmp_send_echo  Net_Dbg_CM3_L.lib(net_icmp.o)
    0x08016bb8   0x08016bb8   0x0000000c   Code   RO         2295    i.net_if_map_all    Net_Dbg_CM3_L.lib(net_sys.o)
    0x08016bc4   0x08016bc4   0x0000018c   Code   RO         2476    i.net_ip4_chk_frame  Net_Dbg_CM3_L.lib(net_ip4.o)
    0x08016d50   0x08016d50   0x0000002c   Code   RO         2477    i.net_ip4_chksum    Net_Dbg_CM3_L.lib(net_ip4.o)
    0x08016d7c   0x08016d7c   0x00000006   Code   RO         2478    i.net_ip4_chksum_buf  Net_Dbg_CM3_L.lib(net_ip4.o)
    0x08016d82   0x08016d82   0x00000002   PAD
    0x08016d84   0x08016d84   0x00000080   Code   RO         2480    i.net_ip4_find_route  Net_Dbg_CM3_L.lib(net_ip4.o)
    0x08016e04   0x08016e04   0x00000124   Code   RO         1882    i.net_ip4_frag_add  Net_Dbg_CM3_L.lib(net_ip4_frag.o)
    0x08016f28   0x08016f28   0x000000ac   Code   RO         1883    i.net_ip4_frag_get  Net_Dbg_CM3_L.lib(net_ip4_frag.o)
    0x08016fd4   0x08016fd4   0x00000010   Code   RO         1884    i.net_ip4_frag_init  Net_Dbg_CM3_L.lib(net_ip4_frag.o)
    0x08016fe4   0x08016fe4   0x0000003c   Code   RO         1885    i.net_ip4_frag_run  Net_Dbg_CM3_L.lib(net_ip4_frag.o)
    0x08017020   0x08017020   0x0000002c   Code   RO         2481    i.net_ip4_get_local  Net_Dbg_CM3_L.lib(net_ip4.o)
    0x0801704c   0x0801704c   0x00000024   Code   RO         2482    i.net_ip4_init      Net_Dbg_CM3_L.lib(net_ip4.o)
    0x08017070   0x08017070   0x00000020   Code   RO         2483    i.net_ip4_is_onlink  Net_Dbg_CM3_L.lib(net_ip4.o)
    0x08017090   0x08017090   0x00000026   Code   RO         2484    i.net_ip4_is_subcast  Net_Dbg_CM3_L.lib(net_ip4.o)
    0x080170b6   0x080170b6   0x0000000e   Code   RO         2485    i.net_ip4_reass_frame  Net_Dbg_CM3_L.lib(net_ip4.o)
    0x080170c4   0x080170c4   0x00000164   Code   RO         2486    i.net_ip4_send_frame  Net_Dbg_CM3_L.lib(net_ip4.o)
    0x08017228   0x08017228   0x0000002a   Code   RO         2488    i.net_ip4_tx_offl_hl  Net_Dbg_CM3_L.lib(net_ip4.o)
    0x08017252   0x08017252   0x00000002   PAD
    0x08017254   0x08017254   0x00000100   Code   RO         2514    i.net_ip6_chk_frame  Net_Dbg_CM3_L.lib(net_ip6.o)
    0x08017354   0x08017354   0x00000032   Code   RO         2515    i.net_ip6_chksum    Net_Dbg_CM3_L.lib(net_ip6.o)
    0x08017386   0x08017386   0x00000002   PAD
    0x08017388   0x08017388   0x0000007c   Code   RO         2516    i.net_ip6_collect_mcast  Net_Dbg_CM3_L.lib(net_ip6.o)
    0x08017404   0x08017404   0x00000048   Code   RO         2518    i.net_ip6_find_route  Net_Dbg_CM3_L.lib(net_ip6.o)
    0x0801744c   0x0801744c   0x00000054   Code   RO         2519    i.net_ip6_get_local  Net_Dbg_CM3_L.lib(net_ip6.o)
    0x080174a0   0x080174a0   0x0000001c   Code   RO         2520    i.net_ip6_init      Net_Dbg_CM3_L.lib(net_ip6.o)
    0x080174bc   0x080174bc   0x000000cc   Code   RO         2521    i.net_ip6_send_frame  Net_Dbg_CM3_L.lib(net_ip6.o)
    0x08017588   0x08017588   0x0000001e   Code   RO         2523    i.net_ip6_tx_offl_hl  Net_Dbg_CM3_L.lib(net_ip6.o)
    0x080175a6   0x080175a6   0x00000008   Code   RO         2602    i.net_itoa          Net_Dbg_CM3_L.lib(net_common.o)
    0x080175ae   0x080175ae   0x00000006   Code   RO         2604    i.net_itoa_n0       Net_Dbg_CM3_L.lib(net_common.o)
    0x080175b4   0x080175b4   0x00000030   Code   RO         1864    i.net_loop_iface_init  Net_Dbg_CM3_L.lib(net_loopback.o)
    0x080175e4   0x080175e4   0x000000bc   Code   RO         1865    i.net_loop_iface_run  Net_Dbg_CM3_L.lib(net_loopback.o)
    0x080176a0   0x080176a0   0x00000070   Code   RO         1867    i.net_loop_send_frame  Net_Dbg_CM3_L.lib(net_loopback.o)
    0x08017710   0x08017710   0x000000c0   Code   RO         2575    i.net_mem_alloc     Net_Dbg_CM3_L.lib(net_mem.o)
    0x080177d0   0x080177d0   0x0000001c   Code   RO         2576    i.net_mem_avail     Net_Dbg_CM3_L.lib(net_mem.o)
    0x080177ec   0x080177ec   0x000000a4   Code   RO         2577    i.net_mem_free      Net_Dbg_CM3_L.lib(net_mem.o)
    0x08017890   0x08017890   0x00000070   Code   RO         2578    i.net_mem_init      Net_Dbg_CM3_L.lib(net_mem.o)
    0x08017900   0x08017900   0x00000048   Code   RO         2579    i.net_mem_shrink    Net_Dbg_CM3_L.lib(net_mem.o)
    0x08017948   0x08017948   0x00000064   Code   RO         2104    i.net_nbns_client_init  Net_Dbg_CM3_L.lib(net_nbns_client.o)
    0x080179ac   0x080179ac   0x000001c4   Code   RO         2425    i.net_ndp_cache_find  Net_Dbg_CM3_L.lib(net_ndp.o)
    0x08017b70   0x08017b70   0x00000078   Code   RO         2428    i.net_ndp_cache_refresh  Net_Dbg_CM3_L.lib(net_ndp.o)
    0x08017be8   0x08017be8   0x00000070   Code   RO         2431    i.net_ndp_enqueue   Net_Dbg_CM3_L.lib(net_ndp.o)
    0x08017c58   0x08017c58   0x00000374   Code   RO         2433    i.net_ndp_process   Net_Dbg_CM3_L.lib(net_ndp.o)
    0x08017fcc   0x08017fcc   0x00000038   Code   RO         2297    i.net_path          Net_Dbg_CM3_L.lib(net_sys.o)
    0x08018004   0x08018004   0x00000020   Code   RO         2268    i.net_ping_client_init  Net_Dbg_CM3_L.lib(net_ping_core.o)
    0x08018024   0x08018024   0x00000080   Code   RO         2269    i.net_ping_client_run  Net_Dbg_CM3_L.lib(net_ping_core.o)
    0x080180a4   0x080180a4   0x0000001c   Code   RO         2298    i.net_rand32        Net_Dbg_CM3_L.lib(net_sys.o)
    0x080180c0   0x080180c0   0x0000005c   Code   RO         2242    i.net_sntp_client_init  Net_Dbg_CM3_L.lib(net_sntp_client_core.o)
    0x0801811c   0x0801811c   0x00000058   Code   RO         2243    i.net_sntp_client_run  Net_Dbg_CM3_L.lib(net_sntp_client_core.o)
    0x08018174   0x08018174   0x0000002e   Code   RO         2605    i.net_strcasecmp    Net_Dbg_CM3_L.lib(net_common.o)
    0x080181a2   0x080181a2   0x0000001a   Code   RO         2607    i.net_strcmp        Net_Dbg_CM3_L.lib(net_common.o)
    0x080181bc   0x080181bc   0x00000012   Code   RO         2608    i.net_strcpy        Net_Dbg_CM3_L.lib(net_common.o)
    0x080181ce   0x080181ce   0x0000001c   Code   RO         2610    i.net_strnchr       Net_Dbg_CM3_L.lib(net_common.o)
    0x080181ea   0x080181ea   0x0000001a   Code   RO         2611    i.net_strncpy       Net_Dbg_CM3_L.lib(net_common.o)
    0x08018204   0x08018204   0x00000020   Code   RO         2612    i.net_strtoupper    Net_Dbg_CM3_L.lib(net_common.o)
    0x08018224   0x08018224   0x0000000c   Code   RO         2299    i.net_sys_lock      Net_Dbg_CM3_L.lib(net_sys.o)
    0x08018230   0x08018230   0x00000016   Code   RO         2300    i.net_sys_resume    Net_Dbg_CM3_L.lib(net_sys.o)
    0x08018246   0x08018246   0x00000002   PAD
    0x08018248   0x08018248   0x00000014   Code   RO         2302    i.net_sys_tick      Net_Dbg_CM3_L.lib(net_sys.o)
    0x0801825c   0x0801825c   0x0000000c   Code   RO         2303    i.net_sys_unlock    Net_Dbg_CM3_L.lib(net_sys.o)
    0x08018268   0x08018268   0x00000020   Code   RO         2305    i.net_sys_wakeup    Net_Dbg_CM3_L.lib(net_sys.o)
    0x08018288   0x08018288   0x00000084   Code   RO         1996    i.net_tcp_abort     Net_Dbg_CM3_L.lib(net_tcp.o)
    0x0801830c   0x0801830c   0x000000e4   Code   RO         1999    i.net_tcp_close     Net_Dbg_CM3_L.lib(net_tcp.o)
    0x080183f0   0x080183f0   0x0000002e   Code   RO         2002    i.net_tcp_get_buf   Net_Dbg_CM3_L.lib(net_tcp.o)
    0x0801841e   0x0801841e   0x00000002   PAD
    0x08018420   0x08018420   0x00000034   Code   RO         2004    i.net_tcp_get_local_port  Net_Dbg_CM3_L.lib(net_tcp.o)
    0x08018454   0x08018454   0x00000028   Code   RO         2005    i.net_tcp_get_mss   Net_Dbg_CM3_L.lib(net_tcp.o)
    0x0801847c   0x0801847c   0x00000054   Code   RO         2007    i.net_tcp_get_peer  Net_Dbg_CM3_L.lib(net_tcp.o)
    0x080184d0   0x080184d0   0x00000070   Code   RO         2009    i.net_tcp_get_socket  Net_Dbg_CM3_L.lib(net_tcp.o)
    0x08018540   0x08018540   0x0000002c   Code   RO         2010    i.net_tcp_get_state  Net_Dbg_CM3_L.lib(net_tcp.o)
    0x0801856c   0x0801856c   0x00000034   Code   RO         2011    i.net_tcp_get_timer  Net_Dbg_CM3_L.lib(net_tcp.o)
    0x080185a0   0x080185a0   0x000000b0   Code   RO         2012    i.net_tcp_listen    Net_Dbg_CM3_L.lib(net_tcp.o)
    0x08018650   0x08018650   0x000007a8   Code   RO         2014    i.net_tcp_process   Net_Dbg_CM3_L.lib(net_tcp.o)
    0x08018df8   0x08018df8   0x0000015c   Code   RO         2018    i.net_tcp_send      Net_Dbg_CM3_L.lib(net_tcp.o)
    0x08018f54   0x08018f54   0x0000012c   Code   RO         2020    i.net_tcp_set_option  Net_Dbg_CM3_L.lib(net_tcp.o)
    0x08019080   0x08019080   0x00000028   Code   RO         2021    i.net_tcp_socket_init  Net_Dbg_CM3_L.lib(net_tcp.o)
    0x080190a8   0x080190a8   0x000003c0   Code   RO         2022    i.net_tcp_socket_run  Net_Dbg_CM3_L.lib(net_tcp.o)
    0x08019468   0x08019468   0x00000048   Code   RO         1930    i.net_udp_close     Net_Dbg_CM3_L.lib(net_udp.o)
    0x080194b0   0x080194b0   0x0000002e   Code   RO         1933    i.net_udp_get_buf   Net_Dbg_CM3_L.lib(net_udp.o)
    0x080194de   0x080194de   0x00000002   PAD
    0x080194e0   0x080194e0   0x00000070   Code   RO         1936    i.net_udp_get_socket  Net_Dbg_CM3_L.lib(net_udp.o)
    0x08019550   0x08019550   0x000000ac   Code   RO         1938    i.net_udp_open      Net_Dbg_CM3_L.lib(net_udp.o)
    0x080195fc   0x080195fc   0x00000158   Code   RO         1939    i.net_udp_process   Net_Dbg_CM3_L.lib(net_udp.o)
    0x08019754   0x08019754   0x00000012   Code   RO         1941    i.net_udp_send      Net_Dbg_CM3_L.lib(net_udp.o)
    0x08019766   0x08019766   0x00000002   PAD
    0x08019768   0x08019768   0x0000022c   Code   RO         1942    i.net_udp_send_if   Net_Dbg_CM3_L.lib(net_udp.o)
    0x08019994   0x08019994   0x00000024   Code   RO         1944    i.net_udp_socket_init  Net_Dbg_CM3_L.lib(net_udp.o)
    0x080199b8   0x080199b8   0x00000008   Code   RO         2613    i.net_ultoa         Net_Dbg_CM3_L.lib(net_common.o)
    0x080199c0   0x080199c0   0x00000030   Code   RO         2616    i.net_ultox         Net_Dbg_CM3_L.lib(net_common.o)
    0x080199f0   0x080199f0   0x0000004c   Code   RO         2617    i.net_xtoul         Net_Dbg_CM3_L.lib(net_common.o)
    0x08019a3c   0x08019a3c   0x0000001c   Code   RO         2272    i.ping_send_req     Net_Dbg_CM3_L.lib(net_ping_core.o)
    0x08019a58   0x08019a58   0x00000058   Code   RO         2170    i.proc_req_line     Net_Dbg_CM3_L.lib(net_http_server.o)
    0x08019ab0   0x08019ab0   0x0000001a   Code   RO         1887    i.que_free_list     Net_Dbg_CM3_L.lib(net_ip4_frag.o)
    0x08019aca   0x08019aca   0x000000a0   Code   RO         2171    i.read_script_line  Net_Dbg_CM3_L.lib(net_http_server.o)
    0x08019b6a   0x08019b6a   0x00000048   Code   RO         2172    i.search_delim      Net_Dbg_CM3_L.lib(net_http_server.o)
    0x08019bb2   0x08019bb2   0x00000002   PAD
    0x08019bb4   0x08019bb4   0x000000fc   Code   RO         2246    i.sntp_listener     Net_Dbg_CM3_L.lib(net_sntp_client_core.o)
    0x08019cb0   0x08019cb0   0x0000003c   Code   RO         2247    i.sntp_send_message  Net_Dbg_CM3_L.lib(net_sntp_client_core.o)
    0x08019cec   0x08019cec   0x00000018   Code   RO         2249    i.sntp_stop         Net_Dbg_CM3_L.lib(net_sntp_client_core.o)
    0x08019d04   0x08019d04   0x00000018   Code   RO         2306    i.sys_map_if        Net_Dbg_CM3_L.lib(net_sys.o)
    0x08019d1c   0x08019d1c   0x0000004c   Code   RO         2307    i.sys_proc_tick     Net_Dbg_CM3_L.lib(net_sys.o)
    0x08019d68   0x08019d68   0x00000110   Code   RO         2024    i.tcp_map_socket    Net_Dbg_CM3_L.lib(net_tcp.o)
    0x08019e78   0x08019e78   0x00000084   Code   RO         2025    i.tcp_parse_opt     Net_Dbg_CM3_L.lib(net_tcp.o)
    0x08019efc   0x08019efc   0x0000011c   Code   RO         2026    i.tcp_proc_acknr    Net_Dbg_CM3_L.lib(net_tcp.o)
    0x0801a018   0x0801a018   0x000000ac   Code   RO         2027    i.tcp_proc_dupack   Net_Dbg_CM3_L.lib(net_tcp.o)
    0x0801a0c4   0x0801a0c4   0x0000001a   Code   RO         2028    i.tcp_que_free      Net_Dbg_CM3_L.lib(net_tcp.o)
    0x0801a0de   0x0801a0de   0x0000001a   Code   RO         2029    i.tcp_que_init      Net_Dbg_CM3_L.lib(net_tcp.o)
    0x0801a0f8   0x0801a0f8   0x000000ac   Code   RO         2030    i.tcp_que_resend    Net_Dbg_CM3_L.lib(net_tcp.o)
    0x0801a1a4   0x0801a1a4   0x00000090   Code   RO         2031    i.tcp_send_ctrl     Net_Dbg_CM3_L.lib(net_tcp.o)
    0x0801a234   0x0801a234   0x0000007c   Code   RO         2032    i.tcp_send_data     Net_Dbg_CM3_L.lib(net_tcp.o)
    0x0801a2b0   0x0801a2b0   0x00000090   Code   RO         2033    i.tcp_send_reset    Net_Dbg_CM3_L.lib(net_tcp.o)
    0x0801a340   0x0801a340   0x00000044   Code   RO         2034    i.tcp_set_cwnd      Net_Dbg_CM3_L.lib(net_tcp.o)
    0x0801a384   0x0801a384   0x00000074   Code   RO         2035    i.tcp_transit       Net_Dbg_CM3_L.lib(net_tcp.o)
    0x0801a3f8   0x0801a3f8   0x0000010c   Code   RO         2036    i.tcp_write         Net_Dbg_CM3_L.lib(net_tcp.o)
    0x0801a504   0x0801a504   0x0000002c   Code   RO         1946    i.udp_port_in_use   Net_Dbg_CM3_L.lib(net_udp.o)
    0x0801a530   0x0801a530   0x00000044   Code   RO         2618    i.ul2str            Net_Dbg_CM3_L.lib(net_common.o)
    0x0801a574   0x0801a574   0x00000124   Code   RO         2173    i.utc_to_http       Net_Dbg_CM3_L.lib(net_http_server.o)
    0x0801a698   0x0801a698   0x00000024   Data   RO          179    .constdata          http_server.o
    0x0801a6bc   0x0801a6bc   0x00000004   Data   RO          250    .constdata          web.o
    0x0801a6c0   0x0801a6c0   0x00006407   Data   RO          251    .constdata          web.o
    0x08020ac7   0x08020ac7   0x00000001   PAD
    0x08020ac8   0x08020ac8   0x000000a0   Data   RO          252    .constdata          web.o
    0x08020b68   0x08020b68   0x0000000a   Data   RO          271    .constdata          stm32f4xx_nucleo_144.o
    0x08020b72   0x08020b72   0x00000960   Data   RO          327    .constdata          lcd_1.o
    0x080214d2   0x080214d2   0x00000002   PAD
    0x080214d4   0x080214d4   0x00000018   Data   RO          416    .constdata          led_nucleo_f429zi.o
    0x080214ec   0x080214ec   0x00000024   Data   RO          627    .constdata          rtx_lib.o
    0x08021510   0x08021510   0x00000024   Data   RO          628    .constdata          rtx_lib.o
    0x08021534   0x08021534   0x00000018   Data   RO          629    .constdata          rtx_lib.o
    0x0802154c   0x0802154c   0x00000004   Data   RO          631    .constdata          rtx_lib.o
    0x08021550   0x08021550   0x00000004   Data   RO          972    .constdata          phy_lan8742a.o
    0x08021554   0x08021554   0x00000020   Data   RO          973    .constdata          phy_lan8742a.o
    0x08021574   0x08021574   0x00000050   Data   RO         1000    .constdata          emac_stm32f4xx.o
    0x080215c4   0x080215c4   0x00000044   Data   RO         1001    .constdata          emac_stm32f4xx.o
    0x08021608   0x08021608   0x00000034   Data   RO         1043    .constdata          spi_stm32f4xx.o
    0x0802163c   0x0802163c   0x00000010   Data   RO         1044    .constdata          spi_stm32f4xx.o
    0x0802164c   0x0802164c   0x00000010   Data   RO         1045    .constdata          spi_stm32f4xx.o
    0x0802165c   0x0802165c   0x0000002c   Data   RO         1046    .constdata          spi_stm32f4xx.o
    0x08021688   0x08021688   0x00000018   Data   RO         1082    .constdata          eventrecorder.o
    0x080216a0   0x080216a0   0x00000008   Data   RO         1247    .constdata          stm32f4xx_hal_dma.o
    0x080216a8   0x080216a8   0x00000010   Data   RO         1543    .constdata          system_stm32f4xx_1.o
    0x080216b8   0x080216b8   0x00000008   Data   RO         1544    .constdata          system_stm32f4xx_1.o
    0x080216c0   0x080216c0   0x000000a8   Data   RO         1635    .constdata          net_config.o
    0x08021768   0x08021768   0x0000001c   Data   RO         1636    .constdata          net_config.o
    0x08021784   0x08021784   0x00000014   Data   RO         1637    .constdata          net_config.o
    0x08021798   0x08021798   0x0000000c   Data   RO         1638    .constdata          net_config.o
    0x080217a4   0x080217a4   0x00000028   Data   RO         1639    .constdata          net_config.o
    0x080217cc   0x080217cc   0x0000002c   Data   RO         1640    .constdata          net_config.o
    0x080217f8   0x080217f8   0x00000008   Data   RO         1641    .constdata          net_config.o
    0x08021800   0x08021800   0x00000008   Data   RO         1642    .constdata          net_config.o
    0x08021808   0x08021808   0x00000008   Data   RO         1643    .constdata          net_config.o
    0x08021810   0x08021810   0x00000008   Data   RO         1644    .constdata          net_config.o
    0x08021818   0x08021818   0x00000008   Data   RO         1645    .constdata          net_config.o
    0x08021820   0x08021820   0x00000008   Data   RO         1646    .constdata          net_config.o
    0x08021828   0x08021828   0x00000008   Data   RO         1647    .constdata          net_config.o
    0x08021830   0x08021830   0x00000004   Data   RO         1649    .constdata          net_config.o
    0x08021834   0x08021834   0x00000008   Data   RO         1650    .constdata          net_config.o
    0x0802183c   0x0802183c   0x0000000c   Data   RO         1651    .constdata          net_config.o
    0x08021848   0x08021848   0x00000018   Data   RO         1652    .constdata          net_config.o
    0x08021860   0x08021860   0x00000034   Data   RO         1653    .constdata          net_config.o
    0x08021894   0x08021894   0x00000008   Data   RO         1654    .constdata          net_config.o
    0x0802189c   0x0802189c   0x0000002c   Data   RO         1655    .constdata          net_config.o
    0x080218c8   0x080218c8   0x00000024   Data   RO         1656    .constdata          net_config.o
    0x080218ec   0x080218ec   0x00000010   Data   RO         1658    .constdata          net_config.o
    0x080218fc   0x080218fc   0x00000010   Data   RO         1659    .constdata          net_config.o
    0x0802190c   0x0802190c   0x0000002c   Data   RO         1868    .constdata          Net_Dbg_CM3_L.lib(net_loopback.o)
    0x08021938   0x08021938   0x0000000c   Data   RO         1869    .constdata          Net_Dbg_CM3_L.lib(net_loopback.o)
    0x08021944   0x08021944   0x00000008   Data   RO         2106    .constdata          Net_Dbg_CM3_L.lib(net_nbns_client.o)
    0x0802194c   0x0802194c   0x000000fa   Data   RO         2175    .constdata          Net_Dbg_CM3_L.lib(net_http_server.o)
    0x08021a46   0x08021a46   0x00000012   Data   RO         2274    .constdata          Net_Dbg_CM3_L.lib(net_ping_core.o)
    0x08021a58   0x08021a58   0x00000010   Data   RO         2367    .constdata          Net_Dbg_CM3_L.lib(net_addr.o)
    0x08021a68   0x08021a68   0x00000006   Data   RO         2368    .constdata          Net_Dbg_CM3_L.lib(net_addr.o)
    0x08021a6e   0x08021a6e   0x00000004   Data   RO         2490    .constdata          Net_Dbg_CM3_L.lib(net_ip4.o)
    0x08021a72   0x08021a72   0x00000020   Data   RO         2525    .constdata          Net_Dbg_CM3_L.lib(net_ip6.o)
    0x08021a92   0x08021a92   0x00000002   PAD
    0x08021a94   0x08021a94   0x00000018   Data   RO         2565    .constdata          Net_Dbg_CM3_L.lib(net_http_server_err.o)
    0x08021aac   0x08021aac   0x00000010   Data   RO         2619    .constdata          Net_Dbg_CM3_L.lib(net_common.o)
    0x08021abc   0x08021abc   0x00000004   Data   RO         2649    .constdata          Net_Dbg_CM3_L.lib(net_version.o)
    0x08021ac0   0x08021ac0   0x000000da   Data   RO          231    .conststring        http_server_cgi.o
    0x08021b9a   0x08021b9a   0x00000002   PAD
    0x08021b9c   0x08021b9c   0x00000078   Data   RO         1660    .conststring        net_config.o
    0x08021c14   0x08021c14   0x0000000d   Data   RO         1661    .conststring        net_config.o
    0x08021c21   0x08021c21   0x00000003   PAD
    0x08021c24   0x08021c24   0x00000035   Data   RO         1662    .conststring        net_config.o
    0x08021c59   0x08021c59   0x00000003   PAD
    0x08021c5c   0x08021c5c   0x00000001   Data   RO         1663    .conststring        net_config.o
    0x08021c5d   0x08021c5d   0x00000003   PAD
    0x08021c60   0x08021c60   0x0000000f   Data   RO         1664    .conststring        net_config.o
    0x08021c6f   0x08021c6f   0x00000001   PAD
    0x08021c70   0x08021c70   0x00000203   Data   RO         2566    .conststring        Net_Dbg_CM3_L.lib(net_http_server_err.o)
    0x08021e73   0x08021e73   0x00000001   PAD
    0x08021e74   0x08021e74   0x0000000b   Data   RO          571    .conststrlit        rtx_kernel.o
    0x08021e7f   0x08021e7f   0x00000001   PAD
    0x08021e80   0x08021e80   0x000000a8   Data   RO          632    .rodata             rtx_lib.o
    0x08021f28   0x08021f28   0x00000030   Data   RO         2993    Region$$Table       anon$$obj.o


    Execution Region RW_IRAM2 (Exec base: 0x10000000, Load base: 0x0802209c, Size: 0x000004a4, Max: 0x00010000, ABSOLUTE)

    Exec Addr    Load Addr    Size         Type   Attr      Idx    E Section Name        Object

    0x10000000        -       0x000004a4   Zero   RW         1081    .bss.noinit         eventrecorder.o


    Execution Region RW_IRAM1 (Exec base: 0x20000000, Load base: 0x08021f58, Size: 0x0000f710, Max: 0x00030000, ABSOLUTE, COMPRESSED[0x00000144])

    Exec Addr    Load Addr    Size         Type   Attr      Idx    E Section Name        Object

    0x20000000   COMPRESSED   0x00008000   Data   RW          619    .bss.os             rtx_lib.o
    0x20008000   COMPRESSED   0x00000040   Data   RW          620    .bss.os             rtx_lib.o
    0x20008040   COMPRESSED   0x00000001   Data   RW          924    .bss.os             os_systick.o
    0x20008041   COMPRESSED   0x00000003   PAD
    0x20008044   COMPRESSED   0x00000034   Data   RW          621    .bss.os.msgqueue.cb  rtx_lib.o
    0x20008078   COMPRESSED   0x00000050   Data   RW          622    .bss.os.msgqueue.mem  rtx_lib.o
    0x200080c8   COMPRESSED   0x0000001c   Data   RW         1629    .bss.os.mutex.cb    net_config.o
    0x200080e4   COMPRESSED   0x0000001c   Data   RW         1630    .bss.os.mutex.cb    net_config.o
    0x20008100   COMPRESSED   0x00000010   Data   RW         1631    .bss.os.semaphore.cb  net_config.o
    0x20008110   COMPRESSED   0x00000044   Data   RW          623    .bss.os.thread.cb   rtx_lib.o
    0x20008154   COMPRESSED   0x00000044   Data   RW          624    .bss.os.thread.cb   rtx_lib.o
    0x20008198   COMPRESSED   0x00000044   Data   RW         1632    .bss.os.thread.cb   net_config.o
    0x200081dc   COMPRESSED   0x00000044   Data   RW         1633    .bss.os.thread.cb   net_config.o
    0x20008220   COMPRESSED   0x00000200   Data   RW          625    .bss.os.thread.idle.stack  rtx_lib.o
    0x20008420   COMPRESSED   0x00000200   Data   RW          626    .bss.os.thread.timer.stack  rtx_lib.o
    0x20008620   COMPRESSED   0x00000020   Data   RW         1634    .bss.os.timer.cb    net_config.o
    0x20008640   COMPRESSED   0x00000004   Data   RW            6    .data               main.o
    0x20008644   COMPRESSED   0x00000036   Data   RW          180    .data               http_server.o
    0x2000867a   COMPRESSED   0x00000002   PAD
    0x2000867c   COMPRESSED   0x00000008   Data   RW          232    .data               http_server_cgi.o
    0x20008684   COMPRESSED   0x00000014   Data   RW          272    .data               stm32f4xx_nucleo_144.o
    0x20008698   COMPRESSED   0x00000008   Data   RW          328    .data               lcd_1.o
    0x200086a0   COMPRESSED   0x00000001   Data   RW          363    .data               adc.o
    0x200086a1   COMPRESSED   0x00000003   PAD
    0x200086a4   COMPRESSED   0x0000000c   Data   RW         1141    .data               stm32f4xx_hal.o
    0x200086b0   COMPRESSED   0x00000004   Data   RW         1545    .data               system_stm32f4xx_1.o
    0x200086b4   COMPRESSED   0x00000004   Data   RW         1665    .data               net_config.o
    0x200086b8   COMPRESSED   0x00000006   Data   RW         1666    .data               net_config.o
    0x200086be   COMPRESSED   0x00000004   Data   RW         1667    .data               net_config.o
    0x200086c2   COMPRESSED   0x00000002   PAD
    0x200086c4   COMPRESSED   0x00000004   Data   RW         1870    .data               Net_Dbg_CM3_L.lib(net_loopback.o)
    0x200086c8   COMPRESSED   0x00000004   Data   RW         1888    .data               Net_Dbg_CM3_L.lib(net_ip4_frag.o)
    0x200086cc   COMPRESSED   0x00000001   Data   RW         1906    .data               Net_Dbg_CM3_L.lib(net_icmp.o)
    0x200086cd   COMPRESSED   0x00000001   PAD
    0x200086ce   COMPRESSED   0x00000002   Data   RW         1948    .data               Net_Dbg_CM3_L.lib(net_udp.o)
    0x200086d0   COMPRESSED   0x00000004   Data   RW         2039    .data               Net_Dbg_CM3_L.lib(net_tcp.o)
    0x200086d4   COMPRESSED   0x00000001   Data   RW         2107    .data               Net_Dbg_CM3_L.lib(net_nbns_client.o)
    0x200086d5   COMPRESSED   0x00000003   PAD
    0x200086d8   COMPRESSED   0x0000000c   Data   RW         2176    .data               Net_Dbg_CM3_L.lib(net_http_server.o)
    0x200086e4   COMPRESSED   0x00000008   Data   RW         2491    .data               Net_Dbg_CM3_L.lib(net_ip4.o)
    0x200086ec   COMPRESSED   0x00000004   Data   RW         2527    .data               Net_Dbg_CM3_L.lib(net_ip6.o)
    0x200086f0   COMPRESSED   0x000000a4   Data   RW          572    .data.os            rtx_kernel.o
    0x20008794        -       0x00000084   Zero   RW            5    .bss                main.o
    0x20008818        -       0x00000400   Zero   RW          177    .bss                http_server.o
    0x20008c18        -       0x00000040   Zero   RW          178    .bss                http_server.o
    0x20008c58        -       0x00000038   Zero   RW          230    .bss                http_server_cgi.o
    0x20008c90        -       0x000000b0   Zero   RW          270    .bss                stm32f4xx_nucleo_144.o
    0x20008d40        -       0x00000240   Zero   RW          326    .bss                lcd_1.o
    0x20008f80        -       0x00000048   Zero   RW          362    .bss                adc.o
    0x20008fc8        -       0x0000000c   Zero   RW          971    .bss                phy_lan8742a.o
    0x20008fd4        -       0x000024cc   Zero   RW          999    .bss                emac_stm32f4xx.o
    0x2000b4a0        -       0x00000010   Zero   RW         1041    .bss                spi_stm32f4xx.o
    0x2000b4b0        -       0x0000001c   Zero   RW         1042    .bss                spi_stm32f4xx.o
    0x2000b4cc   COMPRESSED   0x00000004   PAD
    0x2000b4d0        -       0x00000400   Zero   RW         1620    .bss                net_config.o
    0x2000b8d0        -       0x00000400   Zero   RW         1621    .bss                net_config.o
    0x2000bcd0        -       0x00002ee0   Zero   RW         1622    .bss                net_config.o
    0x2000ebb0        -       0x000000c8   Zero   RW         1623    .bss                net_config.o
    0x2000ec78        -       0x00000018   Zero   RW         1624    .bss                net_config.o
    0x2000ec90        -       0x00000028   Zero   RW         1625    .bss                net_config.o
    0x2000ecb8        -       0x00000050   Zero   RW         1626    .bss                net_config.o
    0x2000ed08        -       0x00000228   Zero   RW         1627    .bss                net_config.o
    0x2000ef30        -       0x00000150   Zero   RW         1628    .bss                net_config.o
    0x2000f080        -       0x000000a0   Zero   RW         1765    .bss                Net_Dbg_CM3_L.lib(net_eth.o)
    0x2000f120        -       0x00000018   Zero   RW         1825    .bss                Net_Dbg_CM3_L.lib(net_arp.o)
    0x2000f138        -       0x0000001c   Zero   RW         1947    .bss                Net_Dbg_CM3_L.lib(net_udp.o)
    0x2000f154        -       0x00000098   Zero   RW         2174    .bss                Net_Dbg_CM3_L.lib(net_http_server.o)
    0x2000f1ec        -       0x0000002c   Zero   RW         2250    .bss                Net_Dbg_CM3_L.lib(net_sntp_client_core.o)
    0x2000f218        -       0x0000002c   Zero   RW         2273    .bss                Net_Dbg_CM3_L.lib(net_ping_core.o)
    0x2000f244        -       0x00000038   Zero   RW         2308    .bss                Net_Dbg_CM3_L.lib(net_sys.o)
    0x2000f27c        -       0x00000024   Zero   RW         2309    .bss                Net_Dbg_CM3_L.lib(net_sys.o)
    0x2000f2a0        -       0x0000005c   Zero   RW         2366    .bss                Net_Dbg_CM3_L.lib(net_addr.o)
    0x2000f2fc        -       0x00000014   Zero   RW         2581    .bss                Net_Dbg_CM3_L.lib(net_mem.o)
    0x2000f310        -       0x00000400   Zero   RW         1532    STACK               startup_stm32f429xx.o


==============================================================================

Image component sizes


      Code (inc. data)   RO Data    RW Data    ZI Data      Debug   Object Name

       284         24          0          1         72       2272   adc.o
      2536        156        148          0       9420      47378   emac_stm32f4xx.o
      1452         40         24          0       1188      17204   eventrecorder.o
       248         36         36         54       1088      11012   http_server.o
      1824        340        218          8         56       7589   http_server_cgi.o
       148          8          0          0          0        568   irq_armv7m.o
      1144         44       2400          8        576       5153   lcd_1.o
       236         10         24          0          0       2697   led_nucleo_f429zi.o
       632         60          0          4        132     815255   main.o
       372         24        790        254      15280      32305   net_config.o
       338          0          0          0          0        798   net_debug.o
       196         12          0          1          0       1932   os_systick.o
       428         10         36          0         12       6718   phy_lan8742a.o
         4          0          0          0          0        563   rtx_config.o
       260         14          0          0          0      17646   rtx_delay.o
      2392         88          0          0          0      45101   rtx_evr.o
      1740         96         11        164          0      27736   rtx_kernel.o
        24          0        268      34124          0       9667   rtx_lib.o
       292          0          0          0          0       3759   rtx_memory.o
      1984         48          0          0          0      14976   rtx_mempool.o
      2820         58          0          0          0      23460   rtx_msgqueue.o
      1368         30          0          0          0       9994   rtx_mutex.o
      1432         34          0          0          0      11704   rtx_semaphore.o
       668         18          0          0          0       8265   rtx_system.o
      4892        124          0          0          0      33397   rtx_thread.o
      1152         34          0          0          0      10097   rtx_timer.o
      3164         98        128          0         44      44715   spi_stm32f4xx.o
        36          8        428          0       1024        800   startup_stm32f429xx.o
       456         38          0         12          0      11319   stm32f4xx_hal.o
      2744         92          0          0          0       8763   stm32f4xx_hal_adc.o
      1828         42          0          0          0       6470   stm32f4xx_hal_adc_ex.o
       664         10          0          0          0      36014   stm32f4xx_hal_cortex.o
      1816         28          8          0          0       7577   stm32f4xx_hal_dma.o
       868         54          0          0          0       3931   stm32f4xx_hal_gpio.o
       100         10          0          0          0       1040   stm32f4xx_hal_msp.o
       376         20          0          0          0       3559   stm32f4xx_hal_pwr.o
      1888         66          0          0          0       6083   stm32f4xx_hal_rcc.o
      1508         80          0          0          0       4641   stm32f4xx_hal_rcc_ex.o
      2416         24          0          0          0       8645   stm32f4xx_hal_rtc.o
      2828         22          0          0          0      13629   stm32f4xx_hal_rtc_ex.o
      6308        132          0          0          0      20357   stm32f4xx_hal_spi.o
      9170        166          0          0          0      37580   stm32f4xx_hal_tim.o
      2992         62          0          0          0      13596   stm32f4xx_hal_tim_ex.o
        12          0          0          0          0        875   stm32f4xx_it.o
      1564         62         10         20        176       8163   stm32f4xx_nucleo_144.o
       148         20         24          4          0       1669   system_stm32f4xx_1.o
       120         10      25771          0          0       1628   web.o

    ----------------------------------------------------------------------
     69874       2352      30388      34664      29072    1408300   Object Totals
         0          0         48          0          0          0   (incl. Generated)
         2          0         16         10          4          0   (incl. Padding)

    ----------------------------------------------------------------------

      Code (inc. data)   RO Data    RW Data    ZI Data      Debug   Library Member Name

      1458         18         22          0         92       1624   net_addr.o
      2874        144          0          0         24       1548   net_arp.o
       600         10         16          0          0       1272   net_common.o
      3664        138          0          0        160       1600   net_eth.o
      6834       1268        250         12        152       2852   net_http_server.o
         0          0        539          0          0          0   net_http_server_err.o
       640         48          0          1          0        236   net_icmp.o
       812         60          0          0          0        332   net_icmp6.o
      1188         82          4          8          0        956   net_ip4.o
       690         30          0          4          0        476   net_ip4_frag.o
       848         72         32          4          0        644   net_ip6.o
       348         28         56          4          0        256   net_loopback.o
       592         64          0          0         20        564   net_mem.o
       520         44          8          1          0        188   net_nbns_client.o
      3058        106          0          0          0       1404   net_ndp.o
       188         32         18          0         44        220   net_ping_core.o
       516         54          0          0         44        412   net_sntp_client_core.o
       834         84          0          0         92       1012   net_sys.o
      6566        282          0          4          0       2728   net_tcp.o
      1400         80          0          2         28        772   net_udp.o
         0          0          4          0          0          0   net_version.o
        86          0          0          0          0          0   __dczerorl2.o
         0          0          0          0          0          0   entry.o
         0          0          0          0          0          0   entry10a.o
         0          0          0          0          0          0   entry11a.o
         4          0          0          0          0          0   entry12b.o
         8          4          0          0          0          0   entry2.o
         4          0          0          0          0          0   entry5.o
         0          0          0          0          0          0   entry7b.o
         0          0          0          0          0          0   entry8b.o
         8          4          0          0          0          0   entry9a.o
        30          0          0          0          0          0   handlers.o
        36          8          0          0          0         68   init.o
         0          0          0          0          0          0   iusefp.o
        30          0          0          0          0         68   llshl.o
        36          0          0          0          0         68   llsshr.o
        32          0          0          0          0         68   llushr.o
        26          0          0          0          0         80   memcmp.o
        36          0          0          0          0         68   memcpya.o
        36          0          0          0          0        108   memseta.o
      2236         86          0          0          0        532   printfa.o
        28          0          0          0          0         76   strcmp.o
        18          0          0          0          0         68   strcpy.o
        14          0          0          0          0         68   strlen.o
        30          0          0          0          0         80   strncmp.o
        44          0          0          0          0         80   uidiv.o
        98          0          0          0          0         92   uldiv.o
        48          0          0          0          0         68   cdrcmple.o
       334          0          0          0          0        148   dadd.o
       222          0          0          0          0        100   ddiv.o
       186          0          0          0          0        176   depilogue.o
        48          0          0          0          0         68   dfixul.o
       228          0          0          0          0         96   dmul.o
        46          0          0          0          0         80   dscalb.o
        38          0          0          0          0         68   f2d.o
       110          0          0          0          0        168   fepilogue.o
        10          0          0          0          0         68   ffltui.o
       100          0          0          0          0         76   fmul.o

    ----------------------------------------------------------------------
     37882       2746        952         44        656      21736   Library Totals
        42          0          3          4          0          0   (incl. Padding)

    ----------------------------------------------------------------------

      Code (inc. data)   RO Data    RW Data    ZI Data      Debug   Library Name

     33630       2644        949         40        656      19096   Net_Dbg_CM3_L.lib
      2840        102          0          0          0       1524   mc_w.l
      1370          0          0          0          0       1116   mf_w.l

    ----------------------------------------------------------------------
     37882       2746        952         44        656      21736   Library Totals

    ----------------------------------------------------------------------

==============================================================================


      Code (inc. data)   RO Data    RW Data    ZI Data      Debug   

    107756       5098      31340      34708      29728    1412016   Grand Totals
    107756       5098      31340        324      29728    1412016   ELF Image Totals (compressed)
    107756       5098      31340        324          0          0   ROM Totals

==============================================================================

    Total RO  Size (Code + RO Data)               139096 ( 135.84kB)
    Total RW  Size (RW Data + ZI Data)             64436 (  62.93kB)
    Total ROM Size (Code + RO Data + RW Data)     139420 ( 136.15kB)

==============================================================================

