Component: ARM Compiler 5.06 update 7 (build 960) Tool: armlink [4d3601]

==============================================================================

Section Cross References

    main.o(.text) refers to rtx_kernel.o(.text) for osKernelGetState
    main.o(.text) refers to stm32f4xx_hal_rcc.o(.text) for HAL_RCC_OscConfig
    main.o(.text) refers to stm32f4xx_hal.o(.text) for HAL_GetREVID
    main.o(.text) refers to system_stm32f4xx_1.o(.text) for SystemCoreClockUpdate
    main.o(.text) refers to rtx_thread.o(.text) for osThreadNew
    main.o(.text) refers to rtc.o(.text) for Init_ThRTC
    main.o(.text) refers to system_stm32f4xx_1.o(.data) for SystemCoreClock
    main.o(.text) refers to main.o(.data) for .data
    main.o(.text) refers to http_server.o(.constdata) for app_main_attr
    main.o(.text) refers to http_server.o(.text) for app_main
    http_server.o(.text) refers to adc.o(.text) for ADC_StartConversion
    http_server.o(.text) refers to rtx_thread.o(.text) for osThreadFlagsSet
    http_server.o(.text) refers to lcd_1.o(.text) for startLCD
    http_server.o(.text) refers to printfa.o(i.__0sprintf) for __2sprintf
    http_server.o(.text) refers to led_nucleo_f429zi.o(.text) for LED_SetOut
    http_server.o(.text) refers to rtx_delay.o(.text) for osDelay
    http_server.o(.text) refers to net_sys.o(i.netInitialize) for netInitialize
    http_server.o(.text) refers to http_server.o(.data) for .data
    http_server.o(.text) refers to http_server.o(.bss) for .bss
    http_server.o(.constdata) refers to http_server.o(.bss) for app_main_stk
    http_server_cgi.o(.text) refers to net_http_server.o(i.netCGI_GetEnvVar) for netCGI_GetEnvVar
    http_server_cgi.o(.text) refers to net_addr.o(i.netIP_aton) for netIP_aton
    http_server_cgi.o(.text) refers to net_sys.o(i.netIF_SetOption) for netIF_SetOption
    http_server_cgi.o(.text) refers to strcmp.o(.text) for strcmp
    http_server_cgi.o(.text) refers to strncmp.o(.text) for strncmp
    http_server_cgi.o(.text) refers to led_nucleo_f429zi.o(.text) for LED_SetOut
    http_server_cgi.o(.text) refers to net_http_server.o(i.netHTTPs_LoginActive) for netHTTPs_LoginActive
    http_server_cgi.o(.text) refers to strcpy.o(.text) for strcpy
    http_server_cgi.o(.text) refers to net_http_server.o(i.netHTTPs_SetPassword) for netHTTPs_SetPassword
    http_server_cgi.o(.text) refers to rtx_thread.o(.text) for osThreadFlagsSet
    http_server_cgi.o(.text) refers to net_sys.o(i.netIF_GetOption) for netIF_GetOption
    http_server_cgi.o(.text) refers to net_addr.o(i.netIP_ntoa) for netIP_ntoa
    http_server_cgi.o(.text) refers to printfa.o(i.__0sprintf) for __2sprintf
    http_server_cgi.o(.text) refers to net_tcp.o(i.netTCP_GetState) for netTCP_GetState
    http_server_cgi.o(.text) refers to net_tcp.o(i.netTCP_GetPeer) for netTCP_GetPeer
    http_server_cgi.o(.text) refers to net_tcp.o(i.netTCP_GetTimer) for netTCP_GetTimer
    http_server_cgi.o(.text) refers to net_tcp.o(i.netTCP_GetLocalPort) for netTCP_GetLocalPort
    http_server_cgi.o(.text) refers to net_http_server.o(i.netHTTPs_GetPassword) for netHTTPs_GetPassword
    http_server_cgi.o(.text) refers to http_server_cgi.o(.bss) for .bss
    http_server_cgi.o(.text) refers to http_server_cgi.o(.data) for .data
    http_server_cgi.o(.text) refers to http_server.o(.data) for LEDrun
    http_server_cgi.o(.text) refers to http_server_cgi.o(.conststring) for .conststring
    http_server_cgi.o(.text) refers to net_http_server.o(i.netHTTPs_GetLanguage) for netHTTPs_GetLanguage
    http_server_cgi.o(.text) refers to http_server.o(.text) for AD_in
    http_server_cgi.o(.text) refers to ffltui.o(.text) for __aeabi_ui2f
    http_server_cgi.o(.text) refers to fmul.o(.text) for __aeabi_fmul
    http_server_cgi.o(.text) refers to f2d.o(.text) for __aeabi_f2d
    http_server_cgi.o(.text) refers to dscalb.o(.text) for __ARM_scalbn
    http_server_cgi.o(.text) refers to rtc.o(.bss) for stimestructure
    http_server_cgi.o(.text) refers to rtc.o(.data) for sdatestructure
    web.o(.text) refers to web.o(.constdata) for .constdata
    web.o(.constdata) refers to web.o(.constdata) for imageFileData
    lcd_1.o(.text) refers to stm32f4xx_hal_gpio.o(.text) for HAL_GPIO_WritePin
    lcd_1.o(.text) refers to strlen.o(.text) for strlen
    lcd_1.o(.text) refers to stm32f4xx_hal_tim.o(.text) for HAL_TIM_Base_Init
    lcd_1.o(.text) refers to lcd_1.o(.data) for .data
    lcd_1.o(.text) refers to lcd_1.o(.bss) for .bss
    lcd_1.o(.text) refers to lcd_1.o(.constdata) for .constdata
    lcd_1.o(.data) refers to spi_stm32f4xx.o(.constdata) for Driver_SPI1
    adc.o(.text) refers to stm32f4xx_hal_gpio.o(.text) for HAL_GPIO_Init
    adc.o(.text) refers to stm32f4xx_hal_adc.o(.text) for HAL_ADC_Init
    adc.o(.text) refers to adc.o(.bss) for .bss
    adc.o(.text) refers to adc.o(.data) for .data
    rtc.o(.text) refers to lcd_1.o(.text) for lcd_borrar
    rtc.o(.text) refers to stm32f4xx_hal_rtc.o(.text) for HAL_RTC_GetTime
[...]
    __aeabi_ui2f                             0x0800f62f   Thumb Code    10  ffltui.o(.text)
    __aeabi_f2d                              0x0800f639   Thumb Code    38  f2d.o(.text)
    __aeabi_uidiv                            0x0800f65f   Thumb Code     0  uidiv.o(.text)
    __aeabi_uidivmod                         0x0800f65f   Thumb Code    44  uidiv.o(.text)
    __aeabi_llsl                             0x0800f68b   Thumb Code    30  llshl.o(.text)
    _ll_shift_l                              0x0800f68b   Thumb Code     0  llshl.o(.text)
    __aeabi_llsr                             0x0800f6a9   Thumb Code    32  llushr.o(.text)
    _ll_ushift_r                             0x0800f6a9   Thumb Code     0  llushr.o(.text)
    __I$use$fp                               0x0800f6c9   Thumb Code     0  iusefp.o(.text)
    _float_round                             0x0800f6c9   Thumb Code    18  fepilogue.o(.text)
    _float_epilogue                          0x0800f6db   Thumb Code    92  fepilogue.o(.text)
    __aeabi_dadd                             0x0800f737   Thumb Code   322  dadd.o(.text)
    __aeabi_dsub                             0x0800f879   Thumb Code     6  dadd.o(.text)
    __aeabi_drsub                            0x0800f87f   Thumb Code     6  dadd.o(.text)
    __aeabi_dmul                             0x0800f885   Thumb Code   228  dmul.o(.text)
    __aeabi_ddiv                             0x0800f969   Thumb Code   222  ddiv.o(.text)
    __aeabi_d2ulz                            0x0800fa47   Thumb Code    48  dfixul.o(.text)
    __aeabi_cdrcmple                         0x0800fa79   Thumb Code    48  cdrcmple.o(.text)
    __scatterload                            0x0800faa9   Thumb Code    28  init.o(.text)
    __scatterload_rt2                        0x0800faa9   Thumb Code     0  init.o(.text)
    __aeabi_lasr                             0x0800facd   Thumb Code    36  llsshr.o(.text)
    _ll_sshift_r                             0x0800facd   Thumb Code     0  llsshr.o(.text)
    _double_round                            0x0800faf1   Thumb Code    30  depilogue.o(.text)
    _double_epilogue                         0x0800fb0f   Thumb Code   156  depilogue.o(.text)
    __decompress                             0x0800fbab   Thumb Code     0  __dczerorl2.o(.text)
    __decompress1                            0x0800fbab   Thumb Code    86  __dczerorl2.o(.text)
    __0sprintf                               0x0800fc01   Thumb Code    34  printfa.o(i.__0sprintf)
    __1sprintf                               0x0800fc01   Thumb Code     0  printfa.o(i.__0sprintf)
    __2sprintf                               0x0800fc01   Thumb Code     0  printfa.o(i.__0sprintf)
    __c89sprintf                             0x0800fc01   Thumb Code     0  printfa.o(i.__0sprintf)
    sprintf                                  0x0800fc01   Thumb Code     0  printfa.o(i.__0sprintf)
    __scatterload_copy                       0x0800fc29   Thumb Code    14  handlers.o(i.__scatterload_copy)
    __scatterload_null                       0x0800fc37   Thumb Code     2  handlers.o(i.__scatterload_null)
    __scatterload_zeroinit                   0x0800fc39   Thumb Code    14  handlers.o(i.__scatterload_zeroinit)
    netCGI_Charset                           0x0801313d   Thumb Code     4  net_http_server.o(i.netCGI_Charset)
    netCGI_ContentType                       0x08013141   Thumb Code     4  net_http_server.o(i.netCGI_ContentType)
    netCGI_CustomHeader                      0x08013145   Thumb Code     4  net_http_server.o(i.netCGI_CustomHeader)
    netCGI_GetEnvVar                         0x08013149   Thumb Code   104  net_http_server.o(i.netCGI_GetEnvVar)
    netCGI_Redirect                          0x080131b5   Thumb Code     4  net_http_server.o(i.netCGI_Redirect)
    netCGX_ContentType                       0x080131b9   Thumb Code     4  net_http_server.o(i.netCGX_ContentType)
    netCore_Thread                           0x080131bd   Thumb Code    90  net_sys.o(i.netCore_Thread)
    netETH_Notify                            0x08013221   Thumb Code     2  net_eth.o(i.netETH_Notify)
    netETH_ReceiveRaw                        0x08013223   Thumb Code     2  net_eth.o(i.netETH_ReceiveRaw)
    netETH_Thread                            0x08013225   Thumb Code   114  net_eth.o(i.netETH_Thread)
    netHTTPs_AcceptClient                    0x08013297   Thumb Code     4  net_http_server.o(i.netHTTPs_AcceptClient)
    netHTTPs_FileAccess                      0x0801329b   Thumb Code     4  net_http_server.o(i.netHTTPs_FileAccess)
    netHTTPs_GetLanguage                     0x080132a1   Thumb Code    24  net_http_server.o(i.netHTTPs_GetLanguage)
    netHTTPs_GetPassword                     0x080132c1   Thumb Code     6  net_http_server.o(i.netHTTPs_GetPassword)
    netHTTPs_LoginActive                     0x080132cd   Thumb Code     6  net_http_server.o(i.netHTTPs_LoginActive)
    netHTTPs_SetPassword                     0x080132d9   Thumb Code    78  net_http_server.o(i.netHTTPs_SetPassword)
    netIF_GetOption                          0x08013331   Thumb Code   128  net_sys.o(i.netIF_GetOption)
    netIF_SetOption                          0x080133b9   Thumb Code   124  net_sys.o(i.netIF_SetOption)
    netIP_aton                               0x0801343d   Thumb Code    26  net_addr.o(i.netIP_aton)
    netIP_ntoa                               0x08013457   Thumb Code    50  net_addr.o(i.netIP_ntoa)
    netInitialize                            0x08013489   Thumb Code   156  net_sys.o(i.netInitialize)
    netMAC_aton                              0x08013535   Thumb Code   140  net_addr.o(i.netMAC_aton)
    netSNTPc_GetTime                         0x080135c1   Thumb Code    28  net_sntp_client_core.o(i.netSNTPc_GetTime)
    netTCP_GetLocalPort                      0x080135dd   Thumb Code     4  net_tcp.o(i.netTCP_GetLocalPort)
    netTCP_GetPeer                           0x080135e1   Thumb Code    32  net_tcp.o(i.netTCP_GetPeer)
    netTCP_GetState                          0x08013601   Thumb Code     4  net_tcp.o(i.netTCP_GetState)
    netTCP_GetTimer                          0x08013605   Thumb Code     4  net_tcp.o(i.netTCP_GetTimer)
    net_addr4_aton                           0x08013609   Thumb Code   124  net_addr.o(i.net_addr4_aton)
    net_addr4_to_mac                         0x08013685   Thumb Code    30  net_addr.o(i.net_addr4_to_mac)
    net_addr6_aton                           0x080136a5   Thumb Code   230  net_addr.o(i.net_addr6_aton)
    net_addr6_comp                           0x0801378b   Thumb Code    40  net_addr.o(i.net_addr6_comp)
    net_addr6_copy                           0x080137b3   Thumb Code    18  net_addr.o(i.net_addr6_copy)
    net_addr6_create                         0x080137c5   Thumb Code    70  net_addr.o(i.net_addr6_create)
    net_addr6_get_solicited                  0x08013811   Thumb Code    34  net_addr.o(i.net_addr6_get_solicited)
    net_addr6_is_linklocal                   0x08013839   Thumb Code    24  net_addr.o(i.net_addr6_is_linklocal)
    net_addr6_is_onlink                      0x08013851   Thumb Code   110  net_addr.o(i.net_addr6_is_onlink)
    net_addr6_is_solicited                   0x080138bf   Thumb Code    72  net_addr.o(i.net_addr6_is_solicited)
    net_addr6_is_unspec                      0x08013907   Thumb Code    24  net_addr.o(i.net_addr6_is_unspec)
    net_addr6_to_mac                         0x0801391f   Thumb Code    14  net_addr.o(i.net_addr6_to_mac)
    net_addr_comp                            0x0801392d   Thumb Code    44  net_addr.o(i.net_addr_comp)
    net_addr_copy                            0x08013959   Thumb Code    38  net_addr.o(i.net_addr_copy)
    net_addr_find_route                      0x0801397f   Thumb Code    26  net_addr.o(i.net_addr_find_route)
    net_addr_get_local                       0x08013999   Thumb Code    26  net_addr.o(i.net_addr_get_local)
    net_addr_is_unspec                       0x080139b9   Thumb Code    34  net_addr.o(i.net_addr_is_unspec)
    net_arp_cache_add                        0x080139dd   Thumb Code   276  net_arp.o(i.net_arp_cache_add)
    net_arp_cache_early                      0x08013af9   Thumb Code   180  net_arp.o(i.net_arp_cache_early)
    net_arp_cache_find                       0x08013bb5   Thumb Code   224  net_arp.o(i.net_arp_cache_find)
    net_arp_cache_init                       0x08013ca1   Thumb Code    64  net_arp.o(i.net_arp_cache_init)
    net_arp_cache_run                        0x08013ce9   Thumb Code    22  net_arp.o(i.net_arp_cache_run)
    net_arp_enqueue                          0x08013d05   Thumb Code   114  net_arp.o(i.net_arp_enqueue)
    net_arp_notify                           0x08013d7d   Thumb Code    32  net_arp.o(i.net_arp_notify)
    net_arp_process                          0x08013d9d   Thumb Code   536  net_arp.o(i.net_arp_process)
    net_atoi                                 0x08013fc1   Thumb Code    66  net_common.o(i.net_atoi)
    net_chksum_buf                           0x08014003   Thumb Code    48  net_common.o(i.net_chksum_buf)
    net_crc_buf                              0x08014033   Thumb Code    30  net_common.o(i.net_crc_buf)
    net_eth_callback                         0x08014051   Thumb Code    14  net_eth.o(i.net_eth_callback)
    net_eth_config_mcast                     0x0801405f   Thumb Code   104  net_eth.o(i.net_eth_config_mcast)
    net_eth_get_option                       0x080140c7   Thumb Code   234  net_eth.o(i.net_eth_get_option)
    net_eth_iface_init                       0x080141b1   Thumb Code    22  net_eth.o(i.net_eth_iface_init)
    net_eth_iface_run                        0x080141cd   Thumb Code    22  net_eth.o(i.net_eth_iface_run)
    net_eth_output                           0x080141e9   Thumb Code   164  net_eth.o(i.net_eth_output)
    net_eth_send_frame                       0x08014291   Thumb Code   462  net_eth.o(i.net_eth_send_frame)
    net_eth_set_option                       0x08014471   Thumb Code   610  net_eth.o(i.net_eth_set_option)
    net_http_server_init                     0x080146e1   Thumb Code   212  net_http_server.o(i.net_http_server_init)
    net_http_server_run                      0x080147c9   Thumb Code    30  net_http_server.o(i.net_http_server_run)
    net_icmp6_init                           0x080147f1   Thumb Code    20  net_icmp6.o(i.net_icmp6_init)
    net_icmp6_process                        0x08014809   Thumb Code   542  net_icmp6.o(i.net_icmp6_process)
    net_icmp6_send                           0x08014a41   Thumb Code   122  net_icmp6.o(i.net_icmp6_send)
    net_icmp6_send_echo                      0x08014ac5   Thumb Code    78  net_icmp6.o(i.net_icmp6_send_echo)
    net_icmp_init                            0x08014b1d   Thumb Code    20  net_icmp.o(i.net_icmp_init)
    net_icmp_process                         0x08014b35   Thumb Code   430  net_icmp.o(i.net_icmp_process)
    net_icmp_send_echo                       0x08014cfd   Thumb Code   142  net_icmp.o(i.net_icmp_send_echo)
    net_if_map_all                           0x08014d9d   Thumb Code     6  net_sys.o(i.net_if_map_all)
    net_ip4_chk_frame                        0x08014da9   Thumb Code   372  net_ip4.o(i.net_ip4_chk_frame)
    net_ip4_chksum                           0x08014f35   Thumb Code    44  net_ip4.o(i.net_ip4_chksum)
    net_ip4_chksum_buf                       0x08014f61   Thumb Code     6  net_ip4.o(i.net_ip4_chksum_buf)
    net_ip4_find_route                       0x08014f69   Thumb Code   104  net_ip4.o(i.net_ip4_find_route)
    net_ip4_frag_add                         0x08014fe9   Thumb Code   284  net_ip4_frag.o(i.net_ip4_frag_add)
    net_ip4_frag_get                         0x0801510d   Thumb Code   168  net_ip4_frag.o(i.net_ip4_frag_get)
    net_ip4_frag_init                        0x080151b9   Thumb Code    12  net_ip4_frag.o(i.net_ip4_frag_init)
    net_ip4_frag_run                         0x080151c9   Thumb Code    50  net_ip4_frag.o(i.net_ip4_frag_run)
    net_ip4_get_local                        0x08015205   Thumb Code    40  net_ip4.o(i.net_ip4_get_local)
    net_ip4_init                             0x08015231   Thumb Code    22  net_ip4.o(i.net_ip4_init)
    net_ip4_is_onlink                        0x08015255   Thumb Code    32  net_ip4.o(i.net_ip4_is_onlink)
    net_ip4_is_subcast                       0x08015275   Thumb Code    38  net_ip4.o(i.net_ip4_is_subcast)
    net_ip4_reass_frame                      0x0801529b   Thumb Code    14  net_ip4.o(i.net_ip4_reass_frame)
    net_ip4_send_frame                       0x080152a9   Thumb Code   340  net_ip4.o(i.net_ip4_send_frame)
    net_ip4_tx_offl_hl                       0x0801540d   Thumb Code    42  net_ip4.o(i.net_ip4_tx_offl_hl)
    net_ip6_chk_frame                        0x08015439   Thumb Code   236  net_ip6.o(i.net_ip6_chk_frame)
    net_ip6_chksum                           0x08015539   Thumb Code    50  net_ip6.o(i.net_ip6_chksum)
    net_ip6_collect_mcast                    0x0801556d   Thumb Code   118  net_ip6.o(i.net_ip6_collect_mcast)
    net_ip6_find_route                       0x080155e9   Thumb Code    56  net_ip6.o(i.net_ip6_find_route)
    net_ip6_get_local                        0x08015631   Thumb Code    74  net_ip6.o(i.net_ip6_get_local)
    net_ip6_init                             0x08015685   Thumb Code    20  net_ip6.o(i.net_ip6_init)
    net_ip6_send_frame                       0x080156a1   Thumb Code   192  net_ip6.o(i.net_ip6_send_frame)
    net_ip6_tx_offl_hl                       0x0801576d   Thumb Code    30  net_ip6.o(i.net_ip6_tx_offl_hl)
    net_itoa                                 0x0801578b   Thumb Code     8  net_common.o(i.net_itoa)
    net_itoa_n0                              0x08015793   Thumb Code     6  net_common.o(i.net_itoa_n0)
    net_loop_iface_init                      0x08015799   Thumb Code    40  net_loopback.o(i.net_loop_iface_init)
    net_loop_iface_run                       0x080157c9   Thumb Code   176  net_loopback.o(i.net_loop_iface_run)
    net_loop_send_frame                      0x08015885   Thumb Code   104  net_loopback.o(i.net_loop_send_frame)
    net_mem_alloc                            0x080158f5   Thumb Code   178  net_mem.o(i.net_mem_alloc)
    net_mem_avail                            0x080159b5   Thumb Code    22  net_mem.o(i.net_mem_avail)
    net_mem_free                             0x080159d1   Thumb Code   152  net_mem.o(i.net_mem_free)
    net_mem_init                             0x08015a75   Thumb Code    98  net_mem.o(i.net_mem_init)
    net_mem_shrink                           0x08015ae5   Thumb Code    62  net_mem.o(i.net_mem_shrink)
    net_nbns_client_init                     0x08015b2d   Thumb Code    82  net_nbns_client.o(i.net_nbns_client_init)
    net_ndp_cache_find                       0x08015b91   Thumb Code   438  net_ndp.o(i.net_ndp_cache_find)
    net_ndp_cache_refresh                    0x08015d55   Thumb Code   112  net_ndp.o(i.net_ndp_cache_refresh)
    net_ndp_enqueue                          0x08015dcd   Thumb Code   108  net_ndp.o(i.net_ndp_enqueue)
    net_ndp_process                          0x08015e3d   Thumb Code   872  net_ndp.o(i.net_ndp_process)
    net_path                                 0x080161b1   Thumb Code    52  net_sys.o(i.net_path)
    net_ping_client_init                     0x080161e9   Thumb Code    22  net_ping_core.o(i.net_ping_client_init)
    net_ping_client_run                      0x08016209   Thumb Code   110  net_ping_core.o(i.net_ping_client_run)
    net_rand32                               0x08016289   Thumb Code    18  net_sys.o(i.net_rand32)
    net_sntp_client_init                     0x080162a5   Thumb Code    80  net_sntp_client_core.o(i.net_sntp_client_init)
    net_sntp_client_run                      0x08016301   Thumb Code    76  net_sntp_client_core.o(i.net_sntp_client_run)
    net_sntp_client_start                    0x08016359   Thumb Code   312  net_sntp_client_core.o(i.net_sntp_client_start)
    net_strcasecmp                           0x080164a1   Thumb Code    46  net_common.o(i.net_strcasecmp)
    net_strcmp                               0x080164cf   Thumb Code    26  net_common.o(i.net_strcmp)
    net_strcpy                               0x080164e9   Thumb Code    18  net_common.o(i.net_strcpy)
    net_strnchr                              0x080164fb   Thumb Code    28  net_common.o(i.net_strnchr)
    net_strncpy                              0x08016517   Thumb Code    26  net_common.o(i.net_strncpy)
    net_strtoupper                           0x08016531   Thumb Code    32  net_common.o(i.net_strtoupper)
    net_sys_lock                             0x08016551   Thumb Code     8  net_sys.o(i.net_sys_lock)
    net_sys_resume                           0x0801655d   Thumb Code    22  net_sys.o(i.net_sys_resume)
    net_sys_tick                             0x08016575   Thumb Code    16  net_sys.o(i.net_sys_tick)
    net_sys_unlock                           0x08016589   Thumb Code     8  net_sys.o(i.net_sys_unlock)
    net_sys_wakeup                           0x08016595   Thumb Code    26  net_sys.o(i.net_sys_wakeup)
    net_tcp_abort                            0x080165b5   Thumb Code   122  net_tcp.o(i.net_tcp_abort)
    net_tcp_close                            0x08016639   Thumb Code   218  net_tcp.o(i.net_tcp_close)
    net_tcp_get_buf                          0x0801671d   Thumb Code    46  net_tcp.o(i.net_tcp_get_buf)
    net_tcp_get_local_port                   0x0801674d   Thumb Code    48  net_tcp.o(i.net_tcp_get_local_port)
    net_tcp_get_mss                          0x08016781   Thumb Code    34  net_tcp.o(i.net_tcp_get_mss)
    net_tcp_get_peer                         0x080167a9   Thumb Code    80  net_tcp.o(i.net_tcp_get_peer)
    net_tcp_get_socket                       0x080167fd   Thumb Code   104  net_tcp.o(i.net_tcp_get_socket)
    net_tcp_get_state                        0x0801686d   Thumb Code    40  net_tcp.o(i.net_tcp_get_state)
    net_tcp_get_timer                        0x08016899   Thumb Code    48  net_tcp.o(i.net_tcp_get_timer)
    net_tcp_listen                           0x080168cd   Thumb Code   168  net_tcp.o(i.net_tcp_listen)
    net_tcp_process                          0x0801697d   Thumb Code  1956  net_tcp.o(i.net_tcp_process)
    net_tcp_send                             0x08017125   Thumb Code   336  net_tcp.o(i.net_tcp_send)
    net_tcp_set_option                       0x08017281   Thumb Code   288  net_tcp.o(i.net_tcp_set_option)
    net_tcp_socket_init                      0x080173ad   Thumb Code    30  net_tcp.o(i.net_tcp_socket_init)
    net_tcp_socket_run                       0x080173d5   Thumb Code   938  net_tcp.o(i.net_tcp_socket_run)
    net_udp_close                            0x08017795   Thumb Code    62  net_udp.o(i.net_udp_close)
    net_udp_get_buf                          0x080177dd   Thumb Code    46  net_udp.o(i.net_udp_get_buf)
    net_udp_get_socket                       0x0801780d   Thumb Code   102  net_udp.o(i.net_udp_get_socket)
    net_udp_open                             0x0801787d   Thumb Code   160  net_udp.o(i.net_udp_open)
    net_udp_process                          0x08017929   Thumb Code   322  net_udp.o(i.net_udp_process)
    net_udp_send                             0x08017a81   Thumb Code    18  net_udp.o(i.net_udp_send)
    net_udp_send_if                          0x08017a95   Thumb Code   540  net_udp.o(i.net_udp_send_if)
    net_udp_socket_init                      0x08017cc1   Thumb Code    30  net_udp.o(i.net_udp_socket_init)
    net_ultoa                                0x08017ce5   Thumb Code     8  net_common.o(i.net_ultoa)
    net_ultox                                0x08017ced   Thumb Code    44  net_common.o(i.net_ultox)
    net_xtoul                                0x08017d1d   Thumb Code    76  net_common.o(i.net_xtoul)
    app_main_attr                            0x080189c4   Data          36  http_server.o(.constdata)
    imageLastModified                        0x080189e8   Data           4  web.o(.constdata)
    Arial12x12                               0x0801ee2c   Data        2400  lcd_1.o(.constdata)
    osRtxUserSVC                             0x0801f804   Data           4  rtx_lib.o(.constdata)
    Driver_ETH_PHY0                          0x0801f80c   Data          32  phy_lan8742a.o(.constdata)
    Driver_ETH_MAC0                          0x0801f87c   Data          68  emac_stm32f4xx.o(.constdata)
    Driver_SPI1                              0x0801f914   Data          44  spi_stm32f4xx.o(.constdata)
    EventRecorderInfo                        0x0801f940   Data          24  eventrecorder.o(.constdata)
    AHBPrescTable                            0x0801f960   Data          16  system_stm32f4xx_1.o(.constdata)
    APBPrescTable                            0x0801f970   Data           8  system_stm32f4xx_1.o(.constdata)
    net_sys_config                           0x0801fa20   Data          28  net_config.o(.constdata)
    net_eth0_if_config                       0x0801fa84   Data          44  net_config.o(.constdata)
    net_eth_list                             0x0801fab0   Data           8  net_config.o(.constdata)
    net_if_list_lan                          0x0801fab8   Data           8  net_config.o(.constdata)
    net_if_list_all                          0x0801fac0   Data           8  net_config.o(.constdata)
    net_if_inet_def                          0x0801fac8   Data           8  net_config.o(.constdata)
    net_if_link_def                          0x0801fad0   Data           8  net_config.o(.constdata)
    net_arp_list                             0x0801fad8   Data           8  net_config.o(.constdata)
    net_icmp_list                            0x0801fae0   Data           8  net_config.o(.constdata)
    net_icmp6_list                           0x0801fae8   Data           4  net_config.o(.constdata)
    net_ip4_frag_config                      0x0801faec   Data           8  net_config.o(.constdata)
    net_udp_config                           0x0801faf4   Data          12  net_config.o(.constdata)
    net_tcp_config                           0x0801fb00   Data          24  net_config.o(.constdata)
    net_http_config                          0x0801fb18   Data          52  net_config.o(.constdata)
    net_sntp_config                          0x0801fb4c   Data           8  net_config.o(.constdata)
    netif_getopt_func                        0x0801fba4   Data          16  net_config.o(.constdata)
    netif_setopt_func                        0x0801fbb4   Data          16  net_config.o(.constdata)
    net_loop_if_config                       0x0801fbc4   Data          44  net_loopback.o(.constdata)
    net_ping_payload                         0x0801fcfe   Data          18  net_ping_core.o(.constdata)
    net_addr_unspec                          0x0801fd10   Data          16  net_addr.o(.constdata)
    net_addr_bcast                           0x0801fd20   Data           6  net_addr.o(.constdata)
    net_addr4_loopback                       0x0801fd26   Data           4  net_ip4.o(.constdata)
    net_addr6_all_nodes                      0x0801fd2a   Data          16  net_ip6.o(.constdata)
    net_addr6_loopback                       0x0801fd3a   Data          16  net_ip6.o(.constdata)
    net_http_error                           0x0801fd4c   Data          24  net_http_server_err.o(.constdata)
    net_lib_version                          0x0801fd74   Data           4  net_version.o(.constdata)
    network_ip4ip6_debug_v7.15.0             0x0801fd74   Data           4  net_version.o(.constdata)
    osRtxConfig                              0x08020144   Data         112  rtx_lib.o(.rodata)
    os_cb_sections                           0x080201b4   Data          56  rtx_lib.o(.rodata)
    Region$$Table$$Base                      0x080201ec   Number         0  anon$$obj.o(Region$$Table)
    Region$$Table$$Limit                     0x0802021c   Number         0  anon$$obj.o(Region$$Table)
    .bss.os.msgqueue.cb$$Base                0x20008044   Number         0  rtx_lib.o(.bss.os.msgqueue.cb)
    .bss.os.msgqueue.cb$$Limit               0x20008078   Number         0  rtx_lib.o(.bss.os.msgqueue.cb)
    .bss.os.mutex.cb$$Base                   0x200080c8   Number         0  net_config.o(.bss.os.mutex.cb)
    .bss.os.mutex.cb$$Limit                  0x20008100   Number         0  net_config.o(.bss.os.mutex.cb)
    .bss.os.semaphore.cb$$Base               0x20008100   Number         0  net_config.o(.bss.os.semaphore.cb)
    .bss.os.semaphore.cb$$Limit              0x20008110   Number         0  net_config.o(.bss.os.semaphore.cb)
    .bss.os.thread.cb$$Base                  0x20008110   Number         0  rtx_lib.o(.bss.os.thread.cb)
    .bss.os.thread.cb$$Limit                 0x20008220   Number         0  net_config.o(.bss.os.thread.cb)
    .bss.os.timer.cb$$Base                   0x20008620   Number         0  net_config.o(.bss.os.timer.cb)
    .bss.os.timer.cb$$Limit                  0x20008640   Number         0  net_config.o(.bss.os.timer.cb)
    LEDrun                                   0x20008644   Data           1  http_server.o(.data)
    TID_Display                              0x20008648   Data           4  http_server.o(.data)
    TID_Led                                  0x2000864c   Data           4  http_server.o(.data)
    lcd_text                                 0x20008650   Data          42  http_server.o(.data)
    SPIdrv                                   0x20008688   Data           4  lcd_1.o(.data)
    tid_rtc                                  0x20008690   Data           4  rtc.o(.data)
    sdatestructure                           0x20008694   Data           4  rtc.o(.data)
    uwTickFreq                               0x20008698   Data           1  stm32f4xx_hal.o(.data)
    uwTickPrio                               0x2000869c   Data           4  stm32f4xx_hal.o(.data)
    uwTick                                   0x200086a0   Data           4  stm32f4xx_hal.o(.data)
    SystemCoreClock                          0x200086a4   Data           4  system_stm32f4xx_1.o(.data)
    net_eth0_icmp_control                    0x200086c0   Data           1  net_icmp.o(.data)
    osRtxInfo                                0x200086e4   Data         164  rtx_kernel.o(.data.os)
    app_main_stk                             0x20008788   Data        1024  http_server.o(.bss)
    hora                                     0x20008bc8   Data          50  http_server_cgi.o(.bss)
    fecha                                    0x20008bfa   Data          50  http_server_cgi.o(.bss)
    buffer                                   0x20008ca4   Data         512  lcd_1.o(.bss)
    aShowTime                                0x20008eec   Data          50  rtc.o(.bss)
    aShowDate                                0x20008f1e   Data          50  rtc.o(.bss)
    RtcHandle                                0x20008f50   Data          32  rtc.o(.bss)
    stimestructure                           0x20008f70   Data          20  rtc.o(.bss)
    net_eth0_if_control                      0x2000f038   Data         160  net_eth.o(.bss)
    net_eth0_arp_control                     0x2000f0d8   Data          24  net_arp.o(.bss)
    net_http_control                         0x2000f190   Data          20  net_http_server.o(.bss)
    net_sntp_control                         0x2000f1a4   Data          44  net_sntp_client_core.o(.bss)
    net_ping_control                         0x2000f1d0   Data          44  net_ping_core.o(.bss)
    net_sys_control                          0x2000f20c   Data          28  net_sys.o(.bss)
    net_dbg_buf                              0x2000f234   Data          36  net_sys.o(.bss)
    __initial_sp                             0x2000f6f8   Data           0  startup_stm32f429xx.o(STACK)



==============================================================================

Memory Map of the image

  Image Entry point : 0x080001ad

  Load Region LR_IROM1 (Base: 0x08000000, Size: 0x000289a4, Max: 0x00200000, ABSOLUTE, COMPRESSED[0x00020354])

    Execution Region ER_IROM1 (Exec base: 0x08000000, Load base: 0x08000000, Size: 0x0002021c, Max: 0x00200000, ABSOLUTE)

    Exec Addr    Load Addr    Size         Type   Attr      Idx    E Section Name        Object

    0x08000000   0x08000000   0x000001ac   Data   RO         1525    RESET               startup_stm32f429xx.o
    0x080001ac   0x080001ac   0x00000000   Code   RO         2595  * .ARM.Collect$$$$00000000  mc_w.l(entry.o)
    0x080001ac   0x080001ac   0x00000004   Code   RO         2889    .ARM.Collect$$$$00000001  mc_w.l(entry2.o)
    0x080001b0   0x080001b0   0x00000004   Code   RO         2892    .ARM.Collect$$$$00000004  mc_w.l(entry5.o)
    0x080001b4   0x080001b4   0x00000000   Code   RO         2894    .ARM.Collect$$$$00000008  mc_w.l(entry7b.o)
    0x080001b4   0x080001b4   0x00000000   Code   RO         2896    .ARM.Collect$$$$0000000A  mc_w.l(entry8b.o)
    0x080001b4   0x080001b4   0x00000008   Code   RO         2897    .ARM.Collect$$$$0000000B  mc_w.l(entry9a.o)
    0x080001bc   0x080001bc   0x00000004   Code   RO         2904    .ARM.Collect$$$$0000000E  mc_w.l(entry12b.o)
    0x080001c0   0x080001c0   0x00000000   Code   RO         2899    .ARM.Collect$$$$0000000F  mc_w.l(entry10a.o)
    0x080001c0   0x080001c0   0x00000000   Code   RO         2901    .ARM.Collect$$$$00000011  mc_w.l(entry11a.o)
    0x080001c0   0x080001c0   0x00000004   Code   RO         2890    .ARM.Collect$$$$00002712  mc_w.l(entry2.o)
    0x080001c4   0x080001c4   0x00000148   Code   RO          666    .emb_text           rtx_mempool.o
    0x0800030c   0x0800030c   0x00000148   Code   RO          697    .emb_text           rtx_msgqueue.o
    0x08000454   0x08000454   0x00000148   Code   RO          762    .emb_text           rtx_semaphore.o
    0x0800059c   0x0800059c   0x00000148   Code   RO          793    .emb_text           rtx_system.o
    0x080006e4   0x080006e4   0x00000148   Code   RO          827    .emb_text           rtx_thread.o
    0x0800082c   0x0800082c   0x00000074   Code   RO         1048    .emb_text           eventrecorder.o
    0x080008a0   0x080008a0   0x00000114   Code   RO            4    .text               main.o
    0x080009b4   0x080009b4   0x000000f8   Code   RO          165    .text               http_server.o
    0x08000aac   0x08000aac   0x00000724   Code   RO          225    .text               http_server_cgi.o
    0x080011d0   0x080011d0   0x00000078   Code   RO          258    .text               web.o
    0x08001248   0x08001248   0x00000478   Code   RO          278    .text               lcd_1.o
    0x080016c0   0x080016c0   0x0000011c   Code   RO          314    .text               adc.o
    0x080017dc   0x080017dc   0x000001c4   Code   RO          344    .text               rtc.o
    0x080019a0   0x080019a0   0x000000ec   Code   RO          384    .text               led_nucleo_f429zi.o
    0x08001a8c   0x08001a8c   0x00000094   Code   RO          408    .text               irq_armv7m.o
    0x08001b20   0x08001b20   0x00000104   Code   RO          416    .text               rtx_delay.o
    0x08001c24   0x08001c24   0x00000958   Code   RO          514    .text               rtx_evr.o
    0x0800257c   0x0800257c   0x000006cc   Code   RO          539    .text               rtx_kernel.o
    0x08002c48   0x08002c48   0x00000018   Code   RO          587    .text               rtx_lib.o
    0x08002c60   0x08002c60   0x00000124   Code   RO          636    .text               rtx_memory.o
    0x08002d84   0x08002d84   0x00000678   Code   RO          667    .text               rtx_mempool.o
    0x080033fc   0x080033fc   0x000009bc   Code   RO          698    .text               rtx_msgqueue.o
    0x08003db8   0x08003db8   0x00000558   Code   RO          732    .text               rtx_mutex.o
    0x08004310   0x08004310   0x00000450   Code   RO          763    .text               rtx_semaphore.o
    0x08004760   0x08004760   0x00000154   Code   RO          794    .text               rtx_system.o
    0x080048b4   0x080048b4   0x000011d4   Code   RO          828    .text               rtx_thread.o
    0x08005a88   0x08005a88   0x00000480   Code   RO          862    .text               rtx_timer.o
    0x08005f08   0x08005f08   0x000000c4   Code   RO          892    .text               os_systick.o
    0x08005fcc   0x08005fcc   0x00000004   Code   RO          918    .text               rtx_config.o
    0x08005fd0   0x08005fd0   0x000001ac   Code   RO          939    .text               phy_lan8742a.o
    0x0800617c   0x0800617c   0x000009e8   Code   RO          967    .text               emac_stm32f4xx.o
    0x08006b64   0x08006b64   0x00000c5c   Code   RO         1009    .text               spi_stm32f4xx.o
    0x080077c0   0x080077c0   0x00000538   Code   RO         1049    .text               eventrecorder.o
    0x08007cf8   0x08007cf8   0x000001c8   Code   RO         1083    .text               stm32f4xx_hal.o
    0x08007ec0   0x08007ec0   0x00000ab8   Code   RO         1113    .text               stm32f4xx_hal_adc.o
    0x08008978   0x08008978   0x00000724   Code   RO         1137    .text               stm32f4xx_hal_adc_ex.o
    0x0800909c   0x0800909c   0x00000298   Code   RO         1161    .text               stm32f4xx_hal_cortex.o
    0x08009334   0x08009334   0x00000718   Code   RO         1189    .text               stm32f4xx_hal_dma.o
    0x08009a4c   0x08009a4c   0x00000364   Code   RO         1238    .text               stm32f4xx_hal_gpio.o
    0x08009db0   0x08009db0   0x00000178   Code   RO         1262    .text               stm32f4xx_hal_pwr.o
    0x08009f28   0x08009f28   0x00000760   Code   RO         1310    .text               stm32f4xx_hal_rcc.o
    0x0800a688   0x0800a688   0x000005e4   Code   RO         1334    .text               stm32f4xx_hal_rcc_ex.o
    0x0800ac6c   0x0800ac6c   0x00000970   Code   RO         1358    .text               stm32f4xx_hal_rtc.o
    0x0800b5dc   0x0800b5dc   0x00000b0c   Code   RO         1382    .text               stm32f4xx_hal_rtc_ex.o
    0x0800c0e8   0x0800c0e8   0x000023d2   Code   RO         1454    .text               stm32f4xx_hal_tim.o
    0x0800e4ba   0x0800e4ba   0x00000002   PAD
    0x0800e4bc   0x0800e4bc   0x00000bb0   Code   RO         1478    .text               stm32f4xx_hal_tim_ex.o
    0x0800f06c   0x0800f06c   0x00000024   Code   RO         1526    .text               startup_stm32f429xx.o
    0x0800f090   0x0800f090   0x00000094   Code   RO         1533    .text               system_stm32f4xx_1.o
    0x0800f124   0x0800f124   0x00000174   Code   RO         1562    .text               net_config.o
    0x0800f298   0x0800f298   0x00000152   Code   RO         1654    .text               net_debug.o
    0x0800f3ea   0x0800f3ea   0x00000062   Code   RO         2598    .text               mc_w.l(uldiv.o)
    0x0800f44c   0x0800f44c   0x00000094   Code   RO         2600    .text               mc_w.l(localtime.o)
    0x0800f4e0   0x0800f4e0   0x00000024   Code   RO         2604    .text               mc_w.l(memcpya.o)
    0x0800f504   0x0800f504   0x00000024   Code   RO         2606    .text               mc_w.l(memseta.o)
    0x0800f528   0x0800f528   0x0000000e   Code   RO         2608    .text               mc_w.l(strlen.o)
    0x0800f536   0x0800f536   0x0000001c   Code   RO         2610    .text               mc_w.l(strcmp.o)
    0x0800f552   0x0800f552   0x0000001a   Code   RO         2612    .text               mc_w.l(memcmp.o)
    0x0800f56c   0x0800f56c   0x00000012   Code   RO         2614    .text               mc_w.l(strcpy.o)
    0x0800f57e   0x0800f57e   0x0000001e   Code   RO         2616    .text               mc_w.l(strncmp.o)
    0x0800f59c   0x0800f59c   0x00000064   Code   RO         2881    .text               mf_w.l(fmul.o)
    0x0800f600   0x0800f600   0x0000002e   Code   RO         2883    .text               mf_w.l(dscalb.o)
    0x0800f62e   0x0800f62e   0x0000000a   Code   RO         2885    .text               mf_w.l(ffltui.o)
    0x0800f638   0x0800f638   0x00000026   Code   RO         2887    .text               mf_w.l(f2d.o)
    0x0800f65e   0x0800f65e   0x0000002c   Code   RO         2908    .text               mc_w.l(uidiv.o)
    0x0800f68a   0x0800f68a   0x0000001e   Code   RO         2910    .text               mc_w.l(llshl.o)
    0x0800f6a8   0x0800f6a8   0x00000020   Code   RO         2912    .text               mc_w.l(llushr.o)
    0x0800f6c8   0x0800f6c8   0x00000000   Code   RO         2914    .text               mc_w.l(iusefp.o)
    0x0800f6c8   0x0800f6c8   0x0000006e   Code   RO         2915    .text               mf_w.l(fepilogue.o)
    0x0800f736   0x0800f736   0x0000014e   Code   RO         2917    .text               mf_w.l(dadd.o)
    0x0800f884   0x0800f884   0x000000e4   Code   RO         2919    .text               mf_w.l(dmul.o)
    0x0800f968   0x0800f968   0x000000de   Code   RO         2921    .text               mf_w.l(ddiv.o)
    0x0800fa46   0x0800fa46   0x00000030   Code   RO         2923    .text               mf_w.l(dfixul.o)
    0x0800fa76   0x0800fa76   0x00000002   PAD
    0x0800fa78   0x0800fa78   0x00000030   Code   RO         2925    .text               mf_w.l(cdrcmple.o)
    0x0800faa8   0x0800faa8   0x00000024   Code   RO         2927    .text               mc_w.l(init.o)
    0x0800facc   0x0800facc   0x00000024   Code   RO         2930    .text               mc_w.l(llsshr.o)
    0x0800faf0   0x0800faf0   0x000000ba   Code   RO         2933    .text               mf_w.l(depilogue.o)
    0x0800fbaa   0x0800fbaa   0x00000056   Code   RO         2942    .text               mc_w.l(__dczerorl2.o)
    0x0800fc00   0x0800fc00   0x00000028   Code   RO         2855    i.__0sprintf        mc_w.l(printfa.o)
    0x0800fc28   0x0800fc28   0x0000000e   Code   RO         2936    i.__scatterload_copy  mc_w.l(handlers.o)
    0x0800fc36   0x0800fc36   0x00000002   Code   RO         2937    i.__scatterload_null  mc_w.l(handlers.o)
    0x0800fc38   0x0800fc38   0x0000000e   Code   RO         2938    i.__scatterload_zeroinit  mc_w.l(handlers.o)
    0x0800fc46   0x0800fc46   0x00000002   PAD
    0x0800fc48   0x0800fc48   0x00000184   Code   RO         2860    i._fp_digits        mc_w.l(printfa.o)
    0x0800fdcc   0x0800fdcc   0x000006b4   Code   RO         2861    i._printf_core      mc_w.l(printfa.o)
    0x08010480   0x08010480   0x00000024   Code   RO         2862    i._printf_post_padding  mc_w.l(printfa.o)
    0x080104a4   0x080104a4   0x0000002e   Code   RO         2863    i._printf_pre_padding  mc_w.l(printfa.o)
    0x080104d2   0x080104d2   0x0000000a   Code   RO         2865    i._sputc            mc_w.l(printfa.o)
    0x080104dc   0x080104dc   0x00000054   Code   RO         2056    i.add_server_id     Net_Dbg_CM3_L.lib(net_http_server.o)
    0x08010530   0x08010530   0x0000005c   Code   RO         1736    i.arp_cache_alloc   Net_Dbg_CM3_L.lib(net_arp.o)
    0x0801058c   0x0801058c   0x00000170   Code   RO         1737    i.arp_cache_run     Net_Dbg_CM3_L.lib(net_arp.o)
    0x080106fc   0x080106fc   0x00000038   Code   RO         1738    i.arp_is_cacheable  Net_Dbg_CM3_L.lib(net_arp.o)
    0x08010734   0x08010734   0x00000088   Code   RO         1739    i.arp_probe_run     Net_Dbg_CM3_L.lib(net_arp.o)
    0x080107bc   0x080107bc   0x000000d8   Code   RO         1741    i.arp_proc_response  Net_Dbg_CM3_L.lib(net_arp.o)
    0x08010894   0x08010894   0x0000001a   Code   RO         1742    i.arp_que_free      Net_Dbg_CM3_L.lib(net_arp.o)
    0x080108ae   0x080108ae   0x00000002   PAD
    0x080108b0   0x080108b0   0x000000a0   Code   RO         1743    i.arp_send_reply    Net_Dbg_CM3_L.lib(net_arp.o)
    0x08010950   0x08010950   0x000000d0   Code   RO         1744    i.arp_send_request  Net_Dbg_CM3_L.lib(net_arp.o)
    0x08010a20   0x08010a20   0x00000068   Code   RO         1745    i.arp_sender_valid  Net_Dbg_CM3_L.lib(net_arp.o)
    0x08010a88   0x08010a88   0x0000018c   Code   RO         2057    i.chk_post_req      Net_Dbg_CM3_L.lib(net_http_server.o)
    0x08010c14   0x08010c14   0x00000028   Code   RO         2535    i.crc32_8bit        Net_Dbg_CM3_L.lib(net_common.o)
    0x08010c3c   0x08010c3c   0x0000009a   Code   RO         1680    i.eth_check_link    Net_Dbg_CM3_L.lib(net_eth.o)
    0x08010cd6   0x08010cd6   0x00000002   PAD
    0x08010cd8   0x08010cd8   0x00000020   Code   RO         1681    i.eth_if_map        Net_Dbg_CM3_L.lib(net_eth.o)
    0x08010cf8   0x08010cf8   0x00000304   Code   RO         1682    i.eth_iface_init    Net_Dbg_CM3_L.lib(net_eth.o)
    0x08010ffc   0x08010ffc   0x00000290   Code   RO         1683    i.eth_iface_run     Net_Dbg_CM3_L.lib(net_eth.o)
    0x0801128c   0x0801128c   0x00000008   Code   RO         1685    i.eth_lock          Net_Dbg_CM3_L.lib(net_eth.o)
    0x08011294   0x08011294   0x0000001c   Code   RO         1686    i.eth_mtu_limit     Net_Dbg_CM3_L.lib(net_eth.o)
    0x080112b0   0x080112b0   0x00000048   Code   RO         1687    i.eth_opt_len       Net_Dbg_CM3_L.lib(net_eth.o)
    0x080112f8   0x080112f8   0x00000088   Code   RO         1688    i.eth_receive       Net_Dbg_CM3_L.lib(net_eth.o)
    0x08011380   0x08011380   0x00000008   Code   RO         1689    i.eth_unlock        Net_Dbg_CM3_L.lib(net_eth.o)
    0x08011388   0x08011388   0x0000007c   Code   RO         1820    i.frag_map_session  Net_Dbg_CM3_L.lib(net_ip4_frag.o)
    0x08011404   0x08011404   0x00000028   Code   RO         2058    i.get_next_field    Net_Dbg_CM3_L.lib(net_http_server.o)
    0x0801142c   0x0801142c   0x00000032   Code   RO         2059    i.get_next_par      Net_Dbg_CM3_L.lib(net_http_server.o)
    0x0801145e   0x0801145e   0x00000022   Code   RO         2060    i.hex2byte          Net_Dbg_CM3_L.lib(net_http_server.o)
    0x08011480   0x08011480   0x0000036c   Code   RO         2061    i.http_add_header   Net_Dbg_CM3_L.lib(net_http_server.o)
    0x080117ec   0x080117ec   0x000001cc   Code   RO         2062    i.http_error_msg    Net_Dbg_CM3_L.lib(net_http_server.o)
    0x080119b8   0x080119b8   0x00000078   Code   RO         2063    i.http_get_ftype    Net_Dbg_CM3_L.lib(net_http_server.o)
    0x08011a30   0x08011a30   0x0000005e   Code   RO         2064    i.http_kill_session  Net_Dbg_CM3_L.lib(net_http_server.o)
    0x08011a8e   0x08011a8e   0x00000002   PAD
    0x08011a90   0x08011a90   0x000002a8   Code   RO         2065    i.http_listener     Net_Dbg_CM3_L.lib(net_http_server.o)
    0x08011d38   0x08011d38   0x00000184   Code   RO         2066    i.http_open_file    Net_Dbg_CM3_L.lib(net_http_server.o)
    0x08011ebc   0x08011ebc   0x0000011c   Code   RO         2067    i.http_parse_header  Net_Dbg_CM3_L.lib(net_http_server.o)
    0x08011fd8   0x08011fd8   0x000001a8   Code   RO         2068    i.http_proc_multipart  Net_Dbg_CM3_L.lib(net_http_server.o)
    0x08012180   0x08012180   0x00000138   Code   RO         2069    i.http_proc_post    Net_Dbg_CM3_L.lib(net_http_server.o)
    0x080122b8   0x080122b8   0x00000468   Code   RO         2070    i.http_server_run   Net_Dbg_CM3_L.lib(net_http_server.o)
    0x08012720   0x08012720   0x00000060   Code   RO         2071    i.http_server_start  Net_Dbg_CM3_L.lib(net_http_server.o)
    0x08012780   0x08012780   0x00000020   Code   RO         2073    i.http_strcpy       Net_Dbg_CM3_L.lib(net_http_server.o)
    0x080127a0   0x080127a0   0x000000ac   Code   RO         2074    i.http_to_utc       Net_Dbg_CM3_L.lib(net_http_server.o)
    0x0801284c   0x0801284c   0x0000001a   Code   RO         2536    i.i2str             Net_Dbg_CM3_L.lib(net_common.o)
    0x08012866   0x08012866   0x0000000c   Code   RO         2413    i.ip4_get_chksum    Net_Dbg_CM3_L.lib(net_ip4.o)
    0x08012872   0x08012872   0x00000028   Code   RO         2414    i.ip4_get_mtu       Net_Dbg_CM3_L.lib(net_ip4.o)
    0x0801289a   0x0801289a   0x00000040   Code   RO         2276    i.ip4_ntoa          Net_Dbg_CM3_L.lib(net_addr.o)
    0x080128da   0x080128da   0x00000002   PAD
    0x080128dc   0x080128dc   0x000000ca   Code   RO         2277    i.ip6_ntoa          Net_Dbg_CM3_L.lib(net_addr.o)
    0x080129a6   0x080129a6   0x00000002   PAD
    0x080129a8   0x080129a8   0x0000000c   Code   RO         2512    i.mem_lock          Net_Dbg_CM3_L.lib(net_mem.o)
    0x080129b4   0x080129b4   0x0000000c   Code   RO         2513    i.mem_unlock        Net_Dbg_CM3_L.lib(net_mem.o)
    0x080129c0   0x080129c0   0x000001a4   Code   RO         2042    i.nbns_listener     Net_Dbg_CM3_L.lib(net_nbns_client.o)
    0x08012b64   0x08012b64   0x00000120   Code   RO         2343    i.ndp_cache_add     Net_Dbg_CM3_L.lib(net_ndp.o)
    0x08012c84   0x08012c84   0x00000072   Code   RO         2344    i.ndp_cache_alloc   Net_Dbg_CM3_L.lib(net_ndp.o)
    0x08012cf6   0x08012cf6   0x00000002   PAD
    0x08012cf8   0x08012cf8   0x00000078   Code   RO         2345    i.ndp_cache_delete  Net_Dbg_CM3_L.lib(net_ndp.o)
    0x08012d70   0x08012d70   0x0000002c   Code   RO         2347    i.ndp_check_frame   Net_Dbg_CM3_L.lib(net_ndp.o)
    0x08012d9c   0x08012d9c   0x00000012   Code   RO         2348    i.ndp_next_opt      Net_Dbg_CM3_L.lib(net_ndp.o)
    0x08012dae   0x08012dae   0x00000002   PAD
    0x08012db0   0x08012db0   0x000000e4   Code   RO         2349    i.ndp_prefix_add    Net_Dbg_CM3_L.lib(net_ndp.o)
    0x08012e94   0x08012e94   0x000000fc   Code   RO         2352    i.ndp_proc_response  Net_Dbg_CM3_L.lib(net_ndp.o)
    0x08012f90   0x08012f90   0x0000001a   Code   RO         2353    i.ndp_que_free      Net_Dbg_CM3_L.lib(net_ndp.o)
    0x08012faa   0x08012faa   0x00000002   PAD
    0x08012fac   0x08012fac   0x00000038   Code   RO         2354    i.ndp_router_remove  Net_Dbg_CM3_L.lib(net_ndp.o)
    0x08012fe4   0x08012fe4   0x0000009c   Code   RO         2355    i.ndp_send_reply    Net_Dbg_CM3_L.lib(net_ndp.o)
    0x08013080   0x08013080   0x000000bc   Code   RO         2356    i.ndp_send_request  Net_Dbg_CM3_L.lib(net_ndp.o)
    0x0801313c   0x0801313c   0x00000004   Code   RO         2075    i.netCGI_Charset    Net_Dbg_CM3_L.lib(net_http_server.o)
    0x08013140   0x08013140   0x00000004   Code   RO         2076    i.netCGI_ContentType  Net_Dbg_CM3_L.lib(net_http_server.o)
    0x08013144   0x08013144   0x00000004   Code   RO         2077    i.netCGI_CustomHeader  Net_Dbg_CM3_L.lib(net_http_server.o)
    0x08013148   0x08013148   0x0000006c   Code   RO         2078    i.netCGI_GetEnvVar  Net_Dbg_CM3_L.lib(net_http_server.o)
    0x080131b4   0x080131b4   0x00000004   Code   RO         2081    i.netCGI_Redirect   Net_Dbg_CM3_L.lib(net_http_server.o)
    0x080131b8   0x080131b8   0x00000004   Code   RO         2083    i.netCGX_ContentType  Net_Dbg_CM3_L.lib(net_http_server.o)
    0x080131bc   0x080131bc   0x00000064   Code   RO         2226    i.netCore_Thread    Net_Dbg_CM3_L.lib(net_sys.o)
    0x08013220   0x08013220   0x00000002   Code   RO         1690    i.netETH_Notify     Net_Dbg_CM3_L.lib(net_eth.o)
    0x08013222   0x08013222   0x00000002   Code   RO         1691    i.netETH_ReceiveRaw  Net_Dbg_CM3_L.lib(net_eth.o)
    0x08013224   0x08013224   0x00000072   Code   RO         1693    i.netETH_Thread     Net_Dbg_CM3_L.lib(net_eth.o)
    0x08013296   0x08013296   0x00000004   Code   RO         2084    i.netHTTPs_AcceptClient  Net_Dbg_CM3_L.lib(net_http_server.o)
    0x0801329a   0x0801329a   0x00000004   Code   RO         2086    i.netHTTPs_FileAccess  Net_Dbg_CM3_L.lib(net_http_server.o)
    0x0801329e   0x0801329e   0x00000002   PAD
    0x080132a0   0x080132a0   0x00000020   Code   RO         2089    i.netHTTPs_GetLanguage  Net_Dbg_CM3_L.lib(net_http_server.o)
    0x080132c0   0x080132c0   0x0000000c   Code   RO         2090    i.netHTTPs_GetPassword  Net_Dbg_CM3_L.lib(net_http_server.o)
    0x080132cc   0x080132cc   0x0000000c   Code   RO         2096    i.netHTTPs_LoginActive  Net_Dbg_CM3_L.lib(net_http_server.o)
    0x080132d8   0x080132d8   0x00000058   Code   RO         2099    i.netHTTPs_SetPassword  Net_Dbg_CM3_L.lib(net_http_server.o)
    0x08013330   0x08013330   0x00000088   Code   RO         2227    i.netIF_GetOption   Net_Dbg_CM3_L.lib(net_sys.o)
    0x080133b8   0x080133b8   0x00000084   Code   RO         2229    i.netIF_SetOption   Net_Dbg_CM3_L.lib(net_sys.o)
    0x0801343c   0x0801343c   0x0000001a   Code   RO         2279    i.netIP_aton        Net_Dbg_CM3_L.lib(net_addr.o)
    0x08013456   0x08013456   0x00000032   Code   RO         2280    i.netIP_ntoa        Net_Dbg_CM3_L.lib(net_addr.o)
    0x08013488   0x08013488   0x000000ac   Code   RO         2230    i.netInitialize     Net_Dbg_CM3_L.lib(net_sys.o)
    0x08013534   0x08013534   0x0000008c   Code   RO         2281    i.netMAC_aton       Net_Dbg_CM3_L.lib(net_addr.o)
    0x080135c0   0x080135c0   0x0000001c   Code   RO         2179    i.netSNTPc_GetTime  Net_Dbg_CM3_L.lib(net_sntp_client_core.o)
    0x080135dc   0x080135dc   0x00000004   Code   RO         1923    i.netTCP_GetLocalPort  Net_Dbg_CM3_L.lib(net_tcp.o)
    0x080135e0   0x080135e0   0x00000020   Code   RO         1925    i.netTCP_GetPeer    Net_Dbg_CM3_L.lib(net_tcp.o)
    0x08013600   0x08013600   0x00000004   Code   RO         1927    i.netTCP_GetState   Net_Dbg_CM3_L.lib(net_tcp.o)
    0x08013604   0x08013604   0x00000004   Code   RO         1928    i.netTCP_GetTimer   Net_Dbg_CM3_L.lib(net_tcp.o)
    0x08013608   0x08013608   0x0000007c   Code   RO         2283    i.net_addr4_aton    Net_Dbg_CM3_L.lib(net_addr.o)
    0x08013684   0x08013684   0x0000001e   Code   RO         2285    i.net_addr4_to_mac  Net_Dbg_CM3_L.lib(net_addr.o)
    0x080136a2   0x080136a2   0x00000002   PAD
    0x080136a4   0x080136a4   0x000000e6   Code   RO         2286    i.net_addr6_aton    Net_Dbg_CM3_L.lib(net_addr.o)
    0x0801378a   0x0801378a   0x00000028   Code   RO         2287    i.net_addr6_comp    Net_Dbg_CM3_L.lib(net_addr.o)
    0x080137b2   0x080137b2   0x00000012   Code   RO         2288    i.net_addr6_copy    Net_Dbg_CM3_L.lib(net_addr.o)
    0x080137c4   0x080137c4   0x0000004c   Code   RO         2289    i.net_addr6_create  Net_Dbg_CM3_L.lib(net_addr.o)
    0x08013810   0x08013810   0x00000028   Code   RO         2290    i.net_addr6_get_solicited  Net_Dbg_CM3_L.lib(net_addr.o)
    0x08013838   0x08013838   0x00000018   Code   RO         2291    i.net_addr6_is_linklocal  Net_Dbg_CM3_L.lib(net_addr.o)
    0x08013850   0x08013850   0x0000006e   Code   RO         2292    i.net_addr6_is_onlink  Net_Dbg_CM3_L.lib(net_addr.o)
    0x080138be   0x080138be   0x00000048   Code   RO         2293    i.net_addr6_is_solicited  Net_Dbg_CM3_L.lib(net_addr.o)
    0x08013906   0x08013906   0x00000018   Code   RO         2294    i.net_addr6_is_unspec  Net_Dbg_CM3_L.lib(net_addr.o)
    0x0801391e   0x0801391e   0x0000000e   Code   RO         2296    i.net_addr6_to_mac  Net_Dbg_CM3_L.lib(net_addr.o)
    0x0801392c   0x0801392c   0x0000002c   Code   RO         2297    i.net_addr_comp     Net_Dbg_CM3_L.lib(net_addr.o)
    0x08013958   0x08013958   0x00000026   Code   RO         2298    i.net_addr_copy     Net_Dbg_CM3_L.lib(net_addr.o)
    0x0801397e   0x0801397e   0x0000001a   Code   RO         2299    i.net_addr_find_route  Net_Dbg_CM3_L.lib(net_addr.o)
    0x08013998   0x08013998   0x00000020   Code   RO         2301    i.net_addr_get_local  Net_Dbg_CM3_L.lib(net_addr.o)
    0x080139b8   0x080139b8   0x00000022   Code   RO         2302    i.net_addr_is_unspec  Net_Dbg_CM3_L.lib(net_addr.o)
    0x080139da   0x080139da   0x00000002   PAD
    0x080139dc   0x080139dc   0x0000011c   Code   RO         1753    i.net_arp_cache_add  Net_Dbg_CM3_L.lib(net_arp.o)
    0x08013af8   0x08013af8   0x000000bc   Code   RO         1754    i.net_arp_cache_early  Net_Dbg_CM3_L.lib(net_arp.o)
    0x08013bb4   0x08013bb4   0x000000ec   Code   RO         1755    i.net_arp_cache_find  Net_Dbg_CM3_L.lib(net_arp.o)
    0x08013ca0   0x08013ca0   0x00000048   Code   RO         1756    i.net_arp_cache_init  Net_Dbg_CM3_L.lib(net_arp.o)
    0x08013ce8   0x08013ce8   0x0000001c   Code   RO         1757    i.net_arp_cache_run  Net_Dbg_CM3_L.lib(net_arp.o)
    0x08013d04   0x08013d04   0x00000078   Code   RO         1759    i.net_arp_enqueue   Net_Dbg_CM3_L.lib(net_arp.o)
    0x08013d7c   0x08013d7c   0x00000020   Code   RO         1761    i.net_arp_notify    Net_Dbg_CM3_L.lib(net_arp.o)
    0x08013d9c   0x08013d9c   0x00000224   Code   RO         1763    i.net_arp_process   Net_Dbg_CM3_L.lib(net_arp.o)
    0x08013fc0   0x08013fc0   0x00000042   Code   RO         2537    i.net_atoi          Net_Dbg_CM3_L.lib(net_common.o)
    0x08014002   0x08014002   0x00000030   Code   RO         2539    i.net_chksum_buf    Net_Dbg_CM3_L.lib(net_common.o)
    0x08014032   0x08014032   0x0000001e   Code   RO         2540    i.net_crc_buf       Net_Dbg_CM3_L.lib(net_common.o)
    0x08014050   0x08014050   0x0000000e   Code   RO         1694    i.net_eth_callback  Net_Dbg_CM3_L.lib(net_eth.o)
    0x0801405e   0x0801405e   0x00000068   Code   RO         1695    i.net_eth_config_mcast  Net_Dbg_CM3_L.lib(net_eth.o)
    0x080140c6   0x080140c6   0x000000ea   Code   RO         1697    i.net_eth_get_option  Net_Dbg_CM3_L.lib(net_eth.o)
    0x080141b0   0x080141b0   0x0000001c   Code   RO         1698    i.net_eth_iface_init  Net_Dbg_CM3_L.lib(net_eth.o)
    0x080141cc   0x080141cc   0x0000001c   Code   RO         1699    i.net_eth_iface_run  Net_Dbg_CM3_L.lib(net_eth.o)
    0x080141e8   0x080141e8   0x000000a8   Code   RO         1701    i.net_eth_output    Net_Dbg_CM3_L.lib(net_eth.o)
    0x08014290   0x08014290   0x000001e0   Code   RO         1702    i.net_eth_send_frame  Net_Dbg_CM3_L.lib(net_eth.o)
    0x08014470   0x08014470   0x00000270   Code   RO         1703    i.net_eth_set_option  Net_Dbg_CM3_L.lib(net_eth.o)
    0x080146e0   0x080146e0   0x000000e8   Code   RO         2105    i.net_http_server_init  Net_Dbg_CM3_L.lib(net_http_server.o)
    0x080147c8   0x080147c8   0x00000028   Code   RO         2106    i.net_http_server_run  Net_Dbg_CM3_L.lib(net_http_server.o)
    0x080147f0   0x080147f0   0x00000018   Code   RO         2485    i.net_icmp6_init    Net_Dbg_CM3_L.lib(net_icmp6.o)
    0x08014808   0x08014808   0x00000238   Code   RO         2486    i.net_icmp6_process  Net_Dbg_CM3_L.lib(net_icmp6.o)
    0x08014a40   0x08014a40   0x00000084   Code   RO         2487    i.net_icmp6_send    Net_Dbg_CM3_L.lib(net_icmp6.o)
    0x08014ac4   0x08014ac4   0x00000058   Code   RO         2488    i.net_icmp6_send_echo  Net_Dbg_CM3_L.lib(net_icmp6.o)
    0x08014b1c   0x08014b1c   0x00000018   Code   RO         1842    i.net_icmp_init     Net_Dbg_CM3_L.lib(net_icmp.o)
    0x08014b34   0x08014b34   0x000001c8   Code   RO         1843    i.net_icmp_process  Net_Dbg_CM3_L.lib(net_icmp.o)
    0x08014cfc   0x08014cfc   0x000000a0   Code   RO         1844    i.net_icmp_send_echo  Net_Dbg_CM3_L.lib(net_icmp.o)
    0x08014d9c   0x08014d9c   0x0000000c   Code   RO         2234    i.net_if_map_all    Net_Dbg_CM3_L.lib(net_sys.o)
    0x08014da8   0x08014da8   0x0000018c   Code   RO         2415    i.net_ip4_chk_frame  Net_Dbg_CM3_L.lib(net_ip4.o)
    0x08014f34   0x08014f34   0x0000002c   Code   RO         2416    i.net_ip4_chksum    Net_Dbg_CM3_L.lib(net_ip4.o)
    0x08014f60   0x08014f60   0x00000006   Code   RO         2417    i.net_ip4_chksum_buf  Net_Dbg_CM3_L.lib(net_ip4.o)
    0x08014f66   0x08014f66   0x00000002   PAD
    0x08014f68   0x08014f68   0x00000080   Code   RO         2419    i.net_ip4_find_route  Net_Dbg_CM3_L.lib(net_ip4.o)
    0x08014fe8   0x08014fe8   0x00000124   Code   RO         1821    i.net_ip4_frag_add  Net_Dbg_CM3_L.lib(net_ip4_frag.o)
    0x0801510c   0x0801510c   0x000000ac   Code   RO         1822    i.net_ip4_frag_get  Net_Dbg_CM3_L.lib(net_ip4_frag.o)
    0x080151b8   0x080151b8   0x00000010   Code   RO         1823    i.net_ip4_frag_init  Net_Dbg_CM3_L.lib(net_ip4_frag.o)
    0x080151c8   0x080151c8   0x0000003c   Code   RO         1824    i.net_ip4_frag_run  Net_Dbg_CM3_L.lib(net_ip4_frag.o)
    0x08015204   0x08015204   0x0000002c   Code   RO         2420    i.net_ip4_get_local  Net_Dbg_CM3_L.lib(net_ip4.o)
    0x08015230   0x08015230   0x00000024   Code   RO         2421    i.net_ip4_init      Net_Dbg_CM3_L.lib(net_ip4.o)
    0x08015254   0x08015254   0x00000020   Code   RO         2422    i.net_ip4_is_onlink  Net_Dbg_CM3_L.lib(net_ip4.o)
    0x08015274   0x08015274   0x00000026   Code   RO         2423    i.net_ip4_is_subcast  Net_Dbg_CM3_L.lib(net_ip4.o)
    0x0801529a   0x0801529a   0x0000000e   Code   RO         2424    i.net_ip4_reass_frame  Net_Dbg_CM3_L.lib(net_ip4.o)
    0x080152a8   0x080152a8   0x00000164   Code   RO         2425    i.net_ip4_send_frame  Net_Dbg_CM3_L.lib(net_ip4.o)
    0x0801540c   0x0801540c   0x0000002a   Code   RO         2427    i.net_ip4_tx_offl_hl  Net_Dbg_CM3_L.lib(net_ip4.o)
    0x08015436   0x08015436   0x00000002   PAD
    0x08015438   0x08015438   0x00000100   Code   RO         2453    i.net_ip6_chk_frame  Net_Dbg_CM3_L.lib(net_ip6.o)
    0x08015538   0x08015538   0x00000032   Code   RO         2454    i.net_ip6_chksum    Net_Dbg_CM3_L.lib(net_ip6.o)
    0x0801556a   0x0801556a   0x00000002   PAD
    0x0801556c   0x0801556c   0x0000007c   Code   RO         2455    i.net_ip6_collect_mcast  Net_Dbg_CM3_L.lib(net_ip6.o)
    0x080155e8   0x080155e8   0x00000048   Code   RO         2457    i.net_ip6_find_route  Net_Dbg_CM3_L.lib(net_ip6.o)
    0x08015630   0x08015630   0x00000054   Code   RO         2458    i.net_ip6_get_local  Net_Dbg_CM3_L.lib(net_ip6.o)
    0x08015684   0x08015684   0x0000001c   Code   RO         2459    i.net_ip6_init      Net_Dbg_CM3_L.lib(net_ip6.o)
    0x080156a0   0x080156a0   0x000000cc   Code   RO         2460    i.net_ip6_send_frame  Net_Dbg_CM3_L.lib(net_ip6.o)
    0x0801576c   0x0801576c   0x0000001e   Code   RO         2462    i.net_ip6_tx_offl_hl  Net_Dbg_CM3_L.lib(net_ip6.o)
    0x0801578a   0x0801578a   0x00000008   Code   RO         2541    i.net_itoa          Net_Dbg_CM3_L.lib(net_common.o)
    0x08015792   0x08015792   0x00000006   Code   RO         2543    i.net_itoa_n0       Net_Dbg_CM3_L.lib(net_common.o)
    0x08015798   0x08015798   0x00000030   Code   RO         1803    i.net_loop_iface_init  Net_Dbg_CM3_L.lib(net_loopback.o)
    0x080157c8   0x080157c8   0x000000bc   Code   RO         1804    i.net_loop_iface_run  Net_Dbg_CM3_L.lib(net_loopback.o)
    0x08015884   0x08015884   0x00000070   Code   RO         1806    i.net_loop_send_frame  Net_Dbg_CM3_L.lib(net_loopback.o)
    0x080158f4   0x080158f4   0x000000c0   Code   RO         2514    i.net_mem_alloc     Net_Dbg_CM3_L.lib(net_mem.o)
    0x080159b4   0x080159b4   0x0000001c   Code   RO         2515    i.net_mem_avail     Net_Dbg_CM3_L.lib(net_mem.o)
    0x080159d0   0x080159d0   0x000000a4   Code   RO         2516    i.net_mem_free      Net_Dbg_CM3_L.lib(net_mem.o)
    0x08015a74   0x08015a74   0x00000070   Code   RO         2517    i.net_mem_init      Net_Dbg_CM3_L.lib(net_mem.o)
    0x08015ae4   0x08015ae4   0x00000048   Code   RO         2518    i.net_mem_shrink    Net_Dbg_CM3_L.lib(net_mem.o)
    0x08015b2c   0x08015b2c   0x00000064   Code   RO         2043    i.net_nbns_client_init  Net_Dbg_CM3_L.lib(net_nbns_client.o)
    0x08015b90   0x08015b90   0x000001c4   Code   RO         2364    i.net_ndp_cache_find  Net_Dbg_CM3_L.lib(net_ndp.o)
    0x08015d54   0x08015d54   0x00000078   Code   RO         2367    i.net_ndp_cache_refresh  Net_Dbg_CM3_L.lib(net_ndp.o)
    0x08015dcc   0x08015dcc   0x00000070   Code   RO         2370    i.net_ndp_enqueue   Net_Dbg_CM3_L.lib(net_ndp.o)
    0x08015e3c   0x08015e3c   0x00000374   Code   RO         2372    i.net_ndp_process   Net_Dbg_CM3_L.lib(net_ndp.o)
    0x080161b0   0x080161b0   0x00000038   Code   RO         2236    i.net_path          Net_Dbg_CM3_L.lib(net_sys.o)
    0x080161e8   0x080161e8   0x00000020   Code   RO         2207    i.net_ping_client_init  Net_Dbg_CM3_L.lib(net_ping_core.o)
    0x08016208   0x08016208   0x00000080   Code   RO         2208    i.net_ping_client_run  Net_Dbg_CM3_L.lib(net_ping_core.o)
    0x08016288   0x08016288   0x0000001c   Code   RO         2237    i.net_rand32        Net_Dbg_CM3_L.lib(net_sys.o)
    0x080162a4   0x080162a4   0x0000005c   Code   RO         2181    i.net_sntp_client_init  Net_Dbg_CM3_L.lib(net_sntp_client_core.o)
    0x08016300   0x08016300   0x00000058   Code   RO         2182    i.net_sntp_client_run  Net_Dbg_CM3_L.lib(net_sntp_client_core.o)
    0x08016358   0x08016358   0x00000148   Code   RO         2183    i.net_sntp_client_start  Net_Dbg_CM3_L.lib(net_sntp_client_core.o)
    0x080164a0   0x080164a0   0x0000002e   Code   RO         2544    i.net_strcasecmp    Net_Dbg_CM3_L.lib(net_common.o)
    0x080164ce   0x080164ce   0x0000001a   Code   RO         2546    i.net_strcmp        Net_Dbg_CM3_L.lib(net_common.o)
    0x080164e8   0x080164e8   0x00000012   Code   RO         2547    i.net_strcpy        Net_Dbg_CM3_L.lib(net_common.o)
    0x080164fa   0x080164fa   0x0000001c   Code   RO         2549    i.net_strnchr       Net_Dbg_CM3_L.lib(net_common.o)
    0x08016516   0x08016516   0x0000001a   Code   RO         2550    i.net_strncpy       Net_Dbg_CM3_L.lib(net_common.o)
    0x08016530   0x08016530   0x00000020   Code   RO         2551    i.net_strtoupper    Net_Dbg_CM3_L.lib(net_common.o)
    0x08016550   0x08016550   0x0000000c   Code   RO         2238    i.net_sys_lock      Net_Dbg_CM3_L.lib(net_sys.o)
    0x0801655c   0x0801655c   0x00000016   Code   RO         2239    i.net_sys_resume    Net_Dbg_CM3_L.lib(net_sys.o)
    0x08016572   0x08016572   0x00000002   PAD
    0x08016574   0x08016574   0x00000014   Code   RO         2241    i.net_sys_tick      Net_Dbg_CM3_L.lib(net_sys.o)
    0x08016588   0x08016588   0x0000000c   Code   RO         2242    i.net_sys_unlock    Net_Dbg_CM3_L.lib(net_sys.o)
    0x08016594   0x08016594   0x00000020   Code   RO         2244    i.net_sys_wakeup    Net_Dbg_CM3_L.lib(net_sys.o)
    0x080165b4   0x080165b4   0x00000084   Code   RO         1935    i.net_tcp_abort     Net_Dbg_CM3_L.lib(net_tcp.o)
    0x08016638   0x08016638   0x000000e4   Code   RO         1938    i.net_tcp_close     Net_Dbg_CM3_L.lib(net_tcp.o)
    0x0801671c   0x0801671c   0x0000002e   Code   RO         1941    i.net_tcp_get_buf   Net_Dbg_CM3_L.lib(net_tcp.o)
    0x0801674a   0x0801674a   0x00000002   PAD
    0x0801674c   0x0801674c   0x00000034   Code   RO         1943    i.net_tcp_get_local_port  Net_Dbg_CM3_L.lib(net_tcp.o)
    0x08016780   0x08016780   0x00000028   Code   RO         1944    i.net_tcp_get_mss   Net_Dbg_CM3_L.lib(net_tcp.o)
    0x080167a8   0x080167a8   0x00000054   Code   RO         1946    i.net_tcp_get_peer  Net_Dbg_CM3_L.lib(net_tcp.o)
    0x080167fc   0x080167fc   0x00000070   Code   RO         1948    i.net_tcp_get_socket  Net_Dbg_CM3_L.lib(net_tcp.o)
    0x0801686c   0x0801686c   0x0000002c   Code   RO         1949    i.net_tcp_get_state  Net_Dbg_CM3_L.lib(net_tcp.o)
    0x08016898   0x08016898   0x00000034   Code   RO         1950    i.net_tcp_get_timer  Net_Dbg_CM3_L.lib(net_tcp.o)
    0x080168cc   0x080168cc   0x000000b0   Code   RO         1951    i.net_tcp_listen    Net_Dbg_CM3_L.lib(net_tcp.o)
    0x0801697c   0x0801697c   0x000007a8   Code   RO         1953    i.net_tcp_process   Net_Dbg_CM3_L.lib(net_tcp.o)
    0x08017124   0x08017124   0x0000015c   Code   RO         1957    i.net_tcp_send      Net_Dbg_CM3_L.lib(net_tcp.o)
    0x08017280   0x08017280   0x0000012c   Code   RO         1959    i.net_tcp_set_option  Net_Dbg_CM3_L.lib(net_tcp.o)
    0x080173ac   0x080173ac   0x00000028   Code   RO         1960    i.net_tcp_socket_init  Net_Dbg_CM3_L.lib(net_tcp.o)
    0x080173d4   0x080173d4   0x000003c0   Code   RO         1961    i.net_tcp_socket_run  Net_Dbg_CM3_L.lib(net_tcp.o)
    0x08017794   0x08017794   0x00000048   Code   RO         1869    i.net_udp_close     Net_Dbg_CM3_L.lib(net_udp.o)
    0x080177dc   0x080177dc   0x0000002e   Code   RO         1872    i.net_udp_get_buf   Net_Dbg_CM3_L.lib(net_udp.o)
    0x0801780a   0x0801780a   0x00000002   PAD
    0x0801780c   0x0801780c   0x00000070   Code   RO         1875    i.net_udp_get_socket  Net_Dbg_CM3_L.lib(net_udp.o)
    0x0801787c   0x0801787c   0x000000ac   Code   RO         1877    i.net_udp_open      Net_Dbg_CM3_L.lib(net_udp.o)
    0x08017928   0x08017928   0x00000158   Code   RO         1878    i.net_udp_process   Net_Dbg_CM3_L.lib(net_udp.o)
    0x08017a80   0x08017a80   0x00000012   Code   RO         1880    i.net_udp_send      Net_Dbg_CM3_L.lib(net_udp.o)
    0x08017a92   0x08017a92   0x00000002   PAD
    0x08017a94   0x08017a94   0x0000022c   Code   RO         1881    i.net_udp_send_if   Net_Dbg_CM3_L.lib(net_udp.o)
    0x08017cc0   0x08017cc0   0x00000024   Code   RO         1883    i.net_udp_socket_init  Net_Dbg_CM3_L.lib(net_udp.o)
    0x08017ce4   0x08017ce4   0x00000008   Code   RO         2552    i.net_ultoa         Net_Dbg_CM3_L.lib(net_common.o)
    0x08017cec   0x08017cec   0x00000030   Code   RO         2555    i.net_ultox         Net_Dbg_CM3_L.lib(net_common.o)
    0x08017d1c   0x08017d1c   0x0000004c   Code   RO         2556    i.net_xtoul         Net_Dbg_CM3_L.lib(net_common.o)
    0x08017d68   0x08017d68   0x0000001c   Code   RO         2211    i.ping_send_req     Net_Dbg_CM3_L.lib(net_ping_core.o)
    0x08017d84   0x08017d84   0x00000058   Code   RO         2109    i.proc_req_line     Net_Dbg_CM3_L.lib(net_http_server.o)
    0x08017ddc   0x08017ddc   0x0000001a   Code   RO         1826    i.que_free_list     Net_Dbg_CM3_L.lib(net_ip4_frag.o)
    0x08017df6   0x08017df6   0x000000a0   Code   RO         2110    i.read_script_line  Net_Dbg_CM3_L.lib(net_http_server.o)
    0x08017e96   0x08017e96   0x00000048   Code   RO         2111    i.search_delim      Net_Dbg_CM3_L.lib(net_http_server.o)
    0x08017ede   0x08017ede   0x00000002   PAD
    0x08017ee0   0x08017ee0   0x000000fc   Code   RO         2185    i.sntp_listener     Net_Dbg_CM3_L.lib(net_sntp_client_core.o)
    0x08017fdc   0x08017fdc   0x0000003c   Code   RO         2186    i.sntp_send_message  Net_Dbg_CM3_L.lib(net_sntp_client_core.o)
    0x08018018   0x08018018   0x00000018   Code   RO         2188    i.sntp_stop         Net_Dbg_CM3_L.lib(net_sntp_client_core.o)
    0x08018030   0x08018030   0x00000018   Code   RO         2245    i.sys_map_if        Net_Dbg_CM3_L.lib(net_sys.o)
    0x08018048   0x08018048   0x0000004c   Code   RO         2246    i.sys_proc_tick     Net_Dbg_CM3_L.lib(net_sys.o)
    0x08018094   0x08018094   0x00000110   Code   RO         1963    i.tcp_map_socket    Net_Dbg_CM3_L.lib(net_tcp.o)
    0x080181a4   0x080181a4   0x00000084   Code   RO         1964    i.tcp_parse_opt     Net_Dbg_CM3_L.lib(net_tcp.o)
    0x08018228   0x08018228   0x0000011c   Code   RO         1965    i.tcp_proc_acknr    Net_Dbg_CM3_L.lib(net_tcp.o)
    0x08018344   0x08018344   0x000000ac   Code   RO         1966    i.tcp_proc_dupack   Net_Dbg_CM3_L.lib(net_tcp.o)
    0x080183f0   0x080183f0   0x0000001a   Code   RO         1967    i.tcp_que_free      Net_Dbg_CM3_L.lib(net_tcp.o)
    0x0801840a   0x0801840a   0x0000001a   Code   RO         1968    i.tcp_que_init      Net_Dbg_CM3_L.lib(net_tcp.o)
    0x08018424   0x08018424   0x000000ac   Code   RO         1969    i.tcp_que_resend    Net_Dbg_CM3_L.lib(net_tcp.o)
    0x080184d0   0x080184d0   0x00000090   Code   RO         1970    i.tcp_send_ctrl     Net_Dbg_CM3_L.lib(net_tcp.o)
    0x08018560   0x08018560   0x0000007c   Code   RO         1971    i.tcp_send_data     Net_Dbg_CM3_L.lib(net_tcp.o)
    0x080185dc   0x080185dc   0x00000090   Code   RO         1972    i.tcp_send_reset    Net_Dbg_CM3_L.lib(net_tcp.o)
    0x0801866c   0x0801866c   0x00000044   Code   RO         1973    i.tcp_set_cwnd      Net_Dbg_CM3_L.lib(net_tcp.o)
    0x080186b0   0x080186b0   0x00000074   Code   RO         1974    i.tcp_transit       Net_Dbg_CM3_L.lib(net_tcp.o)
    0x08018724   0x08018724   0x0000010c   Code   RO         1975    i.tcp_write         Net_Dbg_CM3_L.lib(net_tcp.o)
    0x08018830   0x08018830   0x0000002c   Code   RO         1885    i.udp_port_in_use   Net_Dbg_CM3_L.lib(net_udp.o)
    0x0801885c   0x0801885c   0x00000044   Code   RO         2557    i.ul2str            Net_Dbg_CM3_L.lib(net_common.o)
    0x080188a0   0x080188a0   0x00000124   Code   RO         2112    i.utc_to_http       Net_Dbg_CM3_L.lib(net_http_server.o)
    0x080189c4   0x080189c4   0x00000024   Data   RO          168    .constdata          http_server.o
    0x080189e8   0x080189e8   0x00000004   Data   RO          259    .constdata          web.o
    0x080189ec   0x080189ec   0x0000639f   Data   RO          260    .constdata          web.o
    0x0801ed8b   0x0801ed8b   0x00000001   PAD
    0x0801ed8c   0x0801ed8c   0x000000a0   Data   RO          261    .constdata          web.o
    0x0801ee2c   0x0801ee2c   0x00000960   Data   RO          280    .constdata          lcd_1.o
    0x0801f78c   0x0801f78c   0x00000018   Data   RO          385    .constdata          led_nucleo_f429zi.o
    0x0801f7a4   0x0801f7a4   0x00000024   Data   RO          596    .constdata          rtx_lib.o
    0x0801f7c8   0x0801f7c8   0x00000024   Data   RO          597    .constdata          rtx_lib.o
    0x0801f7ec   0x0801f7ec   0x00000018   Data   RO          598    .constdata          rtx_lib.o
    0x0801f804   0x0801f804   0x00000004   Data   RO          600    .constdata          rtx_lib.o
    0x0801f808   0x0801f808   0x00000004   Data   RO          941    .constdata          phy_lan8742a.o
    0x0801f80c   0x0801f80c   0x00000020   Data   RO          942    .constdata          phy_lan8742a.o
    0x0801f82c   0x0801f82c   0x00000050   Data   RO          969    .constdata          emac_stm32f4xx.o
    0x0801f87c   0x0801f87c   0x00000044   Data   RO          970    .constdata          emac_stm32f4xx.o
    0x0801f8c0   0x0801f8c0   0x00000034   Data   RO         1012    .constdata          spi_stm32f4xx.o
    0x0801f8f4   0x0801f8f4   0x00000010   Data   RO         1013    .constdata          spi_stm32f4xx.o
    0x0801f904   0x0801f904   0x00000010   Data   RO         1014    .constdata          spi_stm32f4xx.o
    0x0801f914   0x0801f914   0x0000002c   Data   RO         1015    .constdata          spi_stm32f4xx.o
    0x0801f940   0x0801f940   0x00000018   Data   RO         1051    .constdata          eventrecorder.o
    0x0801f958   0x0801f958   0x00000008   Data   RO         1190    .constdata          stm32f4xx_hal_dma.o
    0x0801f960   0x0801f960   0x00000010   Data   RO         1534    .constdata          system_stm32f4xx_1.o
    0x0801f970   0x0801f970   0x00000008   Data   RO         1535    .constdata          system_stm32f4xx_1.o
    0x0801f978   0x0801f978   0x000000a8   Data   RO         1578    .constdata          net_config.o
    0x0801fa20   0x0801fa20   0x0000001c   Data   RO         1579    .constdata          net_config.o
    0x0801fa3c   0x0801fa3c   0x00000014   Data   RO         1580    .constdata          net_config.o
    0x0801fa50   0x0801fa50   0x0000000c   Data   RO         1581    .constdata          net_config.o
    0x0801fa5c   0x0801fa5c   0x00000028   Data   RO         1582    .constdata          net_config.o
    0x0801fa84   0x0801fa84   0x0000002c   Data   RO         1583    .constdata          net_config.o
    0x0801fab0   0x0801fab0   0x00000008   Data   RO         1584    .constdata          net_config.o
    0x0801fab8   0x0801fab8   0x00000008   Data   RO         1585    .constdata          net_config.o
    0x0801fac0   0x0801fac0   0x00000008   Data   RO         1586    .constdata          net_config.o
    0x0801fac8   0x0801fac8   0x00000008   Data   RO         1587    .constdata          net_config.o
    0x0801fad0   0x0801fad0   0x00000008   Data   RO         1588    .constdata          net_config.o
    0x0801fad8   0x0801fad8   0x00000008   Data   RO         1589    .constdata          net_config.o
    0x0801fae0   0x0801fae0   0x00000008   Data   RO         1590    .constdata          net_config.o
    0x0801fae8   0x0801fae8   0x00000004   Data   RO         1592    .constdata          net_config.o
    0x0801faec   0x0801faec   0x00000008   Data   RO         1593    .constdata          net_config.o
    0x0801faf4   0x0801faf4   0x0000000c   Data   RO         1594    .constdata          net_config.o
    0x0801fb00   0x0801fb00   0x00000018   Data   RO         1595    .constdata          net_config.o
    0x0801fb18   0x0801fb18   0x00000034   Data   RO         1596    .constdata          net_config.o
    0x0801fb4c   0x0801fb4c   0x00000008   Data   RO         1597    .constdata          net_config.o
    0x0801fb54   0x0801fb54   0x0000002c   Data   RO         1598    .constdata          net_config.o
    0x0801fb80   0x0801fb80   0x00000024   Data   RO         1599    .constdata          net_config.o
    0x0801fba4   0x0801fba4   0x00000010   Data   RO         1601    .constdata          net_config.o
    0x0801fbb4   0x0801fbb4   0x00000010   Data   RO         1602    .constdata          net_config.o
    0x0801fbc4   0x0801fbc4   0x0000002c   Data   RO         1807    .constdata          Net_Dbg_CM3_L.lib(net_loopback.o)
    0x0801fbf0   0x0801fbf0   0x0000000c   Data   RO         1808    .constdata          Net_Dbg_CM3_L.lib(net_loopback.o)
    0x0801fbfc   0x0801fbfc   0x00000008   Data   RO         2045    .constdata          Net_Dbg_CM3_L.lib(net_nbns_client.o)
    0x0801fc04   0x0801fc04   0x000000fa   Data   RO         2114    .constdata          Net_Dbg_CM3_L.lib(net_http_server.o)
    0x0801fcfe   0x0801fcfe   0x00000012   Data   RO         2213    .constdata          Net_Dbg_CM3_L.lib(net_ping_core.o)
    0x0801fd10   0x0801fd10   0x00000010   Data   RO         2306    .constdata          Net_Dbg_CM3_L.lib(net_addr.o)
    0x0801fd20   0x0801fd20   0x00000006   Data   RO         2307    .constdata          Net_Dbg_CM3_L.lib(net_addr.o)
    0x0801fd26   0x0801fd26   0x00000004   Data   RO         2429    .constdata          Net_Dbg_CM3_L.lib(net_ip4.o)
    0x0801fd2a   0x0801fd2a   0x00000020   Data   RO         2464    .constdata          Net_Dbg_CM3_L.lib(net_ip6.o)
    0x0801fd4a   0x0801fd4a   0x00000002   PAD
    0x0801fd4c   0x0801fd4c   0x00000018   Data   RO         2504    .constdata          Net_Dbg_CM3_L.lib(net_http_server_err.o)
    0x0801fd64   0x0801fd64   0x00000010   Data   RO         2558    .constdata          Net_Dbg_CM3_L.lib(net_common.o)
    0x0801fd74   0x0801fd74   0x00000004   Data   RO         2588    .constdata          Net_Dbg_CM3_L.lib(net_version.o)
    0x0801fd78   0x0801fd78   0x0000000c   Data   RO         2602    .constdata          mc_w.l(localtime.o)
    0x0801fd84   0x0801fd84   0x000000da   Data   RO          227    .conststring        http_server_cgi.o
    0x0801fe5e   0x0801fe5e   0x00000002   PAD
    0x0801fe60   0x0801fe60   0x00000078   Data   RO         1603    .conststring        net_config.o
    0x0801fed8   0x0801fed8   0x0000000d   Data   RO         1604    .conststring        net_config.o
    0x0801fee5   0x0801fee5   0x00000003   PAD
    0x0801fee8   0x0801fee8   0x00000038   Data   RO         1605    .conststring        net_config.o
    0x0801ff20   0x0801ff20   0x00000001   Data   RO         1606    .conststring        net_config.o
    0x0801ff21   0x0801ff21   0x00000003   PAD
    0x0801ff24   0x0801ff24   0x0000000f   Data   RO         1607    .conststring        net_config.o
    0x0801ff33   0x0801ff33   0x00000001   PAD
    0x0801ff34   0x0801ff34   0x00000203   Data   RO         2505    .conststring        Net_Dbg_CM3_L.lib(net_http_server_err.o)
    0x08020137   0x08020137   0x00000001   PAD
    0x08020138   0x08020138   0x0000000b   Data   RO          540    .conststrlit        rtx_kernel.o
    0x08020143   0x08020143   0x00000001   PAD
    0x08020144   0x08020144   0x000000a8   Data   RO          601    .rodata             rtx_lib.o
    0x080201ec   0x080201ec   0x00000030   Data   RO         2935    Region$$Table       anon$$obj.o


    Execution Region RW_IRAM2 (Exec base: 0x10000000, Load base: 0x08020354, Size: 0x000004a4, Max: 0x00010000, ABSOLUTE)

    Exec Addr    Load Addr    Size         Type   Attr      Idx    E Section Name        Object

    0x10000000        -       0x000004a4   Zero   RW         1050    .bss.noinit         eventrecorder.o


    Execution Region RW_IRAM1 (Exec base: 0x20000000, Load base: 0x0802021c, Size: 0x0000f6f8, Max: 0x00030000, ABSOLUTE, COMPRESSED[0x00000138])

    Exec Addr    Load Addr    Size         Type   Attr      Idx    E Section Name        Object

    0x20000000   COMPRESSED   0x00008000   Data   RW          588    .bss.os             rtx_lib.o
    0x20008000   COMPRESSED   0x00000040   Data   RW          589    .bss.os             rtx_lib.o
    0x20008040   COMPRESSED   0x00000001   Data   RW          893    .bss.os             os_systick.o
    0x20008041   COMPRESSED   0x00000003   PAD
    0x20008044   COMPRESSED   0x00000034   Data   RW          590    .bss.os.msgqueue.cb  rtx_lib.o
    0x20008078   COMPRESSED   0x00000050   Data   RW          591    .bss.os.msgqueue.mem  rtx_lib.o
    0x200080c8   COMPRESSED   0x0000001c   Data   RW         1572    .bss.os.mutex.cb    net_config.o
    0x200080e4   COMPRESSED   0x0000001c   Data   RW         1573    .bss.os.mutex.cb    net_config.o
    0x20008100   COMPRESSED   0x00000010   Data   RW         1574    .bss.os.semaphore.cb  net_config.o
    0x20008110   COMPRESSED   0x00000044   Data   RW          592    .bss.os.thread.cb   rtx_lib.o
    0x20008154   COMPRESSED   0x00000044   Data   RW          593    .bss.os.thread.cb   rtx_lib.o
    0x20008198   COMPRESSED   0x00000044   Data   RW         1575    .bss.os.thread.cb   net_config.o
    0x200081dc   COMPRESSED   0x00000044   Data   RW         1576    .bss.os.thread.cb   net_config.o
    0x20008220   COMPRESSED   0x00000200   Data   RW          594    .bss.os.thread.idle.stack  rtx_lib.o
    0x20008420   COMPRESSED   0x00000200   Data   RW          595    .bss.os.thread.timer.stack  rtx_lib.o
    0x20008620   COMPRESSED   0x00000020   Data   RW         1577    .bss.os.timer.cb    net_config.o
    0x20008640   COMPRESSED   0x00000004   Data   RW            5    .data               main.o
    0x20008644   COMPRESSED   0x00000036   Data   RW          169    .data               http_server.o
    0x2000867a   COMPRESSED   0x00000002   PAD
    0x2000867c   COMPRESSED   0x00000008   Data   RW          228    .data               http_server_cgi.o
    0x20008684   COMPRESSED   0x00000008   Data   RW          281    .data               lcd_1.o
    0x2000868c   COMPRESSED   0x00000001   Data   RW          316    .data               adc.o
    0x2000868d   COMPRESSED   0x00000003   PAD
    0x20008690   COMPRESSED   0x00000008   Data   RW          346    .data               rtc.o
    0x20008698   COMPRESSED   0x0000000c   Data   RW         1084    .data               stm32f4xx_hal.o
    0x200086a4   COMPRESSED   0x00000004   Data   RW         1536    .data               system_stm32f4xx_1.o
    0x200086a8   COMPRESSED   0x00000004   Data   RW         1608    .data               net_config.o
    0x200086ac   COMPRESSED   0x00000006   Data   RW         1609    .data               net_config.o
    0x200086b2   COMPRESSED   0x00000004   Data   RW         1610    .data               net_config.o
    0x200086b6   COMPRESSED   0x00000002   PAD
    0x200086b8   COMPRESSED   0x00000004   Data   RW         1809    .data               Net_Dbg_CM3_L.lib(net_loopback.o)
    0x200086bc   COMPRESSED   0x00000004   Data   RW         1827    .data               Net_Dbg_CM3_L.lib(net_ip4_frag.o)
    0x200086c0   COMPRESSED   0x00000001   Data   RW         1845    .data               Net_Dbg_CM3_L.lib(net_icmp.o)
    0x200086c1   COMPRESSED   0x00000001   PAD
    0x200086c2   COMPRESSED   0x00000002   Data   RW         1887    .data               Net_Dbg_CM3_L.lib(net_udp.o)
    0x200086c4   COMPRESSED   0x00000004   Data   RW         1978    .data               Net_Dbg_CM3_L.lib(net_tcp.o)
    0x200086c8   COMPRESSED   0x00000001   Data   RW         2046    .data               Net_Dbg_CM3_L.lib(net_nbns_client.o)
    0x200086c9   COMPRESSED   0x00000003   PAD
    0x200086cc   COMPRESSED   0x0000000c   Data   RW         2115    .data               Net_Dbg_CM3_L.lib(net_http_server.o)
    0x200086d8   COMPRESSED   0x00000008   Data   RW         2430    .data               Net_Dbg_CM3_L.lib(net_ip4.o)
    0x200086e0   COMPRESSED   0x00000004   Data   RW         2466    .data               Net_Dbg_CM3_L.lib(net_ip6.o)
    0x200086e4   COMPRESSED   0x000000a4   Data   RW          541    .data.os            rtx_kernel.o
    0x20008788        -       0x00000400   Zero   RW          166    .bss                http_server.o
    0x20008b88        -       0x00000040   Zero   RW          167    .bss                http_server.o
    0x20008bc8        -       0x0000009c   Zero   RW          226    .bss                http_server_cgi.o
    0x20008c64        -       0x00000240   Zero   RW          279    .bss                lcd_1.o
    0x20008ea4        -       0x00000048   Zero   RW          315    .bss                adc.o
    0x20008eec        -       0x00000098   Zero   RW          345    .bss                rtc.o
    0x20008f84        -       0x0000000c   Zero   RW          940    .bss                phy_lan8742a.o
    0x20008f90        -       0x000024cc   Zero   RW          968    .bss                emac_stm32f4xx.o
    0x2000b45c        -       0x00000010   Zero   RW         1010    .bss                spi_stm32f4xx.o
    0x2000b46c        -       0x0000001c   Zero   RW         1011    .bss                spi_stm32f4xx.o
    0x2000b488        -       0x00000400   Zero   RW         1563    .bss                net_config.o
    0x2000b888        -       0x00000400   Zero   RW         1564    .bss                net_config.o
    0x2000bc88        -       0x00002ee0   Zero   RW         1565    .bss                net_config.o
    0x2000eb68        -       0x000000c8   Zero   RW         1566    .bss                net_config.o
    0x2000ec30        -       0x00000018   Zero   RW         1567    .bss                net_config.o
    0x2000ec48        -       0x00000028   Zero   RW         1568    .bss                net_config.o
    0x2000ec70        -       0x00000050   Zero   RW         1569    .bss                net_config.o
    0x2000ecc0        -       0x00000228   Zero   RW         1570    .bss                net_config.o
    0x2000eee8        -       0x00000150   Zero   RW         1571    .bss                net_config.o
    0x2000f038        -       0x000000a0   Zero   RW         1704    .bss                Net_Dbg_CM3_L.lib(net_eth.o)
    0x2000f0d8        -       0x00000018   Zero   RW         1764    .bss                Net_Dbg_CM3_L.lib(net_arp.o)
    0x2000f0f0        -       0x0000001c   Zero   RW         1886    .bss                Net_Dbg_CM3_L.lib(net_udp.o)
    0x2000f10c        -       0x00000098   Zero   RW         2113    .bss                Net_Dbg_CM3_L.lib(net_http_server.o)
    0x2000f1a4        -       0x0000002c   Zero   RW         2189    .bss                Net_Dbg_CM3_L.lib(net_sntp_client_core.o)
    0x2000f1d0        -       0x0000002c   Zero   RW         2212    .bss                Net_Dbg_CM3_L.lib(net_ping_core.o)
    0x2000f1fc        -       0x00000038   Zero   RW         2247    .bss                Net_Dbg_CM3_L.lib(net_sys.o)
    0x2000f234        -       0x00000024   Zero   RW         2248    .bss                Net_Dbg_CM3_L.lib(net_sys.o)
    0x2000f258        -       0x0000005c   Zero   RW         2305    .bss                Net_Dbg_CM3_L.lib(net_addr.o)
    0x2000f2b4        -       0x00000014   Zero   RW         2520    .bss                Net_Dbg_CM3_L.lib(net_mem.o)
    0x2000f2c8        -       0x0000002c   Zero   RW         2601    .bss                mc_w.l(localtime.o)
    0x2000f2f4   COMPRESSED   0x00000004   PAD
    0x2000f2f8        -       0x00000400   Zero   RW         1523    STACK               startup_stm32f429xx.o


==============================================================================

Image component sizes


      Code (inc. data)   RO Data    RW Data    ZI Data      Debug   Object Name

       284         24          0          1         72       2244   adc.o
      2536        156        148          0       9420      47378   emac_stm32f4xx.o
      1452         40         24          0       1188      17192   eventrecorder.o
       248         36         36         54       1088      10984   http_server.o
      1828        304        218          8        156       7736   http_server_cgi.o
       148          8          0          0          0        556   irq_armv7m.o
      1144         44       2400          8        576       5117   lcd_1.o
       236         10         24          0          0       2697   led_nucleo_f429zi.o
       276         28          0          4          0     802503   main.o
       372         24        793        254      15280      32281   net_config.o
       338          0          0          0          0        786   net_debug.o
       196         12          0          1          0       1932   os_systick.o
       428         10         36          0         12       6718   phy_lan8742a.o
       452         48          0          8        152       3875   rtc.o
         4          0          0          0          0        555   rtx_config.o
       260         14          0          0          0      17646   rtx_delay.o
      2392         88          0          0          0      45101   rtx_evr.o
      1740         96         11        164          0      27736   rtx_kernel.o
        24          0        268      34124          0       9667   rtx_lib.o
       292          0          0          0          0       3759   rtx_memory.o
      1984         48          0          0          0      14964   rtx_mempool.o
      2820         58          0          0          0      23452   rtx_msgqueue.o
      1368         30          0          0          0       9994   rtx_mutex.o
      1432         34          0          0          0      11692   rtx_semaphore.o
       668         18          0          0          0       8257   rtx_system.o
      4892        124          0          0          0      33389   rtx_thread.o
      1152         34          0          0          0      10097   rtx_timer.o
      3164         98        128          0         44      44715   spi_stm32f4xx.o
        36          8        428          0       1024        792   startup_stm32f429xx.o
       456         38          0         12          0      11319   stm32f4xx_hal.o
      2744         92          0          0          0       8763   stm32f4xx_hal_adc.o
      1828         42          0          0          0       6470   stm32f4xx_hal_adc_ex.o
       664         10          0          0          0      36014   stm32f4xx_hal_cortex.o
      1816         28          8          0          0       7577   stm32f4xx_hal_dma.o
       868         54          0          0          0       3931   stm32f4xx_hal_gpio.o
       376         20          0          0          0       3559   stm32f4xx_hal_pwr.o
      1888         66          0          0          0       6083   stm32f4xx_hal_rcc.o
      1508         80          0          0          0       4641   stm32f4xx_hal_rcc_ex.o
      2416         24          0          0          0       8645   stm32f4xx_hal_rtc.o
      2828         22          0          0          0      13629   stm32f4xx_hal_rtc_ex.o
      9170        166          0          0          0      37580   stm32f4xx_hal_tim.o
      2992         62          0          0          0      13596   stm32f4xx_hal_tim_ex.o
       148         20         24          4          0       1645   system_stm32f4xx_1.o
       120         10      25667          0          0       1600   web.o

    ----------------------------------------------------------------------
     61990       2128      30272      34652      29012    1368867   Object Totals
         0          0         48          0          0          0   (incl. Generated)
         2          0         11         10          0          0   (incl. Padding)

    ----------------------------------------------------------------------

      Code (inc. data)   RO Data    RW Data    ZI Data      Debug   Library Member Name

      1458         18         22          0         92       1624   net_addr.o
      2874        144          0          0         24       1548   net_arp.o
       600         10         16          0          0       1272   net_common.o
      3664        138          0          0        160       1600   net_eth.o
      6834       1268        250         12        152       2852   net_http_server.o
         0          0        539          0          0          0   net_http_server_err.o
       640         48          0          1          0        236   net_icmp.o
       812         60          0          0          0        332   net_icmp6.o
      1188         82          4          8          0        956   net_ip4.o
       690         30          0          4          0        476   net_ip4_frag.o
       848         72         32          4          0        644   net_ip6.o
       348         28         56          4          0        256   net_loopback.o
       592         64          0          0         20        564   net_mem.o
       520         44          8          1          0        188   net_nbns_client.o
      3058        106          0          0          0       1404   net_ndp.o
       188         32         18          0         44        220   net_ping_core.o
       872         70          0          0         44        584   net_sntp_client_core.o
       834         84          0          0         92       1012   net_sys.o
      6566        282          0          4          0       2728   net_tcp.o
      1400         80          0          2         28        772   net_udp.o
         0          0          4          0          0          0   net_version.o
        86          0          0          0          0          0   __dczerorl2.o
         0          0          0          0          0          0   entry.o
         0          0          0          0          0          0   entry10a.o
         0          0          0          0          0          0   entry11a.o
         4          0          0          0          0          0   entry12b.o
         8          4          0          0          0          0   entry2.o
         4          0          0          0          0          0   entry5.o
         0          0          0          0          0          0   entry7b.o
         0          0          0          0          0          0   entry8b.o
         8          4          0          0          0          0   entry9a.o
        30          0          0          0          0          0   handlers.o
        36          8          0          0          0         68   init.o
         0          0          0          0          0          0   iusefp.o
        30          0          0          0          0         68   llshl.o
        36          0          0          0          0         68   llsshr.o
        32          0          0          0          0         68   llushr.o
       148         10         12          0         44         76   localtime.o
        26          0          0          0          0         80   memcmp.o
        36          0          0          0          0         68   memcpya.o
        36          0          0          0          0        108   memseta.o
      2236         86          0          0          0        532   printfa.o
        28          0          0          0          0         76   strcmp.o
        18          0          0          0          0         68   strcpy.o
        14          0          0          0          0         68   strlen.o
        30          0          0          0          0         80   strncmp.o
        44          0          0          0          0         80   uidiv.o
        98          0          0          0          0         92   uldiv.o
        48          0          0          0          0         68   cdrcmple.o
       334          0          0          0          0        148   dadd.o
       222          0          0          0          0        100   ddiv.o
       186          0          0          0          0        176   depilogue.o
        48          0          0          0          0         68   dfixul.o
       228          0          0          0          0         96   dmul.o
        46          0          0          0          0         80   dscalb.o
        38          0          0          0          0         68   f2d.o
       110          0          0          0          0        168   fepilogue.o
        10          0          0          0          0         68   ffltui.o
       100          0          0          0          0         76   fmul.o

    ----------------------------------------------------------------------
     38386       2772        964         44        704      21984   Library Totals
        42          0          3          4          4          0   (incl. Padding)

    ----------------------------------------------------------------------

      Code (inc. data)   RO Data    RW Data    ZI Data      Debug   Library Name

     33986       2660        949         40        656      19268   Net_Dbg_CM3_L.lib
      2988        112         12          0         44       1600   mc_w.l
      1370          0          0          0          0       1116   mf_w.l

    ----------------------------------------------------------------------
     38386       2772        964         44        704      21984   Library Totals

    ----------------------------------------------------------------------

==============================================================================


      Code (inc. data)   RO Data    RW Data    ZI Data      Debug   

    100376       4900      31236      34696      29716    1372987   Grand Totals
    100376       4900      31236        312      29716    1372987   ELF Image Totals (compressed)
    100376       4900      31236        312          0          0   ROM Totals

==============================================================================

    Total RO  Size (Code + RO Data)               131612 ( 128.53kB)
    Total RW  Size (RW Data + ZI Data)             64412 (  62.90kB)
    Total ROM Size (Code + RO Data + RW Data)     131924 ( 128.83kB)

==============================================================================

