Component: ARM Compiler 5.06 update 7 (build 960) Tool: armlink [4d3601]

==============================================================================

Section Cross References

    main.o(.text) refers to rtx_kernel.o(.text) for osKernelGetState
    main.o(.text) refers to stm32f4xx_hal_rcc.o(.text) for HAL_RCC_OscConfig
    main.o(.text) refers to stm32f4xx_hal.o(.text) for HAL_GetREVID
    main.o(.text) refers to system_stm32f4xx_1.o(.text) for SystemCoreClockUpdate
    main.o(.text) refers to rtx_thread.o(.text) for osThreadNew
    main.o(.text) refers to rtc.o(.text) for Init_ThRTC
    main.o(.text) refers to pwr.o(.text) for Init_ThPWR
    main.o(.text) refers to system_stm32f4xx_1.o(.data) for SystemCoreClock
    main.o(.text) refers to main.o(.data) for .data
    main.o(.text) refers to http_server.o(.constdata) for app_main_attr
    main.o(.text) refers to http_server.o(.text) for app_main
    http_server.o(.text) refers to adc.o(.text) for ADC_StartConversion
    http_server.o(.text) refers to rtx_thread.o(.text) for osThreadFlagsSet
    http_server.o(.text) refers to lcd_1.o(.text) for startLCD
    http_server.o(.text) refers to printfa.o(i.__0sprintf) for __2sprintf
    http_server.o(.text) refers to led_nucleo_f429zi.o(.text) for LED_SetOut
    http_server.o(.text) refers to rtx_delay.o(.text) for osDelay
    http_server.o(.text) refers to net_sys.o(.text.netInitialize) for netInitialize
    http_server.o(.text) refers to http_server.o(.data) for .data
    http_server.o(.text) refers to http_server.o(.bss) for .bss
    http_server.o(.constdata) refers to http_server.o(.bss) for app_main_stk
    http_server_cgi.o(.text) refers to net_http_server.o(.text.netCGI_GetEnvVar) for netCGI_GetEnvVar
    http_server_cgi.o(.text) refers to net_addr.o(.text.netIP_aton) for netIP_aton
    http_server_cgi.o(.text) refers to net_sys.o(.text.netIF_SetOption) for netIF_SetOption
    http_server_cgi.o(.text) refers to strcmp.o(.text) for strcmp
    http_server_cgi.o(.text) refers to strncmp.o(.text) for strncmp
    http_server_cgi.o(.text) refers to led_nucleo_f429zi.o(.text) for LED_SetOut
    http_server_cgi.o(.text) refers to net_http_server.o(.text.netHTTPs_LoginActive) for netHTTPs_LoginActive
    http_server_cgi.o(.text) refers to strcpy.o(.text) for strcpy
    http_server_cgi.o(.text) refers to net_http_server.o(.text.netHTTPs_SetPassword) for netHTTPs_SetPassword
    http_server_cgi.o(.text) refers to rtx_thread.o(.text) for osThreadFlagsSet
    http_server_cgi.o(.text) refers to net_sys.o(.text.netIF_GetOption) for netIF_GetOption
    http_server_cgi.o(.text) refers to net_addr.o(.text.netIP_ntoa) for netIP_ntoa
    http_server_cgi.o(.text) refers to printfa.o(i.__0sprintf) for __2sprintf
    http_server_cgi.o(.text) refers to net_tcp.o(.text.netTCP_GetState) for netTCP_GetState
    http_server_cgi.o(.text) refers to net_tcp.o(.text.netTCP_GetPeer) for netTCP_GetPeer
    http_server_cgi.o(.text) refers to net_tcp.o(.text.netTCP_GetTimer) for netTCP_GetTimer
    http_server_cgi.o(.text) refers to net_tcp.o(.text.netTCP_GetLocalPort) for netTCP_GetLocalPort
    http_server_cgi.o(.text) refers to net_http_server.o(.text.netHTTPs_GetPassword) for netHTTPs_GetPassword
    http_server_cgi.o(.text) refers to http_server_cgi.o(.bss) for .bss
    http_server_cgi.o(.text) refers to http_server_cgi.o(.data) for .data
    http_server_cgi.o(.text) refers to http_server.o(.data) for LEDrun
    http_server_cgi.o(.text) refers to http_server_cgi.o(.conststring) for .conststring
    http_server_cgi.o(.text) refers to net_http_server.o(.text.netHTTPs_GetLanguage) for netHTTPs_GetLanguage
    http_server_cgi.o(.text) refers to http_server.o(.text) for AD_in
    http_server_cgi.o(.text) refers to ffltui.o(.text) for __aeabi_ui2f
    http_server_cgi.o(.text) refers to fmul.o(.text) for __aeabi_fmul
    http_server_cgi.o(.text) refers to f2d.o(.text) for __aeabi_f2d
    http_server_cgi.o(.text) refers to dscalb.o(.text) for __ARM_scalbn
    http_server_cgi.o(.text) refers to rtc.o(.bss) for stimestructure
    http_server_cgi.o(.text) refers to rtc.o(.data) for sdatestructure
    web.o(.text) refers to web.o(.constdata) for .constdata
    web.o(.constdata) refers to web.o(.constdata) for imageFileData
    lcd_1.o(.text) refers to stm32f4xx_hal_gpio.o(.text) for HAL_GPIO_WritePin
    lcd_1.o(.text) refers to strlen.o(.text) for strlen
    lcd_1.o(.text) refers to stm32f4xx_hal_tim.o(.text) for HAL_TIM_Base_Init
    lcd_1.o(.text) refers to lcd_1.o(.data) for .data
    lcd_1.o(.text) refers to lcd_1.o(.bss) for .bss
    lcd_1.o(.text) refers to lcd_1.o(.constdata) for .constdata
    lcd_1.o(.data) refers to spi_stm32f4xx.o(.constdata) for Driver_SPI1
    adc.o(.text) refers to stm32f4xx_hal_gpio.o(.text) for HAL_GPIO_Init
    adc.o(.text) refers to stm32f4xx_hal_adc.o(.text) for HAL_ADC_Init
    adc.o(.text) refers to adc.o(.bss) for .bss
    adc.o(.text) refers to adc.o(.data) for .data
[...]
    net_ip4_find_route                       0x08015679   Thumb Code   104  net_ip4.o(.text.net_ip4_find_route)
    net_ip4_frag_add                         0x080156f9   Thumb Code   432  net_ip4_frag.o(.text.net_ip4_frag_add)
    net_ip4_frag_get                         0x080158b5   Thumb Code   172  net_ip4_frag.o(.text.net_ip4_frag_get)
    net_ip4_frag_init                        0x08015969   Thumb Code    12  net_ip4_frag.o(.text.net_ip4_frag_init)
    net_ip4_frag_run                         0x08015979   Thumb Code    48  net_ip4_frag.o(.text.net_ip4_frag_run)
    net_ip4_get_local                        0x080159b1   Thumb Code    28  net_ip4.o(.text.net_ip4_get_local)
    net_ip4_init                             0x080159d1   Thumb Code    24  net_ip4.o(.text.net_ip4_init)
    net_ip4_is_onlink                        0x080159f5   Thumb Code    26  net_ip4.o(.text.net_ip4_is_onlink)
    net_ip4_is_subcast                       0x08015a0f   Thumb Code    32  net_ip4.o(.text.net_ip4_is_subcast)
    net_ip4_reass_frame                      0x08015a2f   Thumb Code    16  net_ip4.o(.text.net_ip4_reass_frame)
    net_ip4_send_frame                       0x08015a41   Thumb Code   368  net_ip4.o(.text.net_ip4_send_frame)
    net_ip4_tx_offl_hl                       0x08015bc9   Thumb Code    50  net_ip4.o(.text.net_ip4_tx_offl_hl)
    net_ip6_chk_frame                        0x08015bfd   Thumb Code   276  net_ip6.o(.text.net_ip6_chk_frame)
    net_ip6_chksum                           0x08015d29   Thumb Code    52  net_ip6.o(.text.net_ip6_chksum)
    net_ip6_collect_mcast                    0x08015d5d   Thumb Code   116  net_ip6.o(.text.net_ip6_collect_mcast)
    net_ip6_find_route                       0x08015dd5   Thumb Code    60  net_ip6.o(.text.net_ip6_find_route)
    net_ip6_get_local                        0x08015e21   Thumb Code    64  net_ip6.o(.text.net_ip6_get_local)
    net_ip6_init                             0x08015e69   Thumb Code    20  net_ip6.o(.text.net_ip6_init)
    net_ip6_reass_frame                      0x08015e85   Thumb Code    12  net_ip6.o(.text.net_ip6_reass_frame)
    net_ip6_send_frame                       0x08015e91   Thumb Code   272  net_ip6.o(.text.net_ip6_send_frame)
    net_ip6_tx_offl_hl                       0x08015fad   Thumb Code    34  net_ip6.o(.text.net_ip6_tx_offl_hl)
    net_itoa                                 0x08015fcf   Thumb Code     8  net_common.o(.text.net_itoa)
    net_itoa_n0                              0x08015fd7   Thumb Code     6  net_common.o(.text.net_itoa_n0)
    net_loop_iface_init                      0x08015fdd   Thumb Code    32  net_loopback.o(.text.net_loop_iface_init)
    net_loop_iface_run                       0x08016005   Thumb Code   168  net_loopback.o(.text.net_loop_iface_run)
    net_loop_send_frame                      0x080160bd   Thumb Code   100  net_loopback.o(.text.net_loop_send_frame)
    net_mem_alloc                            0x08016129   Thumb Code   180  net_mem.o(.text.net_mem_alloc)
    net_mem_avail                            0x080161e9   Thumb Code    20  net_mem.o(.text.net_mem_avail)
    net_mem_free                             0x08016201   Thumb Code   148  net_mem.o(.text.net_mem_free)
    net_mem_init                             0x080162a1   Thumb Code    96  net_mem.o(.text.net_mem_init)
    net_mem_shrink                           0x0801630d   Thumb Code    64  net_mem.o(.text.net_mem_shrink)
    net_nbns_client_init                     0x08016355   Thumb Code    76  net_nbns_client.o(.text.net_nbns_client_init)
    net_ndp_cache_find                       0x080163b1   Thumb Code   404  net_ndp.o(.text.net_ndp_cache_find)
    net_ndp_cache_refresh                    0x08016551   Thumb Code   120  net_ndp.o(.text.net_ndp_cache_refresh)
    net_ndp_enqueue                          0x080165d1   Thumb Code   120  net_ndp.o(.text.net_ndp_enqueue)
    net_ndp_process                          0x0801664d   Thumb Code  1560  net_ndp.o(.text.net_ndp_process)
    net_path                                 0x08016c71   Thumb Code    56  net_sys.o(.text.net_path)
    net_ping_client_init                     0x08016cad   Thumb Code    24  net_ping_core.o(.text.net_ping_client_init)
    net_ping_client_run                      0x08016ccd   Thumb Code   104  net_ping_core.o(.text.net_ping_client_run)
    net_rand32                               0x08016d45   Thumb Code    20  net_sys.o(.text.net_rand32)
    net_sntp_client_init                     0x08016d61   Thumb Code    72  net_sntp_client_core.o(.text.net_sntp_client_init)
    net_sntp_client_run                      0x08016db5   Thumb Code    76  net_sntp_client_core.o(.text.net_sntp_client_run)
    net_sntp_client_start                    0x08016e0d   Thumb Code   280  net_sntp_client_core.o(.text.net_sntp_client_start)
    net_strcasecmp                           0x08016f35   Thumb Code    42  net_common.o(.text.net_strcasecmp)
    net_strcmp                               0x08016f5f   Thumb Code    24  net_common.o(.text.net_strcmp)
    net_strcpy                               0x08016f77   Thumb Code    16  net_common.o(.text.net_strcpy)
    net_strnchr                              0x08016f87   Thumb Code    30  net_common.o(.text.net_strnchr)
    net_strncpy                              0x08016fa5   Thumb Code    26  net_common.o(.text.net_strncpy)
    net_strnstr                              0x08016fbf   Thumb Code    82  net_common.o(.text.net_strnstr)
    net_strrchr                              0x08017011   Thumb Code    26  net_common.o(.text.net_strrchr)
    net_strtoupper                           0x0801702b   Thumb Code    30  net_common.o(.text.net_strtoupper)
    net_sys_lock                             0x08017049   Thumb Code     8  net_sys.o(.text.net_sys_lock)
    net_sys_resume                           0x08017055   Thumb Code    20  net_sys.o(.text.net_sys_resume)
    net_sys_tick                             0x08017069   Thumb Code    20  net_sys.o(.text.net_sys_tick)
    net_sys_unlock                           0x08017081   Thumb Code     8  net_sys.o(.text.net_sys_unlock)
    net_sys_wakeup                           0x0801708d   Thumb Code    28  net_sys.o(.text.net_sys_wakeup)
    net_tcp_abort                            0x080170ad   Thumb Code   108  net_tcp.o(.text.net_tcp_abort)
    net_tcp_close                            0x08017121   Thumb Code   252  net_tcp.o(.text.net_tcp_close)
    net_tcp_get_buf                          0x08017225   Thumb Code    52  net_tcp.o(.text.net_tcp_get_buf)
    net_tcp_get_local_port                   0x08017259   Thumb Code    40  net_tcp.o(.text.net_tcp_get_local_port)
    net_tcp_get_mss                          0x08017285   Thumb Code    28  net_tcp.o(.text.net_tcp_get_mss)
    net_tcp_get_peer                         0x080172a5   Thumb Code    64  net_tcp.o(.text.net_tcp_get_peer)
    net_tcp_get_socket                       0x080172e9   Thumb Code   108  net_tcp.o(.text.net_tcp_get_socket)
    net_tcp_get_state                        0x0801735d   Thumb Code    32  net_tcp.o(.text.net_tcp_get_state)
    net_tcp_get_timer                        0x08017381   Thumb Code    40  net_tcp.o(.text.net_tcp_get_timer)
    net_tcp_listen                           0x080173ad   Thumb Code   164  net_tcp.o(.text.net_tcp_listen)
    net_tcp_process                          0x08017459   Thumb Code  2872  net_tcp.o(.text.net_tcp_process)
    net_tcp_send                             0x08017fa5   Thumb Code   360  net_tcp.o(.text.net_tcp_send)
    net_tcp_set_option                       0x08018119   Thumb Code   304  net_tcp.o(.text.net_tcp_set_option)
    net_tcp_socket_init                      0x08018255   Thumb Code    28  net_tcp.o(.text.net_tcp_socket_init)
    net_tcp_socket_run                       0x08018279   Thumb Code  1080  net_tcp.o(.text.net_tcp_socket_run)
    net_udp_close                            0x080186c5   Thumb Code    56  net_udp.o(.text.net_udp_close)
    net_udp_get_buf                          0x08018705   Thumb Code    52  net_udp.o(.text.net_udp_get_buf)
    net_udp_get_socket                       0x08018739   Thumb Code    92  net_udp.o(.text.net_udp_get_socket)
    net_udp_open                             0x080187a1   Thumb Code   180  net_udp.o(.text.net_udp_open)
    net_udp_process                          0x08018861   Thumb Code   360  net_udp.o(.text.net_udp_process)
    net_udp_send                             0x080189dd   Thumb Code    20  net_udp.o(.text.net_udp_send)
    net_udp_send_if                          0x080189f1   Thumb Code   544  net_udp.o(.text.net_udp_send_if)
    net_udp_socket_init                      0x08018c21   Thumb Code    28  net_udp.o(.text.net_udp_socket_init)
    net_ultoa                                0x08018c41   Thumb Code     8  net_common.o(.text.net_ultoa)
    net_ultox                                0x08018c49   Thumb Code    60  net_common.o(.text.net_ultox)
    net_xtouc                                0x08018c89   Thumb Code    26  net_common.o(.text.net_xtouc)
    net_xtoul                                0x08018ca3   Thumb Code    90  net_common.o(.text.net_xtoul)
    __0sprintf                               0x080194d5   Thumb Code    34  printfa.o(i.__0sprintf)
    __1sprintf                               0x080194d5   Thumb Code     0  printfa.o(i.__0sprintf)
    __2sprintf                               0x080194d5   Thumb Code     0  printfa.o(i.__0sprintf)
    __c89sprintf                             0x080194d5   Thumb Code     0  printfa.o(i.__0sprintf)
    sprintf                                  0x080194d5   Thumb Code     0  printfa.o(i.__0sprintf)
    __scatterload_copy                       0x080194fd   Thumb Code    14  handlers.o(i.__scatterload_copy)
    __scatterload_null                       0x0801950b   Thumb Code     2  handlers.o(i.__scatterload_null)
    __scatterload_zeroinit                   0x0801950d   Thumb Code    14  handlers.o(i.__scatterload_zeroinit)
    app_main_attr                            0x08019db0   Data          36  http_server.o(.constdata)
    imageLastModified                        0x08019dd4   Data           4  web.o(.constdata)
    Arial12x12                               0x08020218   Data        2400  lcd_1.o(.constdata)
    osRtxUserSVC                             0x08020bf0   Data           4  rtx_lib.o(.constdata)
    Driver_ETH_PHY0                          0x08020bf8   Data          32  phy_lan8742a.o(.constdata)
    Driver_ETH_MAC0                          0x08020c68   Data          68  emac_stm32f4xx.o(.constdata)
    Driver_SPI1                              0x08020d00   Data          44  spi_stm32f4xx.o(.constdata)
    EventRecorderInfo                        0x08020d2c   Data          24  eventrecorder.o(.constdata)
    AHBPrescTable                            0x08020d4c   Data          16  system_stm32f4xx_1.o(.constdata)
    APBPrescTable                            0x08020d5c   Data           8  system_stm32f4xx_1.o(.constdata)
    net_sys_config                           0x08020e0c   Data          28  net_config.o(.constdata)
    net_eth0_if_config                       0x08020e70   Data          44  net_config.o(.constdata)
    net_eth_list                             0x08020e9c   Data           8  net_config.o(.constdata)
    net_if_list_lan                          0x08020ea4   Data           8  net_config.o(.constdata)
    net_if_list_all                          0x08020eac   Data           8  net_config.o(.constdata)
    net_if_inet_def                          0x08020eb4   Data           8  net_config.o(.constdata)
    net_if_link_def                          0x08020ebc   Data           8  net_config.o(.constdata)
    net_arp_list                             0x08020ec4   Data           8  net_config.o(.constdata)
    net_icmp_list                            0x08020ecc   Data           8  net_config.o(.constdata)
    net_icmp6_list                           0x08020ed4   Data           4  net_config.o(.constdata)
    net_ip4_frag_config                      0x08020ed8   Data           8  net_config.o(.constdata)
    net_udp_config                           0x08020ee0   Data          12  net_config.o(.constdata)
    net_tcp_config                           0x08020eec   Data          24  net_config.o(.constdata)
    net_http_config                          0x08020f04   Data          52  net_config.o(.constdata)
    net_sntp_config                          0x08020f38   Data           8  net_config.o(.constdata)
    netif_getopt_func                        0x08020f90   Data          16  net_config.o(.constdata)
    netif_setopt_func                        0x08020fa0   Data          16  net_config.o(.constdata)
    osRtxConfig                              0x08021178   Data         112  rtx_lib.o(.rodata)
    os_cb_sections                           0x080211e8   Data          56  rtx_lib.o(.rodata)
    net_addr4_loopback                       0x08021364   Data           4  net_ip4.o(.rodata.net_addr4_loopback)
    net_addr6_all_nodes                      0x08021368   Data          16  net_ip6.o(.rodata.net_addr6_all_nodes)
    net_addr6_loopback                       0x08021378   Data          16  net_ip6.o(.rodata.net_addr6_loopback)
    net_addr_bcast                           0x08021388   Data           6  net_addr.o(.rodata.net_addr_bcast)
    net_addr_unspec                          0x0802138e   Data          16  net_addr.o(.rodata.net_addr_unspec)
    net_http_error                           0x080213a0   Data          24  net_http_server_err.o(.rodata.net_http_error)
    net_lib_version                          0x080213b8   Data           4  net_version.o(.rodata.net_lib_version)
    network_ip4ip6_debug_v7.17.0             0x080213b8   Data           4  net_version.o(.rodata.net_lib_version)
    net_loop_if_config                       0x080213bc   Data          44  net_loopback.o(.rodata.net_loop_if_config)
    net_ping_payload                         0x080213e8   Data          18  net_ping_core.o(.rodata.net_ping_payload)
    Region$$Table$$Base                      0x080217a0   Number         0  anon$$obj.o(Region$$Table)
    Region$$Table$$Limit                     0x080217d0   Number         0  anon$$obj.o(Region$$Table)
    .bss.os.msgqueue.cb$$Base                0x20008044   Number         0  rtx_lib.o(.bss.os.msgqueue.cb)
    .bss.os.msgqueue.cb$$Limit               0x20008078   Number         0  rtx_lib.o(.bss.os.msgqueue.cb)
    .bss.os.mutex.cb$$Base                   0x200080c8   Number         0  net_config.o(.bss.os.mutex.cb)
    .bss.os.mutex.cb$$Limit                  0x20008100   Number         0  net_config.o(.bss.os.mutex.cb)
    .bss.os.semaphore.cb$$Base               0x20008100   Number         0  net_config.o(.bss.os.semaphore.cb)
    .bss.os.semaphore.cb$$Limit              0x20008110   Number         0  net_config.o(.bss.os.semaphore.cb)
    .bss.os.thread.cb$$Base                  0x20008110   Number         0  rtx_lib.o(.bss.os.thread.cb)
    .bss.os.thread.cb$$Limit                 0x20008220   Number         0  net_config.o(.bss.os.thread.cb)
    .bss.os.timer.cb$$Base                   0x20008620   Number         0  net_config.o(.bss.os.timer.cb)
    .bss.os.timer.cb$$Limit                  0x20008640   Number         0  net_config.o(.bss.os.timer.cb)
    LEDrun                                   0x20008644   Data           1  http_server.o(.data)
    TID_Display                              0x20008648   Data           4  http_server.o(.data)
    TID_Led                                  0x2000864c   Data           4  http_server.o(.data)
    lcd_text                                 0x20008650   Data          42  http_server.o(.data)
    SPIdrv                                   0x20008688   Data           4  lcd_1.o(.data)
    tid_rtc                                  0x20008690   Data           4  rtc.o(.data)
    sdatestructure                           0x20008694   Data           4  rtc.o(.data)
    tid_PWR                                  0x20008698   Data           4  pwr.o(.data)
    uwTickFreq                               0x200086a0   Data           1  stm32f4xx_hal.o(.data)
    uwTickPrio                               0x200086a4   Data           4  stm32f4xx_hal.o(.data)
    uwTick                                   0x200086a8   Data           4  stm32f4xx_hal.o(.data)
    SystemCoreClock                          0x200086ac   Data           4  system_stm32f4xx_1.o(.data)
    osRtxInfo                                0x200086c0   Data         164  rtx_kernel.o(.data.os)
    app_main_stk                             0x20008768   Data        1024  http_server.o(.bss)
    hora                                     0x20008ba8   Data          50  http_server_cgi.o(.bss)
    fecha                                    0x20008bda   Data          50  http_server_cgi.o(.bss)
    buffer                                   0x20008c84   Data         512  lcd_1.o(.bss)
    aShowTime                                0x20008ecc   Data          50  rtc.o(.bss)
    aShowDate                                0x20008efe   Data          50  rtc.o(.bss)
    RtcHandle                                0x20008f30   Data          32  rtc.o(.bss)
    stimestructure                           0x20008f50   Data          20  rtc.o(.bss)
    RTCHandle                                0x20008f64   Data          32  pwr.o(.bss)
    net_http_control                         0x2000f09c   Data          20  net_http_server.o(.bss..L_MergedGlobals)
    net_sys_control                          0x2000f0f0   Data          28  net_sys.o(.bss..L_MergedGlobals)
    net_dbg_buf                              0x2000f148   Data          36  net_sys.o(.bss.net_dbg_buf)
    net_eth0_arp_control                     0x2000f16c   Data          24  net_arp.o(.bss.net_eth0_arp_control)
    net_eth0_icmp_control                    0x2000f184   Data           1  net_icmp.o(.bss.net_eth0_icmp_control)
    net_eth0_if_control                      0x2000f188   Data         160  net_eth.o(.bss.net_eth0_if_control)
    net_ping_control                         0x2000f22c   Data          44  net_ping_core.o(.bss.net_ping_control)
    net_sntp_control                         0x2000f258   Data          44  net_sntp_client_core.o(.bss.net_sntp_control)
    __initial_sp                             0x2000f6a8   Data           0  startup_stm32f429xx.o(STACK)



==============================================================================

Memory Map of the image

  Image Entry point : 0x080001ad

  Load Region LR_IROM1 (Base: 0x08000000, Size: 0x00029f34, Max: 0x00200000, ABSOLUTE, COMPRESSED[0x0002190c])

    Execution Region ER_IROM1 (Exec base: 0x08000000, Load base: 0x08000000, Size: 0x000217d0, Max: 0x00200000, ABSOLUTE)

    Exec Addr    Load Addr    Size         Type   Attr      Idx    E Section Name        Object

    0x08000000   0x08000000   0x000001ac   Data   RO         1571    RESET               startup_stm32f429xx.o
    0x080001ac   0x080001ac   0x00000000   Code   RO         2821  * .ARM.Collect$$$$00000000  mc_w.l(entry.o)
    0x080001ac   0x080001ac   0x00000004   Code   RO         3115    .ARM.Collect$$$$00000001  mc_w.l(entry2.o)
    0x080001b0   0x080001b0   0x00000004   Code   RO         3118    .ARM.Collect$$$$00000004  mc_w.l(entry5.o)
    0x080001b4   0x080001b4   0x00000000   Code   RO         3120    .ARM.Collect$$$$00000008  mc_w.l(entry7b.o)
    0x080001b4   0x080001b4   0x00000000   Code   RO         3122    .ARM.Collect$$$$0000000A  mc_w.l(entry8b.o)
    0x080001b4   0x080001b4   0x00000008   Code   RO         3123    .ARM.Collect$$$$0000000B  mc_w.l(entry9a.o)
    0x080001bc   0x080001bc   0x00000004   Code   RO         3130    .ARM.Collect$$$$0000000E  mc_w.l(entry12b.o)
    0x080001c0   0x080001c0   0x00000000   Code   RO         3125    .ARM.Collect$$$$0000000F  mc_w.l(entry10a.o)
    0x080001c0   0x080001c0   0x00000000   Code   RO         3127    .ARM.Collect$$$$00000011  mc_w.l(entry11a.o)
    0x080001c0   0x080001c0   0x00000004   Code   RO         3116    .ARM.Collect$$$$00002712  mc_w.l(entry2.o)
    0x080001c4   0x080001c4   0x00000148   Code   RO          712    .emb_text           rtx_mempool.o
    0x0800030c   0x0800030c   0x00000148   Code   RO          743    .emb_text           rtx_msgqueue.o
    0x08000454   0x08000454   0x00000148   Code   RO          808    .emb_text           rtx_semaphore.o
    0x0800059c   0x0800059c   0x00000148   Code   RO          839    .emb_text           rtx_system.o
    0x080006e4   0x080006e4   0x00000148   Code   RO          873    .emb_text           rtx_thread.o
    0x0800082c   0x0800082c   0x00000074   Code   RO         1094    .emb_text           eventrecorder.o
    0x080008a0   0x080008a0   0x00000118   Code   RO            4    .text               main.o
    0x080009b8   0x080009b8   0x000000f8   Code   RO          175    .text               http_server.o
    0x08000ab0   0x08000ab0   0x00000724   Code   RO          241    .text               http_server_cgi.o
    0x080011d4   0x080011d4   0x00000078   Code   RO          277    .text               web.o
    0x0800124c   0x0800124c   0x00000478   Code   RO          297    .text               lcd_1.o
    0x080016c4   0x080016c4   0x0000011c   Code   RO          333    .text               adc.o
    0x080017e0   0x080017e0   0x000001c4   Code   RO          363    .text               rtc.o
    0x080019a4   0x080019a4   0x00000ad0   Code   RO          402    .text               pwr.o
    0x08002474   0x08002474   0x000000ec   Code   RO          430    .text               led_nucleo_f429zi.o
    0x08002560   0x08002560   0x00000094   Code   RO          454    .text               irq_armv7m.o
    0x080025f4   0x080025f4   0x00000104   Code   RO          462    .text               rtx_delay.o
    0x080026f8   0x080026f8   0x00000958   Code   RO          560    .text               rtx_evr.o
    0x08003050   0x08003050   0x000006cc   Code   RO          585    .text               rtx_kernel.o
    0x0800371c   0x0800371c   0x00000018   Code   RO          633    .text               rtx_lib.o
    0x08003734   0x08003734   0x00000124   Code   RO          682    .text               rtx_memory.o
    0x08003858   0x08003858   0x00000678   Code   RO          713    .text               rtx_mempool.o
    0x08003ed0   0x08003ed0   0x000009bc   Code   RO          744    .text               rtx_msgqueue.o
    0x0800488c   0x0800488c   0x00000558   Code   RO          778    .text               rtx_mutex.o
    0x08004de4   0x08004de4   0x00000450   Code   RO          809    .text               rtx_semaphore.o
    0x08005234   0x08005234   0x00000154   Code   RO          840    .text               rtx_system.o
    0x08005388   0x08005388   0x000011d4   Code   RO          874    .text               rtx_thread.o
    0x0800655c   0x0800655c   0x00000480   Code   RO          908    .text               rtx_timer.o
    0x080069dc   0x080069dc   0x000000c4   Code   RO          938    .text               os_systick.o
    0x08006aa0   0x08006aa0   0x00000004   Code   RO          964    .text               rtx_config.o
    0x08006aa4   0x08006aa4   0x000001ac   Code   RO          985    .text               phy_lan8742a.o
    0x08006c50   0x08006c50   0x000009e8   Code   RO         1013    .text               emac_stm32f4xx.o
    0x08007638   0x08007638   0x00000c5c   Code   RO         1055    .text               spi_stm32f4xx.o
    0x08008294   0x08008294   0x00000538   Code   RO         1095    .text               eventrecorder.o
    0x080087cc   0x080087cc   0x000001c8   Code   RO         1129    .text               stm32f4xx_hal.o
    0x08008994   0x08008994   0x00000ab8   Code   RO         1159    .text               stm32f4xx_hal_adc.o
    0x0800944c   0x0800944c   0x00000724   Code   RO         1183    .text               stm32f4xx_hal_adc_ex.o
    0x08009b70   0x08009b70   0x00000298   Code   RO         1207    .text               stm32f4xx_hal_cortex.o
    0x08009e08   0x08009e08   0x00000718   Code   RO         1235    .text               stm32f4xx_hal_dma.o
    0x0800a520   0x0800a520   0x00000364   Code   RO         1284    .text               stm32f4xx_hal_gpio.o
    0x0800a884   0x0800a884   0x00000178   Code   RO         1308    .text               stm32f4xx_hal_pwr.o
    0x0800a9fc   0x0800a9fc   0x00000264   Code   RO         1332    .text               stm32f4xx_hal_pwr_ex.o
    0x0800ac60   0x0800ac60   0x00000760   Code   RO         1356    .text               stm32f4xx_hal_rcc.o
    0x0800b3c0   0x0800b3c0   0x000005e4   Code   RO         1380    .text               stm32f4xx_hal_rcc_ex.o
    0x0800b9a4   0x0800b9a4   0x00000970   Code   RO         1404    .text               stm32f4xx_hal_rtc.o
    0x0800c314   0x0800c314   0x00000b0c   Code   RO         1428    .text               stm32f4xx_hal_rtc_ex.o
    0x0800ce20   0x0800ce20   0x000023d2   Code   RO         1500    .text               stm32f4xx_hal_tim.o
    0x0800f1f2   0x0800f1f2   0x00000002   PAD
    0x0800f1f4   0x0800f1f4   0x00000bb0   Code   RO         1524    .text               stm32f4xx_hal_tim_ex.o
    0x0800fda4   0x0800fda4   0x00000024   Code   RO         1572    .text               startup_stm32f429xx.o
    0x0800fdc8   0x0800fdc8   0x00000094   Code   RO         1579    .text               system_stm32f4xx_1.o
    0x0800fe5c   0x0800fe5c   0x00000178   Code   RO         1608    .text               net_config.o
    0x0800ffd4   0x0800ffd4   0x0000012a   Code   RO         1700    .text               net_debug.o
    0x080100fe   0x080100fe   0x00000062   Code   RO         2824    .text               mc_w.l(uldiv.o)
    0x08010160   0x08010160   0x00000094   Code   RO         2826    .text               mc_w.l(localtime.o)
    0x080101f4   0x080101f4   0x00000024   Code   RO         2830    .text               mc_w.l(memcpya.o)
    0x08010218   0x08010218   0x00000024   Code   RO         2832    .text               mc_w.l(memseta.o)
    0x0801023c   0x0801023c   0x0000000e   Code   RO         2834    .text               mc_w.l(strlen.o)
    0x0801024a   0x0801024a   0x0000001c   Code   RO         2836    .text               mc_w.l(strcmp.o)
    0x08010266   0x08010266   0x0000001a   Code   RO         2838    .text               mc_w.l(memcmp.o)
    0x08010280   0x08010280   0x00000012   Code   RO         2840    .text               mc_w.l(strcpy.o)
    0x08010292   0x08010292   0x0000001e   Code   RO         2842    .text               mc_w.l(strncmp.o)
    0x080102b0   0x080102b0   0x00000064   Code   RO         3107    .text               mf_w.l(fmul.o)
    0x08010314   0x08010314   0x0000002e   Code   RO         3109    .text               mf_w.l(dscalb.o)
    0x08010342   0x08010342   0x0000000a   Code   RO         3111    .text               mf_w.l(ffltui.o)
    0x0801034c   0x0801034c   0x00000026   Code   RO         3113    .text               mf_w.l(f2d.o)
    0x08010372   0x08010372   0x0000002c   Code   RO         3134    .text               mc_w.l(uidiv.o)
    0x0801039e   0x0801039e   0x0000001e   Code   RO         3136    .text               mc_w.l(llshl.o)
    0x080103bc   0x080103bc   0x00000020   Code   RO         3138    .text               mc_w.l(llushr.o)
    0x080103dc   0x080103dc   0x00000000   Code   RO         3140    .text               mc_w.l(iusefp.o)
    0x080103dc   0x080103dc   0x0000006e   Code   RO         3141    .text               mf_w.l(fepilogue.o)
    0x0801044a   0x0801044a   0x0000014e   Code   RO         3143    .text               mf_w.l(dadd.o)
    0x08010598   0x08010598   0x000000e4   Code   RO         3145    .text               mf_w.l(dmul.o)
    0x0801067c   0x0801067c   0x000000de   Code   RO         3147    .text               mf_w.l(ddiv.o)
    0x0801075a   0x0801075a   0x00000030   Code   RO         3149    .text               mf_w.l(dfixul.o)
    0x0801078a   0x0801078a   0x00000002   PAD
    0x0801078c   0x0801078c   0x00000030   Code   RO         3151    .text               mf_w.l(cdrcmple.o)
    0x080107bc   0x080107bc   0x00000024   Code   RO         3153    .text               mc_w.l(init.o)
    0x080107e0   0x080107e0   0x00000024   Code   RO         3156    .text               mc_w.l(llsshr.o)
    0x08010804   0x08010804   0x000000ba   Code   RO         3159    .text               mf_w.l(depilogue.o)
    0x080108be   0x080108be   0x00000056   Code   RO         3168    .text               mc_w.l(__dczerorl2.o)
    0x08010914   0x08010914   0x0000000e   Code   RO         1765    .text.OUTLINED_FUNCTION_0  Net_Dbg_CM3_L.lib(net_eth.o)
    0x08010922   0x08010922   0x0000000a   Code   RO         1882    .text.OUTLINED_FUNCTION_0  Net_Dbg_CM3_L.lib(net_loopback.o)
    0x0801092c   0x0801092c   0x00000006   Code   RO         1906    .text.OUTLINED_FUNCTION_0  Net_Dbg_CM3_L.lib(net_ip4_frag.o)
    0x08010932   0x08010932   0x00000006   Code   RO         1991    .text.OUTLINED_FUNCTION_0  Net_Dbg_CM3_L.lib(net_udp.o)
    0x08010938   0x08010938   0x00000006   Code   RO         2117    .text.OUTLINED_FUNCTION_0  Net_Dbg_CM3_L.lib(net_tcp.o)
    0x0801093e   0x0801093e   0x0000000a   Code   RO         2180    .text.OUTLINED_FUNCTION_0  Net_Dbg_CM3_L.lib(net_nbns_client.o)
    0x08010948   0x08010948   0x00000008   Code   RO         2297    .text.OUTLINED_FUNCTION_0  Net_Dbg_CM3_L.lib(net_http_server.o)
    0x08010950   0x08010950   0x00000006   Code   RO         2356    .text.OUTLINED_FUNCTION_0  Net_Dbg_CM3_L.lib(net_sntp_client_core.o)
    0x08010956   0x08010956   0x00000008   Code   RO         2437    .text.OUTLINED_FUNCTION_0  Net_Dbg_CM3_L.lib(net_sys.o)
    0x0801095e   0x0801095e   0x0000000c   Code   RO         2511    .text.OUTLINED_FUNCTION_0  Net_Dbg_CM3_L.lib(net_addr.o)
    0x0801096a   0x0801096a   0x00000006   Code   RO         2575    .text.OUTLINED_FUNCTION_0  Net_Dbg_CM3_L.lib(net_ndp.o)
    0x08010970   0x08010970   0x00000006   Code   RO         2679    .text.OUTLINED_FUNCTION_0  Net_Dbg_CM3_L.lib(net_ip6.o)
    0x08010976   0x08010976   0x00000006   Code   RO         1767    .text.OUTLINED_FUNCTION_1  Net_Dbg_CM3_L.lib(net_eth.o)
    0x0801097c   0x0801097c   0x0000000a   Code   RO         1908    .text.OUTLINED_FUNCTION_1  Net_Dbg_CM3_L.lib(net_ip4_frag.o)
    0x08010986   0x08010986   0x00000006   Code   RO         1993    .text.OUTLINED_FUNCTION_1  Net_Dbg_CM3_L.lib(net_udp.o)
    0x0801098c   0x0801098c   0x0000000a   Code   RO         2119    .text.OUTLINED_FUNCTION_1  Net_Dbg_CM3_L.lib(net_tcp.o)
    0x08010996   0x08010996   0x00000008   Code   RO         2299    .text.OUTLINED_FUNCTION_1  Net_Dbg_CM3_L.lib(net_http_server.o)
    0x0801099e   0x0801099e   0x0000000a   Code   RO         2358    .text.OUTLINED_FUNCTION_1  Net_Dbg_CM3_L.lib(net_sntp_client_core.o)
    0x080109a8   0x080109a8   0x0000000e   Code   RO         2513    .text.OUTLINED_FUNCTION_1  Net_Dbg_CM3_L.lib(net_addr.o)
    0x080109b6   0x080109b6   0x00000006   Code   RO         2577    .text.OUTLINED_FUNCTION_1  Net_Dbg_CM3_L.lib(net_ndp.o)
    0x080109bc   0x080109bc   0x0000000a   Code   RO         1785    .text.OUTLINED_FUNCTION_10  Net_Dbg_CM3_L.lib(net_eth.o)
    0x080109c6   0x080109c6   0x0000000a   Code   RO         2137    .text.OUTLINED_FUNCTION_10  Net_Dbg_CM3_L.lib(net_tcp.o)
    0x080109d0   0x080109d0   0x00000006   Code   RO         2317    .text.OUTLINED_FUNCTION_10  Net_Dbg_CM3_L.lib(net_http_server.o)
    0x080109d6   0x080109d6   0x0000000a   Code   RO         2595    .text.OUTLINED_FUNCTION_10  Net_Dbg_CM3_L.lib(net_ndp.o)
    0x080109e0   0x080109e0   0x00000006   Code   RO         2139    .text.OUTLINED_FUNCTION_11  Net_Dbg_CM3_L.lib(net_tcp.o)
    0x080109e6   0x080109e6   0x0000000a   Code   RO         2319    .text.OUTLINED_FUNCTION_11  Net_Dbg_CM3_L.lib(net_http_server.o)
    0x080109f0   0x080109f0   0x00000006   Code   RO         2597    .text.OUTLINED_FUNCTION_11  Net_Dbg_CM3_L.lib(net_ndp.o)
    0x080109f6   0x080109f6   0x00000012   Code   RO         2141    .text.OUTLINED_FUNCTION_12  Net_Dbg_CM3_L.lib(net_tcp.o)
    0x08010a08   0x08010a08   0x0000000c   Code   RO         2143    .text.OUTLINED_FUNCTION_13  Net_Dbg_CM3_L.lib(net_tcp.o)
    0x08010a14   0x08010a14   0x0000000e   Code   RO         2145    .text.OUTLINED_FUNCTION_14  Net_Dbg_CM3_L.lib(net_tcp.o)
    0x08010a22   0x08010a22   0x0000000c   Code   RO         2147    .text.OUTLINED_FUNCTION_15  Net_Dbg_CM3_L.lib(net_tcp.o)
    0x08010a2e   0x08010a2e   0x0000000a   Code   RO         2151    .text.OUTLINED_FUNCTION_17  Net_Dbg_CM3_L.lib(net_tcp.o)
    0x08010a38   0x08010a38   0x00000008   Code   RO         2153    .text.OUTLINED_FUNCTION_18  Net_Dbg_CM3_L.lib(net_tcp.o)
    0x08010a40   0x08010a40   0x0000000e   Code   RO         2155    .text.OUTLINED_FUNCTION_19  Net_Dbg_CM3_L.lib(net_tcp.o)
    0x08010a4e   0x08010a4e   0x00000006   Code   RO         1769    .text.OUTLINED_FUNCTION_2  Net_Dbg_CM3_L.lib(net_eth.o)
    0x08010a54   0x08010a54   0x00000012   Code   RO         1995    .text.OUTLINED_FUNCTION_2  Net_Dbg_CM3_L.lib(net_udp.o)
    0x08010a66   0x08010a66   0x00000006   Code   RO         2121    .text.OUTLINED_FUNCTION_2  Net_Dbg_CM3_L.lib(net_tcp.o)
    0x08010a6c   0x08010a6c   0x00000006   Code   RO         2301    .text.OUTLINED_FUNCTION_2  Net_Dbg_CM3_L.lib(net_http_server.o)
    0x08010a72   0x08010a72   0x00000006   Code   RO         2360    .text.OUTLINED_FUNCTION_2  Net_Dbg_CM3_L.lib(net_sntp_client_core.o)
    0x08010a78   0x08010a78   0x00000008   Code   RO         2579    .text.OUTLINED_FUNCTION_2  Net_Dbg_CM3_L.lib(net_ndp.o)
    0x08010a80   0x08010a80   0x0000000e   Code   RO         2157    .text.OUTLINED_FUNCTION_20  Net_Dbg_CM3_L.lib(net_tcp.o)
    0x08010a8e   0x08010a8e   0x0000000a   Code   RO         2159    .text.OUTLINED_FUNCTION_21  Net_Dbg_CM3_L.lib(net_tcp.o)
    0x08010a98   0x08010a98   0x0000000a   Code   RO         2161    .text.OUTLINED_FUNCTION_22  Net_Dbg_CM3_L.lib(net_tcp.o)
    0x08010aa2   0x08010aa2   0x00000006   Code   RO         1771    .text.OUTLINED_FUNCTION_3  Net_Dbg_CM3_L.lib(net_eth.o)
    0x08010aa8   0x08010aa8   0x00000008   Code   RO         1855    .text.OUTLINED_FUNCTION_3  Net_Dbg_CM3_L.lib(net_arp.o)
    0x08010ab0   0x08010ab0   0x0000000c   Code   RO         2123    .text.OUTLINED_FUNCTION_3  Net_Dbg_CM3_L.lib(net_tcp.o)
    0x08010abc   0x08010abc   0x00000008   Code   RO         2303    .text.OUTLINED_FUNCTION_3  Net_Dbg_CM3_L.lib(net_http_server.o)
    0x08010ac4   0x08010ac4   0x0000000a   Code   RO         2362    .text.OUTLINED_FUNCTION_3  Net_Dbg_CM3_L.lib(net_sntp_client_core.o)
    0x08010ace   0x08010ace   0x00000008   Code   RO         2581    .text.OUTLINED_FUNCTION_3  Net_Dbg_CM3_L.lib(net_ndp.o)
    0x08010ad6   0x08010ad6   0x0000000e   Code   RO         1773    .text.OUTLINED_FUNCTION_4  Net_Dbg_CM3_L.lib(net_eth.o)
    0x08010ae4   0x08010ae4   0x0000000e   Code   RO         1857    .text.OUTLINED_FUNCTION_4  Net_Dbg_CM3_L.lib(net_arp.o)
    0x08010af2   0x08010af2   0x00000006   Code   RO         2125    .text.OUTLINED_FUNCTION_4  Net_Dbg_CM3_L.lib(net_tcp.o)
    0x08010af8   0x08010af8   0x00000006   Code   RO         2305    .text.OUTLINED_FUNCTION_4  Net_Dbg_CM3_L.lib(net_http_server.o)
    0x08010afe   0x08010afe   0x0000000a   Code   RO         1775    .text.OUTLINED_FUNCTION_5  Net_Dbg_CM3_L.lib(net_eth.o)
    0x08010b08   0x08010b08   0x0000000e   Code   RO         1859    .text.OUTLINED_FUNCTION_5  Net_Dbg_CM3_L.lib(net_arp.o)
    0x08010b16   0x08010b16   0x0000000e   Code   RO         2127    .text.OUTLINED_FUNCTION_5  Net_Dbg_CM3_L.lib(net_tcp.o)
    0x08010b24   0x08010b24   0x00000006   Code   RO         2307    .text.OUTLINED_FUNCTION_5  Net_Dbg_CM3_L.lib(net_http_server.o)
    0x08010b2a   0x08010b2a   0x0000000e   Code   RO         2585    .text.OUTLINED_FUNCTION_5  Net_Dbg_CM3_L.lib(net_ndp.o)
    0x08010b38   0x08010b38   0x00000006   Code   RO         1777    .text.OUTLINED_FUNCTION_6  Net_Dbg_CM3_L.lib(net_eth.o)
    0x08010b3e   0x08010b3e   0x0000000a   Code   RO         2129    .text.OUTLINED_FUNCTION_6  Net_Dbg_CM3_L.lib(net_tcp.o)
    0x08010b48   0x08010b48   0x00000008   Code   RO         2309    .text.OUTLINED_FUNCTION_6  Net_Dbg_CM3_L.lib(net_http_server.o)
    0x08010b50   0x08010b50   0x00000006   Code   RO         2587    .text.OUTLINED_FUNCTION_6  Net_Dbg_CM3_L.lib(net_ndp.o)
    0x08010b56   0x08010b56   0x00000008   Code   RO         1779    .text.OUTLINED_FUNCTION_7  Net_Dbg_CM3_L.lib(net_eth.o)
    0x08010b5e   0x08010b5e   0x00000014   Code   RO         2131    .text.OUTLINED_FUNCTION_7  Net_Dbg_CM3_L.lib(net_tcp.o)
    0x08010b72   0x08010b72   0x0000000c   Code   RO         2311    .text.OUTLINED_FUNCTION_7  Net_Dbg_CM3_L.lib(net_http_server.o)
    0x08010b7e   0x08010b7e   0x0000000e   Code   RO         2589    .text.OUTLINED_FUNCTION_7  Net_Dbg_CM3_L.lib(net_ndp.o)
    0x08010b8c   0x08010b8c   0x00000008   Code   RO         1781    .text.OUTLINED_FUNCTION_8  Net_Dbg_CM3_L.lib(net_eth.o)
    0x08010b94   0x08010b94   0x00000010   Code   RO         2133    .text.OUTLINED_FUNCTION_8  Net_Dbg_CM3_L.lib(net_tcp.o)
    0x08010ba4   0x08010ba4   0x00000008   Code   RO         2313    .text.OUTLINED_FUNCTION_8  Net_Dbg_CM3_L.lib(net_http_server.o)
    0x08010bac   0x08010bac   0x0000000a   Code   RO         2591    .text.OUTLINED_FUNCTION_8  Net_Dbg_CM3_L.lib(net_ndp.o)
    0x08010bb6   0x08010bb6   0x0000000a   Code   RO         1783    .text.OUTLINED_FUNCTION_9  Net_Dbg_CM3_L.lib(net_eth.o)
    0x08010bc0   0x08010bc0   0x0000000c   Code   RO         2135    .text.OUTLINED_FUNCTION_9  Net_Dbg_CM3_L.lib(net_tcp.o)
    0x08010bcc   0x08010bcc   0x0000000a   Code   RO         2315    .text.OUTLINED_FUNCTION_9  Net_Dbg_CM3_L.lib(net_http_server.o)
    0x08010bd6   0x08010bd6   0x00000002   PAD
    0x08010bd8   0x08010bd8   0x0000005c   Code   RO         2279    .text.add_server_id  Net_Dbg_CM3_L.lib(net_http_server.o)
    0x08010c34   0x08010c34   0x00000062   Code   RO         1819    .text.arp_cache_alloc  Net_Dbg_CM3_L.lib(net_arp.o)
    0x08010c96   0x08010c96   0x00000034   Code   RO         1817    .text.arp_is_cacheable  Net_Dbg_CM3_L.lib(net_arp.o)
    0x08010cca   0x08010cca   0x00000002   PAD
    0x08010ccc   0x08010ccc   0x000000e4   Code   RO         1809    .text.arp_proc_response  Net_Dbg_CM3_L.lib(net_arp.o)
    0x08010db0   0x08010db0   0x00000018   Code   RO         1821    .text.arp_que_free  Net_Dbg_CM3_L.lib(net_arp.o)
    0x08010dc8   0x08010dc8   0x0000008c   Code   RO         1807    .text.arp_send_reply  Net_Dbg_CM3_L.lib(net_arp.o)
    0x08010e54   0x08010e54   0x000000d0   Code   RO         1813    .text.arp_send_request  Net_Dbg_CM3_L.lib(net_arp.o)
    0x08010f24   0x08010f24   0x00000068   Code   RO         1803    .text.arp_sender_valid  Net_Dbg_CM3_L.lib(net_arp.o)
    0x08010f8c   0x08010f8c   0x00000194   Code   RO         2287    .text.chk_post_req  Net_Dbg_CM3_L.lib(net_http_server.o)
    0x08011120   0x08011120   0x00000030   Code   RO         2771    .text.crc32_8bit    Net_Dbg_CM3_L.lib(net_common.o)
    0x08011150   0x08011150   0x00000088   Code   RO         1735    .text.eth_check_link  Net_Dbg_CM3_L.lib(net_eth.o)
    0x080111d8   0x080111d8   0x00000018   Code   RO         1743    .text.eth_if_map    Net_Dbg_CM3_L.lib(net_eth.o)
    0x080111f0   0x080111f0   0x00000008   Code   RO         1733    .text.eth_lock      Net_Dbg_CM3_L.lib(net_eth.o)
    0x080111f8   0x080111f8   0x0000004e   Code   RO         1745    .text.eth_opt_len   Net_Dbg_CM3_L.lib(net_eth.o)
    0x08011246   0x08011246   0x00000008   Code   RO         1737    .text.eth_unlock    Net_Dbg_CM3_L.lib(net_eth.o)
    0x0801124e   0x0801124e   0x00000034   Code   RO         2291    .text.get_next_field  Net_Dbg_CM3_L.lib(net_http_server.o)
    0x08011282   0x08011282   0x0000003e   Code   RO         2293    .text.get_next_par  Net_Dbg_CM3_L.lib(net_http_server.o)
    0x080112c0   0x080112c0   0x00000026   Code   RO         2801    .text.hex2uc        Net_Dbg_CM3_L.lib(net_common.o)
    0x080112e6   0x080112e6   0x00000002   PAD
    0x080112e8   0x080112e8   0x000003ec   Code   RO         2273    .text.http_add_header  Net_Dbg_CM3_L.lib(net_http_server.o)
    0x080116d4   0x080116d4   0x0000006c   Code   RO         2269    .text.http_kill_session  Net_Dbg_CM3_L.lib(net_http_server.o)
    0x08011740   0x08011740   0x00000450   Code   RO         2193    .text.http_listener  Net_Dbg_CM3_L.lib(net_http_server.o)
    0x08011b90   0x08011b90   0x000001c0   Code   RO         2277    .text.http_open_file  Net_Dbg_CM3_L.lib(net_http_server.o)
    0x08011d50   0x08011d50   0x000002a0   Code   RO         2283    .text.http_parse_header  Net_Dbg_CM3_L.lib(net_http_server.o)
    0x08011ff0   0x08011ff0   0x00000130   Code   RO         2289    .text.http_proc_post  Net_Dbg_CM3_L.lib(net_http_server.o)
    0x08012120   0x08012120   0x000000d4   Code   RO         2281    .text.http_proc_uri  Net_Dbg_CM3_L.lib(net_http_server.o)
    0x080121f4   0x080121f4   0x00000068   Code   RO         2195    .text.http_server_start  Net_Dbg_CM3_L.lib(net_http_server.o)
    0x0801225c   0x0801225c   0x00000070   Code   RO         2285    .text.http_set_ftype  Net_Dbg_CM3_L.lib(net_http_server.o)
    0x080122cc   0x080122cc   0x00000018   Code   RO         2275    .text.http_strcpy   Net_Dbg_CM3_L.lib(net_http_server.o)
    0x080122e4   0x080122e4   0x0000001e   Code   RO         2791    .text.i2str         Net_Dbg_CM3_L.lib(net_common.o)
    0x08012302   0x08012302   0x0000000e   Code   RO         2619    .text.ip4_get_chksum  Net_Dbg_CM3_L.lib(net_ip4.o)
    0x08012310   0x08012310   0x00000020   Code   RO         2621    .text.ip4_get_mtu   Net_Dbg_CM3_L.lib(net_ip4.o)
    0x08012330   0x08012330   0x0000002e   Code   RO         2459    .text.ip4_ntoa      Net_Dbg_CM3_L.lib(net_addr.o)
    0x0801235e   0x0801235e   0x00000020   Code   RO         2659    .text.ip6_get_mtu   Net_Dbg_CM3_L.lib(net_ip6.o)
    0x0801237e   0x0801237e   0x00000002   PAD
    0x08012380   0x08012380   0x00000108   Code   RO         2463    .text.ip6_ntoa      Net_Dbg_CM3_L.lib(net_addr.o)
    0x08012488   0x08012488   0x0000000c   Code   RO         2730    .text.mem_lock      Net_Dbg_CM3_L.lib(net_mem.o)
    0x08012494   0x08012494   0x0000000c   Code   RO         2732    .text.mem_unlock    Net_Dbg_CM3_L.lib(net_mem.o)
    0x080124a0   0x080124a0   0x000001c0   Code   RO         2176    .text.nbns_listener  Net_Dbg_CM3_L.lib(net_nbns_client.o)
    0x08012660   0x08012660   0x00000118   Code   RO         2537    .text.ndp_cache_add  Net_Dbg_CM3_L.lib(net_ndp.o)
    0x08012778   0x08012778   0x00000080   Code   RO         2545    .text.ndp_cache_alloc  Net_Dbg_CM3_L.lib(net_ndp.o)
    0x080127f8   0x080127f8   0x0000002a   Code   RO         2535    .text.ndp_check_frame  Net_Dbg_CM3_L.lib(net_ndp.o)
    0x08012822   0x08012822   0x00000018   Code   RO         2547    .text.ndp_que_free  Net_Dbg_CM3_L.lib(net_ndp.o)
    0x0801283a   0x0801283a   0x00000002   PAD
    0x0801283c   0x0801283c   0x00000038   Code   RO         2573    .text.ndp_router_remove  Net_Dbg_CM3_L.lib(net_ndp.o)
    0x08012874   0x08012874   0x000000a4   Code   RO         2539    .text.ndp_send_reply  Net_Dbg_CM3_L.lib(net_ndp.o)
    0x08012918   0x08012918   0x000000d4   Code   RO         2569    .text.ndp_send_request  Net_Dbg_CM3_L.lib(net_ndp.o)
    0x080129ec   0x080129ec   0x00000004   Code   RO         2251    .text.netCGI_Charset  Net_Dbg_CM3_L.lib(net_http_server.o)
    0x080129f0   0x080129f0   0x00000004   Code   RO         2247    .text.netCGI_ContentType  Net_Dbg_CM3_L.lib(net_http_server.o)
    0x080129f4   0x080129f4   0x00000004   Code   RO         2253    .text.netCGI_CustomHeader  Net_Dbg_CM3_L.lib(net_http_server.o)
    0x080129f8   0x080129f8   0x00000054   Code   RO         2231    .text.netCGI_GetEnvVar  Net_Dbg_CM3_L.lib(net_http_server.o)
    0x08012a4c   0x08012a4c   0x00000010   Code   RO         2267    .text.netCGI_ProcessCookie  Net_Dbg_CM3_L.lib(net_http_server.o)
    0x08012a5c   0x08012a5c   0x00000010   Code   RO         2265    .text.netCGI_ProcessRequest  Net_Dbg_CM3_L.lib(net_http_server.o)
    0x08012a6c   0x08012a6c   0x00000004   Code   RO         2255    .text.netCGI_Redirect  Net_Dbg_CM3_L.lib(net_http_server.o)
    0x08012a70   0x08012a70   0x00000004   Code   RO         2249    .text.netCGX_ContentType  Net_Dbg_CM3_L.lib(net_http_server.o)
    0x08012a74   0x08012a74   0x000000c0   Code   RO         2405    .text.netCore_Thread  Net_Dbg_CM3_L.lib(net_sys.o)
    0x08012b34   0x08012b34   0x00000002   Code   RO         1761    .text.netETH_Notify  Net_Dbg_CM3_L.lib(net_eth.o)
    0x08012b36   0x08012b36   0x00000002   Code   RO         1763    .text.netETH_ReceiveRaw  Net_Dbg_CM3_L.lib(net_eth.o)
    0x08012b38   0x08012b38   0x000000e0   Code   RO         1731    .text.netETH_Thread  Net_Dbg_CM3_L.lib(net_eth.o)
    0x08012c18   0x08012c18   0x00000004   Code   RO         2257    .text.netHTTPs_AcceptClient  Net_Dbg_CM3_L.lib(net_http_server.o)
    0x08012c1c   0x08012c1c   0x00000004   Code   RO         2259    .text.netHTTPs_FileAccess  Net_Dbg_CM3_L.lib(net_http_server.o)
    0x08012c20   0x08012c20   0x0000001c   Code   RO         2233    .text.netHTTPs_GetLanguage  Net_Dbg_CM3_L.lib(net_http_server.o)
    0x08012c3c   0x08012c3c   0x0000000c   Code   RO         2219    .text.netHTTPs_GetPassword  Net_Dbg_CM3_L.lib(net_http_server.o)
    0x08012c48   0x08012c48   0x0000000c   Code   RO         2225    .text.netHTTPs_LoginActive  Net_Dbg_CM3_L.lib(net_http_server.o)
    0x08012c54   0x08012c54   0x00000058   Code   RO         2221    .text.netHTTPs_SetPassword  Net_Dbg_CM3_L.lib(net_http_server.o)
    0x08012cac   0x08012cac   0x0000007c   Code   RO         2411    .text.netIF_GetOption  Net_Dbg_CM3_L.lib(net_sys.o)
    0x08012d28   0x08012d28   0x00000078   Code   RO         2415    .text.netIF_SetOption  Net_Dbg_CM3_L.lib(net_sys.o)
    0x08012da0   0x08012da0   0x0000001a   Code   RO         2453    .text.netIP_aton    Net_Dbg_CM3_L.lib(net_addr.o)
    0x08012dba   0x08012dba   0x00000030   Code   RO         2467    .text.netIP_ntoa    Net_Dbg_CM3_L.lib(net_addr.o)
    0x08012dea   0x08012dea   0x00000002   PAD
    0x08012dec   0x08012dec   0x00000098   Code   RO         2397    .text.netInitialize  Net_Dbg_CM3_L.lib(net_sys.o)
    0x08012e84   0x08012e84   0x00000062   Code   RO         2455    .text.netMAC_aton   Net_Dbg_CM3_L.lib(net_addr.o)
    0x08012ee6   0x08012ee6   0x0000001c   Code   RO         2338    .text.netSNTPc_GetTime  Net_Dbg_CM3_L.lib(net_sntp_client_core.o)
    0x08012f02   0x08012f02   0x00000004   Code   RO         2061    .text.netTCP_GetLocalPort  Net_Dbg_CM3_L.lib(net_tcp.o)
    0x08012f06   0x08012f06   0x00000018   Code   RO         2065    .text.netTCP_GetPeer  Net_Dbg_CM3_L.lib(net_tcp.o)
    0x08012f1e   0x08012f1e   0x00000004   Code   RO         2049    .text.netTCP_GetState  Net_Dbg_CM3_L.lib(net_tcp.o)
    0x08012f22   0x08012f22   0x00000004   Code   RO         2069    .text.netTCP_GetTimer  Net_Dbg_CM3_L.lib(net_tcp.o)
    0x08012f26   0x08012f26   0x0000006c   Code   RO         2449    .text.net_addr4_aton  Net_Dbg_CM3_L.lib(net_addr.o)
    0x08012f92   0x08012f92   0x0000001a   Code   RO         2475    .text.net_addr4_to_mac  Net_Dbg_CM3_L.lib(net_addr.o)
    0x08012fac   0x08012fac   0x000000d8   Code   RO         2451    .text.net_addr6_aton  Net_Dbg_CM3_L.lib(net_addr.o)
    0x08013084   0x08013084   0x00000028   Code   RO         2493    .text.net_addr6_comp  Net_Dbg_CM3_L.lib(net_addr.o)
    0x080130ac   0x080130ac   0x00000012   Code   RO         2491    .text.net_addr6_copy  Net_Dbg_CM3_L.lib(net_addr.o)
    0x080130be   0x080130be   0x00000002   PAD
    0x080130c0   0x080130c0   0x00000048   Code   RO         2481    .text.net_addr6_create  Net_Dbg_CM3_L.lib(net_addr.o)
    0x08013108   0x08013108   0x00000024   Code   RO         2477    .text.net_addr6_get_solicited  Net_Dbg_CM3_L.lib(net_addr.o)
    0x0801312c   0x0801312c   0x00000016   Code   RO         2483    .text.net_addr6_is_linklocal  Net_Dbg_CM3_L.lib(net_addr.o)
    0x08013142   0x08013142   0x00000002   PAD
    0x08013144   0x08013144   0x0000005a   Code   RO         2487    .text.net_addr6_is_onlink  Net_Dbg_CM3_L.lib(net_addr.o)
    0x0801319e   0x0801319e   0x0000003e   Code   RO         2479    .text.net_addr6_is_solicited  Net_Dbg_CM3_L.lib(net_addr.o)
    0x080131dc   0x080131dc   0x00000018   Code   RO         2495    .text.net_addr6_is_unspec  Net_Dbg_CM3_L.lib(net_addr.o)
    0x080131f4   0x080131f4   0x0000000e   Code   RO         2497    .text.net_addr6_to_mac  Net_Dbg_CM3_L.lib(net_addr.o)
    0x08013202   0x08013202   0x0000002a   Code   RO         2503    .text.net_addr_comp  Net_Dbg_CM3_L.lib(net_addr.o)
    0x0801322c   0x0801322c   0x00000034   Code   RO         2501    .text.net_addr_copy  Net_Dbg_CM3_L.lib(net_addr.o)
    0x08013260   0x08013260   0x0000001a   Code   RO         2505    .text.net_addr_find_route  Net_Dbg_CM3_L.lib(net_addr.o)
    0x0801327a   0x0801327a   0x00000002   PAD
    0x0801327c   0x0801327c   0x00000020   Code   RO         2507    .text.net_addr_get_local  Net_Dbg_CM3_L.lib(net_addr.o)
    0x0801329c   0x0801329c   0x0000001e   Code   RO         2499    .text.net_addr_is_unspec  Net_Dbg_CM3_L.lib(net_addr.o)
    0x080132ba   0x080132ba   0x00000002   PAD
    0x080132bc   0x080132bc   0x00000100   Code   RO         1805    .text.net_arp_cache_add  Net_Dbg_CM3_L.lib(net_arp.o)
    0x080133bc   0x080133bc   0x000000b0   Code   RO         1823    .text.net_arp_cache_early  Net_Dbg_CM3_L.lib(net_arp.o)
    0x0801346c   0x0801346c   0x000000e8   Code   RO         1825    .text.net_arp_cache_find  Net_Dbg_CM3_L.lib(net_arp.o)
    0x08013554   0x08013554   0x00000044   Code   RO         1797    .text.net_arp_cache_init  Net_Dbg_CM3_L.lib(net_arp.o)
    0x08013598   0x08013598   0x000001f0   Code   RO         1847    .text.net_arp_cache_run  Net_Dbg_CM3_L.lib(net_arp.o)
    0x08013788   0x08013788   0x0000007c   Code   RO         1845    .text.net_arp_enqueue  Net_Dbg_CM3_L.lib(net_arp.o)
    0x08013804   0x08013804   0x0000001e   Code   RO         1815    .text.net_arp_notify  Net_Dbg_CM3_L.lib(net_arp.o)
    0x08013822   0x08013822   0x00000002   PAD
    0x08013824   0x08013824   0x00000228   Code   RO         1801    .text.net_arp_process  Net_Dbg_CM3_L.lib(net_arp.o)
    0x08013a4c   0x08013a4c   0x00000044   Code   RO         2797    .text.net_atoi      Net_Dbg_CM3_L.lib(net_common.o)
    0x08013a90   0x08013a90   0x00000030   Code   RO         2775    .text.net_chksum_buf  Net_Dbg_CM3_L.lib(net_common.o)
    0x08013ac0   0x08013ac0   0x0000001c   Code   RO         2773    .text.net_crc_buf   Net_Dbg_CM3_L.lib(net_common.o)
    0x08013adc   0x08013adc   0x0000000e   Code   RO         1739    .text.net_eth_callback  Net_Dbg_CM3_L.lib(net_eth.o)
    0x08013aea   0x08013aea   0x00000064   Code   RO         1749    .text.net_eth_config_mcast  Net_Dbg_CM3_L.lib(net_eth.o)
    0x08013b4e   0x08013b4e   0x00000002   PAD
    0x08013b50   0x08013b50   0x000000e0   Code   RO         1741    .text.net_eth_get_option  Net_Dbg_CM3_L.lib(net_eth.o)
    0x08013c30   0x08013c30   0x0000034c   Code   RO         1727    .text.net_eth_iface_init  Net_Dbg_CM3_L.lib(net_eth.o)
    0x08013f7c   0x08013f7c   0x000002e8   Code   RO         1759    .text.net_eth_iface_run  Net_Dbg_CM3_L.lib(net_eth.o)
    0x08014264   0x08014264   0x000000ac   Code   RO         1755    .text.net_eth_output  Net_Dbg_CM3_L.lib(net_eth.o)
    0x08014310   0x08014310   0x000001cc   Code   RO         1753    .text.net_eth_send_frame  Net_Dbg_CM3_L.lib(net_eth.o)
    0x080144dc   0x080144dc   0x00000298   Code   RO         1747    .text.net_eth_set_option  Net_Dbg_CM3_L.lib(net_eth.o)
    0x08014774   0x08014774   0x0000010c   Code   RO         2191    .text.net_http_server_init  Net_Dbg_CM3_L.lib(net_http_server.o)
    0x08014880   0x08014880   0x00000658   Code   RO         2229    .text.net_http_server_run  Net_Dbg_CM3_L.lib(net_http_server.o)
    0x08014ed8   0x08014ed8   0x00000018   Code   RO         2693    .text.net_icmp6_init  Net_Dbg_CM3_L.lib(net_icmp6.o)
    0x08014ef0   0x08014ef0   0x00000238   Code   RO         2697    .text.net_icmp6_process  Net_Dbg_CM3_L.lib(net_icmp6.o)
    0x08015128   0x08015128   0x00000080   Code   RO         2699    .text.net_icmp6_send  Net_Dbg_CM3_L.lib(net_icmp6.o)
    0x080151a8   0x080151a8   0x00000058   Code   RO         2701    .text.net_icmp6_send_echo  Net_Dbg_CM3_L.lib(net_icmp6.o)
    0x08015200   0x08015200   0x00000018   Code   RO         1919    .text.net_icmp_init  Net_Dbg_CM3_L.lib(net_icmp.o)
    0x08015218   0x08015218   0x000001c4   Code   RO         1923    .text.net_icmp_process  Net_Dbg_CM3_L.lib(net_icmp.o)
    0x080153dc   0x080153dc   0x000000a4   Code   RO         1925    .text.net_icmp_send_echo  Net_Dbg_CM3_L.lib(net_icmp.o)
    0x08015480   0x08015480   0x0000000c   Code   RO         2413    .text.net_if_map_all  Net_Dbg_CM3_L.lib(net_sys.o)
    0x0801548c   0x0801548c   0x000001b8   Code   RO         2615    .text.net_ip4_chk_frame  Net_Dbg_CM3_L.lib(net_ip4.o)
    0x08015644   0x08015644   0x0000002e   Code   RO         2641    .text.net_ip4_chksum  Net_Dbg_CM3_L.lib(net_ip4.o)
    0x08015672   0x08015672   0x00000006   Code   RO         2639    .text.net_ip4_chksum_buf  Net_Dbg_CM3_L.lib(net_ip4.o)
    0x08015678   0x08015678   0x00000080   Code   RO         2635    .text.net_ip4_find_route  Net_Dbg_CM3_L.lib(net_ip4.o)
    0x080156f8   0x080156f8   0x000001bc   Code   RO         1898    .text.net_ip4_frag_add  Net_Dbg_CM3_L.lib(net_ip4_frag.o)
    0x080158b4   0x080158b4   0x000000b4   Code   RO         1902    .text.net_ip4_frag_get  Net_Dbg_CM3_L.lib(net_ip4_frag.o)
    0x08015968   0x08015968   0x00000010   Code   RO         1894    .text.net_ip4_frag_init  Net_Dbg_CM3_L.lib(net_ip4_frag.o)
    0x08015978   0x08015978   0x00000038   Code   RO         1904    .text.net_ip4_frag_run  Net_Dbg_CM3_L.lib(net_ip4_frag.o)
    0x080159b0   0x080159b0   0x00000020   Code   RO         2627    .text.net_ip4_get_local  Net_Dbg_CM3_L.lib(net_ip4.o)
    0x080159d0   0x080159d0   0x00000024   Code   RO         2611    .text.net_ip4_init  Net_Dbg_CM3_L.lib(net_ip4.o)
    0x080159f4   0x080159f4   0x0000001a   Code   RO         2637    .text.net_ip4_is_onlink  Net_Dbg_CM3_L.lib(net_ip4.o)
    0x08015a0e   0x08015a0e   0x00000020   Code   RO         2617    .text.net_ip4_is_subcast  Net_Dbg_CM3_L.lib(net_ip4.o)
    0x08015a2e   0x08015a2e   0x00000010   Code   RO         2623    .text.net_ip4_reass_frame  Net_Dbg_CM3_L.lib(net_ip4.o)
    0x08015a3e   0x08015a3e   0x00000002   PAD
    0x08015a40   0x08015a40   0x00000188   Code   RO         2625    .text.net_ip4_send_frame  Net_Dbg_CM3_L.lib(net_ip4.o)
    0x08015bc8   0x08015bc8   0x00000032   Code   RO         2633    .text.net_ip4_tx_offl_hl  Net_Dbg_CM3_L.lib(net_ip4.o)
    0x08015bfa   0x08015bfa   0x00000002   PAD
    0x08015bfc   0x08015bfc   0x0000012c   Code   RO         2657    .text.net_ip6_chk_frame  Net_Dbg_CM3_L.lib(net_ip6.o)
    0x08015d28   0x08015d28   0x00000034   Code   RO         2677    .text.net_ip6_chksum  Net_Dbg_CM3_L.lib(net_ip6.o)
    0x08015d5c   0x08015d5c   0x00000078   Code   RO         2673    .text.net_ip6_collect_mcast  Net_Dbg_CM3_L.lib(net_ip6.o)
    0x08015dd4   0x08015dd4   0x0000004c   Code   RO         2675    .text.net_ip6_find_route  Net_Dbg_CM3_L.lib(net_ip6.o)
    0x08015e20   0x08015e20   0x00000048   Code   RO         2669    .text.net_ip6_get_local  Net_Dbg_CM3_L.lib(net_ip6.o)
    0x08015e68   0x08015e68   0x0000001c   Code   RO         2653    .text.net_ip6_init  Net_Dbg_CM3_L.lib(net_ip6.o)
    0x08015e84   0x08015e84   0x0000000c   Code   RO         2661    .text.net_ip6_reass_frame  Net_Dbg_CM3_L.lib(net_ip6.o)
    0x08015e90   0x08015e90   0x0000011c   Code   RO         2663    .text.net_ip6_send_frame  Net_Dbg_CM3_L.lib(net_ip6.o)
    0x08015fac   0x08015fac   0x00000022   Code   RO         2671    .text.net_ip6_tx_offl_hl  Net_Dbg_CM3_L.lib(net_ip6.o)
    0x08015fce   0x08015fce   0x00000008   Code   RO         2789    .text.net_itoa      Net_Dbg_CM3_L.lib(net_common.o)
    0x08015fd6   0x08015fd6   0x00000006   Code   RO         2795    .text.net_itoa_n0   Net_Dbg_CM3_L.lib(net_common.o)
    0x08015fdc   0x08015fdc   0x00000028   Code   RO         1876    .text.net_loop_iface_init  Net_Dbg_CM3_L.lib(net_loopback.o)
    0x08016004   0x08016004   0x000000b8   Code   RO         1880    .text.net_loop_iface_run  Net_Dbg_CM3_L.lib(net_loopback.o)
    0x080160bc   0x080160bc   0x0000006c   Code   RO         1874    .text.net_loop_send_frame  Net_Dbg_CM3_L.lib(net_loopback.o)
    0x08016128   0x08016128   0x000000c0   Code   RO         2728    .text.net_mem_alloc  Net_Dbg_CM3_L.lib(net_mem.o)
    0x080161e8   0x080161e8   0x00000018   Code   RO         2738    .text.net_mem_avail  Net_Dbg_CM3_L.lib(net_mem.o)
    0x08016200   0x08016200   0x000000a0   Code   RO         2736    .text.net_mem_free  Net_Dbg_CM3_L.lib(net_mem.o)
    0x080162a0   0x080162a0   0x0000006c   Code   RO         2724    .text.net_mem_init  Net_Dbg_CM3_L.lib(net_mem.o)
    0x0801630c   0x0801630c   0x00000048   Code   RO         2734    .text.net_mem_shrink  Net_Dbg_CM3_L.lib(net_mem.o)
    0x08016354   0x08016354   0x0000005c   Code   RO         2174    .text.net_nbns_client_init  Net_Dbg_CM3_L.lib(net_nbns_client.o)
    0x080163b0   0x080163b0   0x000001a0   Code   RO         2543    .text.net_ndp_cache_find  Net_Dbg_CM3_L.lib(net_ndp.o)
    0x08016550   0x08016550   0x00000080   Code   RO         2541    .text.net_ndp_cache_refresh  Net_Dbg_CM3_L.lib(net_ndp.o)
    0x080165d0   0x080165d0   0x0000007c   Code   RO         2567    .text.net_ndp_enqueue  Net_Dbg_CM3_L.lib(net_ndp.o)
    0x0801664c   0x0801664c   0x00000624   Code   RO         2533    .text.net_ndp_process  Net_Dbg_CM3_L.lib(net_ndp.o)
    0x08016c70   0x08016c70   0x0000003c   Code   RO         2425    .text.net_path      Net_Dbg_CM3_L.lib(net_sys.o)
    0x08016cac   0x08016cac   0x00000020   Code   RO         2377    .text.net_ping_client_init  Net_Dbg_CM3_L.lib(net_ping_core.o)
    0x08016ccc   0x08016ccc   0x00000078   Code   RO         2383    .text.net_ping_client_run  Net_Dbg_CM3_L.lib(net_ping_core.o)
    0x08016d44   0x08016d44   0x0000001c   Code   RO         2423    .text.net_rand32    Net_Dbg_CM3_L.lib(net_sys.o)
    0x08016d60   0x08016d60   0x00000054   Code   RO         2344    .text.net_sntp_client_init  Net_Dbg_CM3_L.lib(net_sntp_client_core.o)
    0x08016db4   0x08016db4   0x00000058   Code   RO         2352    .text.net_sntp_client_run  Net_Dbg_CM3_L.lib(net_sntp_client_core.o)
    0x08016e0c   0x08016e0c   0x00000128   Code   RO         2340    .text.net_sntp_client_start  Net_Dbg_CM3_L.lib(net_sntp_client_core.o)
    0x08016f34   0x08016f34   0x0000002a   Code   RO         2751    .text.net_strcasecmp  Net_Dbg_CM3_L.lib(net_common.o)
    0x08016f5e   0x08016f5e   0x00000018   Code   RO         2749    .text.net_strcmp    Net_Dbg_CM3_L.lib(net_common.o)
    0x08016f76   0x08016f76   0x00000010   Code   RO         2753    .text.net_strcpy    Net_Dbg_CM3_L.lib(net_common.o)
    0x08016f86   0x08016f86   0x0000001e   Code   RO         2759    .text.net_strnchr   Net_Dbg_CM3_L.lib(net_common.o)
    0x08016fa4   0x08016fa4   0x0000001a   Code   RO         2755    .text.net_strncpy   Net_Dbg_CM3_L.lib(net_common.o)
    0x08016fbe   0x08016fbe   0x00000052   Code   RO         2767    .text.net_strnstr   Net_Dbg_CM3_L.lib(net_common.o)
    0x08017010   0x08017010   0x0000001a   Code   RO         2761    .text.net_strrchr   Net_Dbg_CM3_L.lib(net_common.o)
    0x0801702a   0x0801702a   0x0000001e   Code   RO         2763    .text.net_strtoupper  Net_Dbg_CM3_L.lib(net_common.o)
    0x08017048   0x08017048   0x0000000c   Code   RO         2399    .text.net_sys_lock  Net_Dbg_CM3_L.lib(net_sys.o)
    0x08017054   0x08017054   0x00000014   Code   RO         2433    .text.net_sys_resume  Net_Dbg_CM3_L.lib(net_sys.o)
    0x08017068   0x08017068   0x00000018   Code   RO         2407    .text.net_sys_tick  Net_Dbg_CM3_L.lib(net_sys.o)
    0x08017080   0x08017080   0x0000000c   Code   RO         2401    .text.net_sys_unlock  Net_Dbg_CM3_L.lib(net_sys.o)
    0x0801708c   0x0801708c   0x00000020   Code   RO         2409    .text.net_sys_wakeup  Net_Dbg_CM3_L.lib(net_sys.o)
    0x080170ac   0x080170ac   0x00000074   Code   RO         2031    .text.net_tcp_abort  Net_Dbg_CM3_L.lib(net_tcp.o)
    0x08017120   0x08017120   0x00000104   Code   RO         2027    .text.net_tcp_close  Net_Dbg_CM3_L.lib(net_tcp.o)
    0x08017224   0x08017224   0x00000034   Code   RO         2039    .text.net_tcp_get_buf  Net_Dbg_CM3_L.lib(net_tcp.o)
    0x08017258   0x08017258   0x0000002c   Code   RO         2063    .text.net_tcp_get_local_port  Net_Dbg_CM3_L.lib(net_tcp.o)
    0x08017284   0x08017284   0x00000020   Code   RO         2035    .text.net_tcp_get_mss  Net_Dbg_CM3_L.lib(net_tcp.o)
    0x080172a4   0x080172a4   0x00000044   Code   RO         2067    .text.net_tcp_get_peer  Net_Dbg_CM3_L.lib(net_tcp.o)
    0x080172e8   0x080172e8   0x00000074   Code   RO         2011    .text.net_tcp_get_socket  Net_Dbg_CM3_L.lib(net_tcp.o)
    0x0801735c   0x0801735c   0x00000024   Code   RO         2051    .text.net_tcp_get_state  Net_Dbg_CM3_L.lib(net_tcp.o)
    0x08017380   0x08017380   0x0000002c   Code   RO         2071    .text.net_tcp_get_timer  Net_Dbg_CM3_L.lib(net_tcp.o)
    0x080173ac   0x080173ac   0x000000ac   Code   RO         2019    .text.net_tcp_listen  Net_Dbg_CM3_L.lib(net_tcp.o)
    0x08017458   0x08017458   0x00000b4c   Code   RO         2105    .text.net_tcp_process  Net_Dbg_CM3_L.lib(net_tcp.o)
    0x08017fa4   0x08017fa4   0x00000174   Code   RO         2047    .text.net_tcp_send  Net_Dbg_CM3_L.lib(net_tcp.o)
    0x08018118   0x08018118   0x0000013c   Code   RO         2059    .text.net_tcp_set_option  Net_Dbg_CM3_L.lib(net_tcp.o)
    0x08018254   0x08018254   0x00000024   Code   RO         2073    .text.net_tcp_socket_init  Net_Dbg_CM3_L.lib(net_tcp.o)
    0x08018278   0x08018278   0x0000044c   Code   RO         2097    .text.net_tcp_socket_run  Net_Dbg_CM3_L.lib(net_tcp.o)
    0x080186c4   0x080186c4   0x00000040   Code   RO         1955    .text.net_udp_close  Net_Dbg_CM3_L.lib(net_udp.o)
    0x08018704   0x08018704   0x00000034   Code   RO         1959    .text.net_udp_get_buf  Net_Dbg_CM3_L.lib(net_udp.o)
    0x08018738   0x08018738   0x00000068   Code   RO         1943    .text.net_udp_get_socket  Net_Dbg_CM3_L.lib(net_udp.o)
    0x080187a0   0x080187a0   0x000000c0   Code   RO         1951    .text.net_udp_open  Net_Dbg_CM3_L.lib(net_udp.o)
    0x08018860   0x08018860   0x0000017c   Code   RO         1989    .text.net_udp_process  Net_Dbg_CM3_L.lib(net_udp.o)
    0x080189dc   0x080189dc   0x00000014   Code   RO         1983    .text.net_udp_send  Net_Dbg_CM3_L.lib(net_udp.o)
    0x080189f0   0x080189f0   0x00000230   Code   RO         1963    .text.net_udp_send_if  Net_Dbg_CM3_L.lib(net_udp.o)
    0x08018c20   0x08018c20   0x00000020   Code   RO         1973    .text.net_udp_socket_init  Net_Dbg_CM3_L.lib(net_udp.o)
    0x08018c40   0x08018c40   0x00000008   Code   RO         2781    .text.net_ultoa     Net_Dbg_CM3_L.lib(net_common.o)
    0x08018c48   0x08018c48   0x00000040   Code   RO         2779    .text.net_ultox     Net_Dbg_CM3_L.lib(net_common.o)
    0x08018c88   0x08018c88   0x0000001a   Code   RO         2799    .text.net_xtouc     Net_Dbg_CM3_L.lib(net_common.o)
    0x08018ca2   0x08018ca2   0x0000005a   Code   RO         2803    .text.net_xtoul     Net_Dbg_CM3_L.lib(net_common.o)
    0x08018cfc   0x08018cfc   0x0000001c   Code   RO         2381    .text.ping_send_req  Net_Dbg_CM3_L.lib(net_ping_core.o)
    0x08018d18   0x08018d18   0x00000018   Code   RO         1900    .text.que_free_list  Net_Dbg_CM3_L.lib(net_ip4_frag.o)
    0x08018d30   0x08018d30   0x000000a4   Code   RO         2271    .text.read_script_line  Net_Dbg_CM3_L.lib(net_http_server.o)
    0x08018dd4   0x08018dd4   0x00000048   Code   RO         2295    .text.search_delim  Net_Dbg_CM3_L.lib(net_http_server.o)
    0x08018e1c   0x08018e1c   0x00000108   Code   RO         2346    .text.sntp_listener  Net_Dbg_CM3_L.lib(net_sntp_client_core.o)
    0x08018f24   0x08018f24   0x00000040   Code   RO         2350    .text.sntp_send_message  Net_Dbg_CM3_L.lib(net_sntp_client_core.o)
    0x08018f64   0x08018f64   0x00000018   Code   RO         2354    .text.sntp_stop     Net_Dbg_CM3_L.lib(net_sntp_client_core.o)
    0x08018f7c   0x08018f7c   0x00000010   Code   RO         2429    .text.sys_map_if    Net_Dbg_CM3_L.lib(net_sys.o)
    0x08018f8c   0x08018f8c   0x00000088   Code   RO         2109    .text.tcp_parse_opt  Net_Dbg_CM3_L.lib(net_tcp.o)
    0x08019014   0x08019014   0x00000018   Code   RO         2103    .text.tcp_que_free  Net_Dbg_CM3_L.lib(net_tcp.o)
    0x0801902c   0x0801902c   0x0000001c   Code   RO         2101    .text.tcp_que_init  Net_Dbg_CM3_L.lib(net_tcp.o)
    0x08019048   0x08019048   0x000000a4   Code   RO         2099    .text.tcp_que_resend  Net_Dbg_CM3_L.lib(net_tcp.o)
    0x080190ec   0x080190ec   0x00000090   Code   RO         2079    .text.tcp_send_ctrl  Net_Dbg_CM3_L.lib(net_tcp.o)
    0x0801917c   0x0801917c   0x00000080   Code   RO         2083    .text.tcp_send_data  Net_Dbg_CM3_L.lib(net_tcp.o)
    0x080191fc   0x080191fc   0x0000009c   Code   RO         2107    .text.tcp_send_reset  Net_Dbg_CM3_L.lib(net_tcp.o)
    0x08019298   0x08019298   0x00000034   Code   RO         2111    .text.tcp_set_cwnd  Net_Dbg_CM3_L.lib(net_tcp.o)
    0x080192cc   0x080192cc   0x00000074   Code   RO         2081    .text.tcp_transit   Net_Dbg_CM3_L.lib(net_tcp.o)
    0x08019340   0x08019340   0x0000010c   Code   RO         2115    .text.tcp_write     Net_Dbg_CM3_L.lib(net_tcp.o)
    0x0801944c   0x0801944c   0x00000034   Code   RO         1977    .text.udp_port_in_use  Net_Dbg_CM3_L.lib(net_udp.o)
    0x08019480   0x08019480   0x00000054   Code   RO         2783    .text.ul2str        Net_Dbg_CM3_L.lib(net_common.o)
    0x080194d4   0x080194d4   0x00000028   Code   RO         3081    i.__0sprintf        mc_w.l(printfa.o)
    0x080194fc   0x080194fc   0x0000000e   Code   RO         3162    i.__scatterload_copy  mc_w.l(handlers.o)
    0x0801950a   0x0801950a   0x00000002   Code   RO         3163    i.__scatterload_null  mc_w.l(handlers.o)
    0x0801950c   0x0801950c   0x0000000e   Code   RO         3164    i.__scatterload_zeroinit  mc_w.l(handlers.o)
    0x0801951a   0x0801951a   0x00000002   PAD
    0x0801951c   0x0801951c   0x00000184   Code   RO         3086    i._fp_digits        mc_w.l(printfa.o)
    0x080196a0   0x080196a0   0x000006b4   Code   RO         3087    i._printf_core      mc_w.l(printfa.o)
    0x08019d54   0x08019d54   0x00000024   Code   RO         3088    i._printf_post_padding  mc_w.l(printfa.o)
    0x08019d78   0x08019d78   0x0000002e   Code   RO         3089    i._printf_pre_padding  mc_w.l(printfa.o)
    0x08019da6   0x08019da6   0x0000000a   Code   RO         3091    i._sputc            mc_w.l(printfa.o)
    0x08019db0   0x08019db0   0x00000024   Data   RO          178    .constdata          http_server.o
    0x08019dd4   0x08019dd4   0x00000004   Data   RO          278    .constdata          web.o
    0x08019dd8   0x08019dd8   0x0000639f   Data   RO          279    .constdata          web.o
    0x08020177   0x08020177   0x00000001   PAD
    0x08020178   0x08020178   0x000000a0   Data   RO          280    .constdata          web.o
    0x08020218   0x08020218   0x00000960   Data   RO          299    .constdata          lcd_1.o
    0x08020b78   0x08020b78   0x00000018   Data   RO          431    .constdata          led_nucleo_f429zi.o
    0x08020b90   0x08020b90   0x00000024   Data   RO          642    .constdata          rtx_lib.o
    0x08020bb4   0x08020bb4   0x00000024   Data   RO          643    .constdata          rtx_lib.o
    0x08020bd8   0x08020bd8   0x00000018   Data   RO          644    .constdata          rtx_lib.o
    0x08020bf0   0x08020bf0   0x00000004   Data   RO          646    .constdata          rtx_lib.o
    0x08020bf4   0x08020bf4   0x00000004   Data   RO          987    .constdata          phy_lan8742a.o
    0x08020bf8   0x08020bf8   0x00000020   Data   RO          988    .constdata          phy_lan8742a.o
    0x08020c18   0x08020c18   0x00000050   Data   RO         1015    .constdata          emac_stm32f4xx.o
    0x08020c68   0x08020c68   0x00000044   Data   RO         1016    .constdata          emac_stm32f4xx.o
    0x08020cac   0x08020cac   0x00000034   Data   RO         1058    .constdata          spi_stm32f4xx.o
    0x08020ce0   0x08020ce0   0x00000010   Data   RO         1059    .constdata          spi_stm32f4xx.o
    0x08020cf0   0x08020cf0   0x00000010   Data   RO         1060    .constdata          spi_stm32f4xx.o
    0x08020d00   0x08020d00   0x0000002c   Data   RO         1061    .constdata          spi_stm32f4xx.o
    0x08020d2c   0x08020d2c   0x00000018   Data   RO         1097    .constdata          eventrecorder.o
    0x08020d44   0x08020d44   0x00000008   Data   RO         1236    .constdata          stm32f4xx_hal_dma.o
    0x08020d4c   0x08020d4c   0x00000010   Data   RO         1580    .constdata          system_stm32f4xx_1.o
    0x08020d5c   0x08020d5c   0x00000008   Data   RO         1581    .constdata          system_stm32f4xx_1.o
    0x08020d64   0x08020d64   0x000000a8   Data   RO         1624    .constdata          net_config.o
    0x08020e0c   0x08020e0c   0x0000001c   Data   RO         1625    .constdata          net_config.o
    0x08020e28   0x08020e28   0x00000014   Data   RO         1626    .constdata          net_config.o
    0x08020e3c   0x08020e3c   0x0000000c   Data   RO         1627    .constdata          net_config.o
    0x08020e48   0x08020e48   0x00000028   Data   RO         1628    .constdata          net_config.o
    0x08020e70   0x08020e70   0x0000002c   Data   RO         1629    .constdata          net_config.o
    0x08020e9c   0x08020e9c   0x00000008   Data   RO         1630    .constdata          net_config.o
    0x08020ea4   0x08020ea4   0x00000008   Data   RO         1631    .constdata          net_config.o
    0x08020eac   0x08020eac   0x00000008   Data   RO         1632    .constdata          net_config.o
    0x08020eb4   0x08020eb4   0x00000008   Data   RO         1633    .constdata          net_config.o
    0x08020ebc   0x08020ebc   0x00000008   Data   RO         1634    .constdata          net_config.o
    0x08020ec4   0x08020ec4   0x00000008   Data   RO         1635    .constdata          net_config.o
    0x08020ecc   0x08020ecc   0x00000008   Data   RO         1636    .constdata          net_config.o
    0x08020ed4   0x08020ed4   0x00000004   Data   RO         1638    .constdata          net_config.o
    0x08020ed8   0x08020ed8   0x00000008   Data   RO         1639    .constdata          net_config.o
    0x08020ee0   0x08020ee0   0x0000000c   Data   RO         1640    .constdata          net_config.o
    0x08020eec   0x08020eec   0x00000018   Data   RO         1641    .constdata          net_config.o
    0x08020f04   0x08020f04   0x00000034   Data   RO         1642    .constdata          net_config.o
    0x08020f38   0x08020f38   0x00000008   Data   RO         1643    .constdata          net_config.o
    0x08020f40   0x08020f40   0x0000002c   Data   RO         1644    .constdata          net_config.o
    0x08020f6c   0x08020f6c   0x00000024   Data   RO         1645    .constdata          net_config.o
    0x08020f90   0x08020f90   0x00000010   Data   RO         1647    .constdata          net_config.o
    0x08020fa0   0x08020fa0   0x00000010   Data   RO         1648    .constdata          net_config.o
    0x08020fb0   0x08020fb0   0x0000000c   Data   RO         2828    .constdata          mc_w.l(localtime.o)
    0x08020fbc   0x08020fbc   0x000000da   Data   RO          243    .conststring        http_server_cgi.o
    0x08021096   0x08021096   0x00000002   PAD
    0x08021098   0x08021098   0x00000078   Data   RO         1649    .conststring        net_config.o
    0x08021110   0x08021110   0x0000000d   Data   RO         1650    .conststring        net_config.o
    0x0802111d   0x0802111d   0x00000003   PAD
    0x08021120   0x08021120   0x00000038   Data   RO         1651    .conststring        net_config.o
    0x08021158   0x08021158   0x00000001   Data   RO         1652    .conststring        net_config.o
    0x08021159   0x08021159   0x00000003   PAD
    0x0802115c   0x0802115c   0x0000000f   Data   RO         1653    .conststring        net_config.o
    0x0802116b   0x0802116b   0x00000001   PAD
    0x0802116c   0x0802116c   0x0000000b   Data   RO          586    .conststrlit        rtx_kernel.o
    0x08021177   0x08021177   0x00000001   PAD
    0x08021178   0x08021178   0x000000a8   Data   RO          647    .rodata             rtx_lib.o
    0x08021220   0x08021220   0x00000018   Data   RO         2322    .rodata.DMonth      Net_Dbg_CM3_L.lib(net_http_server.o)
    0x08021238   0x08021238   0x00000040   Data   RO         2327    .rodata.Method      Net_Dbg_CM3_L.lib(net_http_server.o)
    0x08021278   0x08021278   0x00000030   Data   RO         2326    .rodata.Month       Net_Dbg_CM3_L.lib(net_http_server.o)
    0x080212a8   0x080212a8   0x0000001c   Data   RO         2325    .rodata.WkDay       Net_Dbg_CM3_L.lib(net_http_server.o)
    0x080212c4   0x080212c4   0x00000010   Data   RO         2805    .rodata.cst16       Net_Dbg_CM3_L.lib(net_common.o)
    0x080212d4   0x080212d4   0x00000090   Data   RO         2328    .rodata.http_set_ftype.ftype  Net_Dbg_CM3_L.lib(net_http_server.o)
    0x08021364   0x08021364   0x00000004   Data   RO         2643    .rodata.net_addr4_loopback  Net_Dbg_CM3_L.lib(net_ip4.o)
    0x08021368   0x08021368   0x00000010   Data   RO         2681    .rodata.net_addr6_all_nodes  Net_Dbg_CM3_L.lib(net_ip6.o)
    0x08021378   0x08021378   0x00000010   Data   RO         2683    .rodata.net_addr6_loopback  Net_Dbg_CM3_L.lib(net_ip6.o)
    0x08021388   0x08021388   0x00000006   Data   RO         2516    .rodata.net_addr_bcast  Net_Dbg_CM3_L.lib(net_addr.o)
    0x0802138e   0x0802138e   0x00000010   Data   RO         2515    .rodata.net_addr_unspec  Net_Dbg_CM3_L.lib(net_addr.o)
    0x0802139e   0x0802139e   0x00000002   PAD
    0x080213a0   0x080213a0   0x00000018   Data   RO         2716    .rodata.net_http_error  Net_Dbg_CM3_L.lib(net_http_server_err.o)
    0x080213b8   0x080213b8   0x00000004   Data   RO         2814    .rodata.net_lib_version  Net_Dbg_CM3_L.lib(net_version.o)
    0x080213bc   0x080213bc   0x0000002c   Data   RO         1884    .rodata.net_loop_if_config  Net_Dbg_CM3_L.lib(net_loopback.o)
    0x080213e8   0x080213e8   0x00000012   Data   RO         2387    .rodata.net_ping_payload  Net_Dbg_CM3_L.lib(net_ping_core.o)
    0x080213fa   0x080213fa   0x000001a7   Data   RO         2323    .rodata.str1.1      Net_Dbg_CM3_L.lib(net_http_server.o)
    0x080215a1   0x080215a1   0x000001f8   Data   RO         2715    .rodata.str1.1      Net_Dbg_CM3_L.lib(net_http_server_err.o)
    0x08021799   0x08021799   0x00000001   PAD
    0x0802179a   0x0802179a   0x00000006   Data   RO         2324    .rodata.utc_to_http.DYear  Net_Dbg_CM3_L.lib(net_http_server.o)
    0x080217a0   0x080217a0   0x00000030   Data   RO         3161    Region$$Table       anon$$obj.o


    Execution Region RW_IRAM2 (Exec base: 0x10000000, Load base: 0x0802190c, Size: 0x000004a4, Max: 0x00010000, ABSOLUTE)

    Exec Addr    Load Addr    Size         Type   Attr      Idx    E Section Name        Object

    0x10000000        -       0x000004a4   Zero   RW         1096    .bss.noinit         eventrecorder.o


    Execution Region RW_IRAM1 (Exec base: 0x20000000, Load base: 0x080217d0, Size: 0x0000f6a8, Max: 0x00030000, ABSOLUTE, COMPRESSED[0x0000013c])

    Exec Addr    Load Addr    Size         Type   Attr      Idx    E Section Name        Object

    0x20000000   COMPRESSED   0x00008000   Data   RW          634    .bss.os             rtx_lib.o
    0x20008000   COMPRESSED   0x00000040   Data   RW          635    .bss.os             rtx_lib.o
    0x20008040   COMPRESSED   0x00000001   Data   RW          939    .bss.os             os_systick.o
    0x20008041   COMPRESSED   0x00000003   PAD
    0x20008044   COMPRESSED   0x00000034   Data   RW          636    .bss.os.msgqueue.cb  rtx_lib.o
    0x20008078   COMPRESSED   0x00000050   Data   RW          637    .bss.os.msgqueue.mem  rtx_lib.o
    0x200080c8   COMPRESSED   0x0000001c   Data   RW         1618    .bss.os.mutex.cb    net_config.o
    0x200080e4   COMPRESSED   0x0000001c   Data   RW         1619    .bss.os.mutex.cb    net_config.o
    0x20008100   COMPRESSED   0x00000010   Data   RW         1620    .bss.os.semaphore.cb  net_config.o
    0x20008110   COMPRESSED   0x00000044   Data   RW          638    .bss.os.thread.cb   rtx_lib.o
    0x20008154   COMPRESSED   0x00000044   Data   RW          639    .bss.os.thread.cb   rtx_lib.o
    0x20008198   COMPRESSED   0x00000044   Data   RW         1621    .bss.os.thread.cb   net_config.o
    0x200081dc   COMPRESSED   0x00000044   Data   RW         1622    .bss.os.thread.cb   net_config.o
    0x20008220   COMPRESSED   0x00000200   Data   RW          640    .bss.os.thread.idle.stack  rtx_lib.o
    0x20008420   COMPRESSED   0x00000200   Data   RW          641    .bss.os.thread.timer.stack  rtx_lib.o
    0x20008620   COMPRESSED   0x00000020   Data   RW         1623    .bss.os.timer.cb    net_config.o
    0x20008640   COMPRESSED   0x00000004   Data   RW            5    .data               main.o
    0x20008644   COMPRESSED   0x00000036   Data   RW          179    .data               http_server.o
    0x2000867a   COMPRESSED   0x00000002   PAD
    0x2000867c   COMPRESSED   0x00000008   Data   RW          244    .data               http_server_cgi.o
    0x20008684   COMPRESSED   0x00000008   Data   RW          300    .data               lcd_1.o
    0x2000868c   COMPRESSED   0x00000001   Data   RW          335    .data               adc.o
    0x2000868d   COMPRESSED   0x00000003   PAD
    0x20008690   COMPRESSED   0x00000008   Data   RW          365    .data               rtc.o
    0x20008698   COMPRESSED   0x00000008   Data   RW          404    .data               pwr.o
    0x200086a0   COMPRESSED   0x0000000c   Data   RW         1130    .data               stm32f4xx_hal.o
    0x200086ac   COMPRESSED   0x00000004   Data   RW         1582    .data               system_stm32f4xx_1.o
    0x200086b0   COMPRESSED   0x00000004   Data   RW         1654    .data               net_config.o
    0x200086b4   COMPRESSED   0x00000006   Data   RW         1655    .data               net_config.o
    0x200086ba   COMPRESSED   0x00000004   Data   RW         1656    .data               net_config.o
    0x200086be   COMPRESSED   0x00000002   PAD
    0x200086c0   COMPRESSED   0x000000a4   Data   RW          587    .data.os            rtx_kernel.o
    0x20008764   COMPRESSED   0x00000004   PAD
    0x20008768        -       0x00000400   Zero   RW          176    .bss                http_server.o
    0x20008b68        -       0x00000040   Zero   RW          177    .bss                http_server.o
    0x20008ba8        -       0x0000009c   Zero   RW          242    .bss                http_server_cgi.o
    0x20008c44        -       0x00000240   Zero   RW          298    .bss                lcd_1.o
    0x20008e84        -       0x00000048   Zero   RW          334    .bss                adc.o
    0x20008ecc        -       0x00000098   Zero   RW          364    .bss                rtc.o
    0x20008f64        -       0x00000020   Zero   RW          403    .bss                pwr.o
    0x20008f84        -       0x0000000c   Zero   RW          986    .bss                phy_lan8742a.o
    0x20008f90        -       0x000024cc   Zero   RW         1014    .bss                emac_stm32f4xx.o
    0x2000b45c        -       0x00000010   Zero   RW         1056    .bss                spi_stm32f4xx.o
    0x2000b46c        -       0x0000001c   Zero   RW         1057    .bss                spi_stm32f4xx.o
    0x2000b488        -       0x00000400   Zero   RW         1609    .bss                net_config.o
    0x2000b888        -       0x00000400   Zero   RW         1610    .bss                net_config.o
    0x2000bc88        -       0x00002ee0   Zero   RW         1611    .bss                net_config.o
    0x2000eb68        -       0x000000c8   Zero   RW         1612    .bss                net_config.o
    0x2000ec30        -       0x00000018   Zero   RW         1613    .bss                net_config.o
    0x2000ec48        -       0x00000028   Zero   RW         1614    .bss                net_config.o
    0x2000ec70        -       0x00000050   Zero   RW         1615    .bss                net_config.o
    0x2000ecc0        -       0x00000228   Zero   RW         1616    .bss                net_config.o
    0x2000eee8        -       0x00000168   Zero   RW         1617    .bss                net_config.o
    0x2000f050        -       0x0000002c   Zero   RW         2827    .bss                mc_w.l(localtime.o)
    0x2000f07c        -       0x00000055   Zero   RW         2329    .bss..L_MergedGlobals  Net_Dbg_CM3_L.lib(net_http_server.o)
    0x2000f0d1   COMPRESSED   0x00000003   PAD
    0x2000f0d4        -       0x00000038   Zero   RW         2440    .bss..L_MergedGlobals  Net_Dbg_CM3_L.lib(net_sys.o)
    0x2000f10c   COMPRESSED   0x00000004   PAD
    0x2000f110        -       0x00000008   Zero   RW         2644    .bss.ip4_control    Net_Dbg_CM3_L.lib(net_ip4.o)
    0x2000f118        -       0x00000004   Zero   RW         2684    .bss.ip6_control    Net_Dbg_CM3_L.lib(net_ip6.o)
    0x2000f11c        -       0x00000004   Zero   RW         1885    .bss.loop_control   Net_Dbg_CM3_L.lib(net_loopback.o)
    0x2000f120        -       0x00000014   Zero   RW         2740    .bss.mem_control    Net_Dbg_CM3_L.lib(net_mem.o)
    0x2000f134        -       0x00000001   Zero   RW         2182    .bss.nbns_socket    Net_Dbg_CM3_L.lib(net_nbns_client.o)
    0x2000f135   COMPRESSED   0x00000003   PAD
    0x2000f138        -       0x00000010   Zero   RW         2520    .bss.net_addr6_get_solicited.buf  Net_Dbg_CM3_L.lib(net_addr.o)
    0x2000f148        -       0x00000024   Zero   RW         2439    .bss.net_dbg_buf    Net_Dbg_CM3_L.lib(net_sys.o)
    0x2000f16c        -       0x00000018   Zero   RW         1861    .bss.net_eth0_arp_control  Net_Dbg_CM3_L.lib(net_arp.o)
    0x2000f184        -       0x00000001   Zero   RW         1927    .bss.net_eth0_icmp_control  Net_Dbg_CM3_L.lib(net_icmp.o)
    0x2000f185   COMPRESSED   0x00000003   PAD
    0x2000f188        -       0x000000a0   Zero   RW         1787    .bss.net_eth0_if_control  Net_Dbg_CM3_L.lib(net_eth.o)
    0x2000f228        -       0x00000004   Zero   RW         1910    .bss.net_ip4_frag_get.dfrag  Net_Dbg_CM3_L.lib(net_ip4_frag.o)
    0x2000f22c        -       0x0000002c   Zero   RW         2388    .bss.net_ping_control  Net_Dbg_CM3_L.lib(net_ping_core.o)
    0x2000f258        -       0x0000002c   Zero   RW         2364    .bss.net_sntp_control  Net_Dbg_CM3_L.lib(net_sntp_client_core.o)
    0x2000f284        -       0x00000001   Zero   RW         2164    .bss.net_tcp_socket_run.socket  Net_Dbg_CM3_L.lib(net_tcp.o)
    0x2000f285   COMPRESSED   0x00000003   PAD
    0x2000f288        -       0x0000001c   Zero   RW         1999    .bss.net_udp_process.addr  Net_Dbg_CM3_L.lib(net_udp.o)
    0x2000f2a4        -       0x00000002   Zero   RW         2000    .bss.udp_alloc_port.port  Net_Dbg_CM3_L.lib(net_udp.o)
    0x2000f2a6   COMPRESSED   0x00000002   PAD
    0x2000f2a8        -       0x00000400   Zero   RW         1569    STACK               startup_stm32f429xx.o


==============================================================================

Image component sizes


      Code (inc. data)   RO Data    RW Data    ZI Data      Debug   Object Name

       284         24          0          1         72       2412   adc.o
      2536        156        148          0       9420      47726   emac_stm32f4xx.o
      1452         40         24          0       1188      17500   eventrecorder.o
       248         36         36         54       1088      11332   http_server.o
      1828        304        218          8        156       7972   http_server_cgi.o
       148          8          0          0          0        644   irq_armv7m.o
      1144         44       2400          8        576       5281   lcd_1.o
       236         10         24          0          0       2845   led_nucleo_f429zi.o
       280         28          0          4          0     839339   main.o
       376         24        793        254      15304      33379   net_config.o
       298          0          0          0          0        838   net_debug.o
       196         12          0          1          0       1996   os_systick.o
       428         10         36          0         12       7002   phy_lan8742a.o
      2768        154          0          8         32       7618   pwr.o
       452         48          0          8        152       4087   rtc.o
         4          0          0          0          0        595   rtx_config.o
       260         14          0          0          0      17978   rtx_delay.o
      2392         88          0          0          0      45241   rtx_evr.o
      1740         96         11        164          0      28128   rtx_kernel.o
        24          0        268      34124          0       9919   rtx_lib.o
       292          0          0          0          0       3863   rtx_memory.o
      1984         48          0          0          0      15268   rtx_mempool.o
      2820         58          0          0          0      23796   rtx_msgqueue.o
      1368         30          0          0          0      10206   rtx_mutex.o
      1432         34          0          0          0      12004   rtx_semaphore.o
       668         18          0          0          0       8581   rtx_system.o
      4892        124          0          0          0      33741   rtx_thread.o
      1152         34          0          0          0      10309   rtx_timer.o
      3164         98        128          0         44      44991   spi_stm32f4xx.o
        36          8        428          0       1024        832   startup_stm32f429xx.o
       456         38          0         12          0      11495   stm32f4xx_hal.o
      2744         92          0          0          0       8875   stm32f4xx_hal_adc.o
      1828         42          0          0          0       6582   stm32f4xx_hal_adc_ex.o
       664         10          0          0          0      36186   stm32f4xx_hal_cortex.o
      1816         28          8          0          0       7689   stm32f4xx_hal_dma.o
       868         54          0          0          0       4039   stm32f4xx_hal_gpio.o
       376         20          0          0          0       3667   stm32f4xx_hal_pwr.o
       612         22          0          0          0       3987   stm32f4xx_hal_pwr_ex.o
      1888         66          0          0          0       6191   stm32f4xx_hal_rcc.o
      1508         80          0          0          0       4745   stm32f4xx_hal_rcc_ex.o
      2416         24          0          0          0       8757   stm32f4xx_hal_rtc.o
      2828         22          0          0          0      13741   stm32f4xx_hal_rtc_ex.o
      9170        166          0          0          0      37684   stm32f4xx_hal_tim.o
      2992         62          0          0          0      13712   stm32f4xx_hal_tim_ex.o
       148         20         24          4          0       1789   system_stm32f4xx_1.o
       120         10      25667          0          0       1720   web.o

    ----------------------------------------------------------------------
     65338       2304      30272      34660      29072    1426282   Object Totals
         0          0         48          0          0          0   (incl. Generated)
         2          0         11         10          4          0   (incl. Padding)

    ----------------------------------------------------------------------

      Code (inc. data)   RO Data    RW Data    ZI Data      Debug   Library Member Name

      1418         24         22          0         16        692   net_addr.o
      2824        138          0          0         24        876   net_arp.o
       822          8         16          0          0        656   net_common.o
      3802        144          0          0        160        684   net_eth.o
      7210        904        737          0         85       1500   net_http_server.o
         0          0        528          0          0          0   net_http_server_err.o
       640         44          0          0          1        132   net_icmp.o
       808         54          0          0          0        160   net_icmp6.o
      1250         88          4          0          8        376   net_ip4.o
       736         32          0          0          4        220   net_ip4_frag.o
      1016         72         32          0          4        348   net_ip6.o
       342         32         44          0          4        136   net_loopback.o
       580         56          0          0         20        212   net_mem.o
       550         40          0          0          1        132   net_nbns_client.o
      3234         76          0          0          0        936   net_ndp.o
       180         28         18          0         44        188   net_ping_core.o
       880         72          0          0         44        336   net_sntp_client_core.o
       812         84          0          0         92        464   net_sys.o
      7158        226          0          0          1       1748   net_tcp.o
      1486         76          0          0         30        712   net_udp.o
         0          0          4          0          0          0   net_version.o
        86          0          0          0          0          0   __dczerorl2.o
         0          0          0          0          0          0   entry.o
         0          0          0          0          0          0   entry10a.o
         0          0          0          0          0          0   entry11a.o
         4          0          0          0          0          0   entry12b.o
         8          4          0          0          0          0   entry2.o
         4          0          0          0          0          0   entry5.o
         0          0          0          0          0          0   entry7b.o
         0          0          0          0          0          0   entry8b.o
         8          4          0          0          0          0   entry9a.o
        30          0          0          0          0          0   handlers.o
        36          8          0          0          0         68   init.o
         0          0          0          0          0          0   iusefp.o
        30          0          0          0          0         68   llshl.o
        36          0          0          0          0         68   llsshr.o
        32          0          0          0          0         68   llushr.o
       148         10         12          0         44         76   localtime.o
        26          0          0          0          0         80   memcmp.o
        36          0          0          0          0         68   memcpya.o
        36          0          0          0          0        108   memseta.o
      2236         86          0          0          0        532   printfa.o
        28          0          0          0          0         76   strcmp.o
        18          0          0          0          0         68   strcpy.o
        14          0          0          0          0         68   strlen.o
        30          0          0          0          0         80   strncmp.o
        44          0          0          0          0         80   uidiv.o
        98          0          0          0          0         92   uldiv.o
        48          0          0          0          0         68   cdrcmple.o
       334          0          0          0          0        148   dadd.o
       222          0          0          0          0        100   ddiv.o
       186          0          0          0          0        176   depilogue.o
        48          0          0          0          0         68   dfixul.o
       228          0          0          0          0         96   dmul.o
        46          0          0          0          0         80   dscalb.o
        38          0          0          0          0         68   f2d.o
       110          0          0          0          0        168   fepilogue.o
        10          0          0          0          0         68   ffltui.o
       100          0          0          0          0         76   fmul.o

    ----------------------------------------------------------------------
     40138       2310       1420          0        600      13224   Library Totals
        32          0          3          0         18          0   (incl. Padding)

    ----------------------------------------------------------------------

      Code (inc. data)   RO Data    RW Data    ZI Data      Debug   Library Name

     35748       2198       1405          0        538      10508   Net_Dbg_CM3_L.lib
      2988        112         12          0         44       1600   mc_w.l
      1370          0          0          0          0       1116   mf_w.l

    ----------------------------------------------------------------------
     40138       2310       1420          0        600      13224   Library Totals

    ----------------------------------------------------------------------

==============================================================================


      Code (inc. data)   RO Data    RW Data    ZI Data      Debug   

    105476       4614      31692      34660      29672    1433398   Grand Totals
    105476       4614      31692        316      29672    1433398   ELF Image Totals (compressed)
    105476       4614      31692        316          0          0   ROM Totals

==============================================================================

    Total RO  Size (Code + RO Data)               137168 ( 133.95kB)
    Total RW  Size (RW Data + ZI Data)             64332 (  62.82kB)
    Total ROM Size (Code + RO Data + RW Data)     137484 ( 134.26kB)

==============================================================================

